==============================================================================
  k-mer sweep across hashtable implementations
==============================================================================
  input      /opt/datasets/ERR4846928.fastq
  ht-size    2147483648 slots total
  k          [10, 11, 12, 13, 14, 15, 16, 17, 18, 19, 20, 21, 22, 23, 24, 25, 26, 27, 28, 29, 30, 31, 32]   repeats 5
  ht-type 3  dramblast    CASHTPP -- one shared CAS table
              num-threads 128, thread policy 1
  ht-type 8  dramhit      CAS23HTPP -- one shared 2023 CAS table
              num-threads 128, thread policy 1
  ht-type 1  dramhit-p    PARTITIONED_HT -- private table per consumer
              nprod 64 + ncons 64, queue policy 3
  ht-type 12 dramblast-p  CASSTHTPP -- private single-thread table per consumer
              nprod 64 + ncons 64, queue policy 3

------------------------------------------------------------------------------
  ht-type 3 (dramblast)
------------------------------------------------------------------------------
  [pool] planning and reserving for ht-type 3
  [pool]     TOTAL RESERVED   132.0 GiB  =  68.0 GiB staging  +  32.0 GiB table  (the shared table is counted on each of the 2 nodes)
  [pool]  reserve command  /opt/DRAMHiT/scripts/eurosys_2026/collect_kmer/../../reserve_hugepages.sh n0_32gb_34816mb n1_32gb_34816mb
  [run ] ht3 dramblast k=10 rep 1/5
  [run ] ok   set_mops=1816   -> dramblast_ht3_k10_r1_20260918-215435.log
  [run ] ht3 dramblast k=10 rep 2/5
  [run ] ok   set_mops=1936   -> dramblast_ht3_k10_r2_20260918-215435.log
  [run ] ht3 dramblast k=10 rep 3/5
  [run ] ok   set_mops=1816   -> dramblast_ht3_k10_r3_20260918-215435.log
  [run ] ht3 dramblast k=10 rep 4/5
  [run ] ok   set_mops=1977   -> dramblast_ht3_k10_r4_20260918-215435.log
  [run ] ht3 dramblast k=10 rep 5/5
  [run ] ok   set_mops=1818   -> dramblast_ht3_k10_r5_20260918-215435.log
  [run ] ht3 dramblast k=11 rep 1/5
  [run ] ok   set_mops=1896   -> dramblast_ht3_k11_r1_20260918-215435.log
  [run ] ht3 dramblast k=11 rep 2/5
  [run ] ok   set_mops=1760   -> dramblast_ht3_k11_r2_20260918-215435.log
  [run ] ht3 dramblast k=11 rep 3/5
  [run ] ok   set_mops=1895   -> dramblast_ht3_k11_r3_20260918-215435.log
  [run ] ht3 dramblast k=11 rep 4/5
  [run ] ok   set_mops=1762   -> dramblast_ht3_k11_r4_20260918-215435.log
  [run ] ht3 dramblast k=11 rep 5/5
  [run ] ok   set_mops=1895   -> dramblast_ht3_k11_r5_20260918-215435.log
  [run ] ht3 dramblast k=12 rep 1/5
  [run ] ok   set_mops=1733   -> dramblast_ht3_k12_r1_20260918-215435.log
  [run ] ht3 dramblast k=12 rep 2/5
  [run ] ok   set_mops=1955   -> dramblast_ht3_k12_r2_20260918-215435.log
  [run ] ht3 dramblast k=12 rep 3/5
  [run ] ok   set_mops=1733   -> dramblast_ht3_k12_r3_20260918-215435.log
  [run ] ht3 dramblast k=12 rep 4/5
  [run ] ok   set_mops=1957   -> dramblast_ht3_k12_r4_20260918-215435.log
  [run ] ht3 dramblast k=12 rep 5/5
  [run ] ok   set_mops=1734   -> dramblast_ht3_k12_r5_20260918-215435.log
  [run ] ht3 dramblast k=13 rep 1/5
  [run ] ok   set_mops=1787   -> dramblast_ht3_k13_r1_20260918-215435.log
  [run ] ht3 dramblast k=13 rep 2/5
  [run ] ok   set_mops=1910   -> dramblast_ht3_k13_r2_20260918-215435.log
  [run ] ht3 dramblast k=13 rep 3/5
  [run ] ok   set_mops=1786   -> dramblast_ht3_k13_r3_20260918-215435.log
  [run ] ht3 dramblast k=13 rep 4/5
  [run ] ok   set_mops=1910   -> dramblast_ht3_k13_r4_20260918-215435.log
  [run ] ht3 dramblast k=13 rep 5/5
  [run ] ok   set_mops=1785   -> dramblast_ht3_k13_r5_20260918-215435.log
  [run ] ht3 dramblast k=14 rep 1/5
  [run ] ok   set_mops=1779   -> dramblast_ht3_k14_r1_20260918-215435.log
  [run ] ht3 dramblast k=14 rep 2/5
  [run ] ok   set_mops=1590   -> dramblast_ht3_k14_r2_20260918-215435.log
  [run ] ht3 dramblast k=14 rep 3/5
  [run ] ok   set_mops=1776   -> dramblast_ht3_k14_r3_20260918-215435.log
  [run ] ht3 dramblast k=14 rep 4/5
  [run ] ok   set_mops=1591   -> dramblast_ht3_k14_r4_20260918-215435.log
  [run ] ht3 dramblast k=14 rep 5/5
  [run ] ok   set_mops=1776   -> dramblast_ht3_k14_r5_20260918-215435.log
  [run ] ht3 dramblast k=15 rep 1/5
  [run ] ok   set_mops=1688   -> dramblast_ht3_k15_r1_20260918-215435.log
  [run ] ht3 dramblast k=15 rep 2/5
  [run ] ok   set_mops=1924   -> dramblast_ht3_k15_r2_20260918-215435.log
  [run ] ht3 dramblast k=15 rep 3/5
  [run ] ok   set_mops=1688   -> dramblast_ht3_k15_r3_20260918-215435.log
  [run ] ht3 dramblast k=15 rep 4/5
  [run ] ok   set_mops=1926   -> dramblast_ht3_k15_r4_20260918-215435.log
  [run ] ht3 dramblast k=15 rep 5/5
  [run ] ok   set_mops=1686   -> dramblast_ht3_k15_r5_20260918-215435.log
  [run ] ht3 dramblast k=16 rep 1/5
  [run ] ok   set_mops=1947   -> dramblast_ht3_k16_r1_20260918-215435.log
  [run ] ht3 dramblast k=16 rep 2/5
  [run ] ok   set_mops=1930   -> dramblast_ht3_k16_r2_20260918-215435.log
  [run ] ht3 dramblast k=16 rep 3/5
  [run ] ok   set_mops=1945   -> dramblast_ht3_k16_r3_20260918-215435.log
  [run ] ht3 dramblast k=16 rep 4/5
  [run ] ok   set_mops=1929   -> dramblast_ht3_k16_r4_20260918-215435.log
  [run ] ht3 dramblast k=16 rep 5/5
  [run ] ok   set_mops=1945   -> dramblast_ht3_k16_r5_20260918-215435.log
  [run ] ht3 dramblast k=17 rep 1/5
  [run ] ok   set_mops=1948   -> dramblast_ht3_k17_r1_20260918-215435.log
  [run ] ht3 dramblast k=17 rep 2/5
  [run ] ok   set_mops=1963   -> dramblast_ht3_k17_r2_20260918-215435.log
  [run ] ht3 dramblast k=17 rep 3/5
  [run ] ok   set_mops=1949   -> dramblast_ht3_k17_r3_20260918-215435.log
  [run ] ht3 dramblast k=17 rep 4/5
  [run ] ok   set_mops=1964   -> dramblast_ht3_k17_r4_20260918-215435.log
  [run ] ht3 dramblast k=17 rep 5/5
  [run ] ok   set_mops=1948   -> dramblast_ht3_k17_r5_20260918-215435.log
  [run ] ht3 dramblast k=18 rep 1/5
  [run ] ok   set_mops=1989   -> dramblast_ht3_k18_r1_20260918-215435.log
  [run ] ht3 dramblast k=18 rep 2/5
  [run ] ok   set_mops=1963   -> dramblast_ht3_k18_r2_20260918-215435.log
  [run ] ht3 dramblast k=18 rep 3/5
  [run ] ok   set_mops=1988   -> dramblast_ht3_k18_r3_20260918-215435.log
  [run ] ht3 dramblast k=18 rep 4/5
  [run ] ok   set_mops=1962   -> dramblast_ht3_k18_r4_20260918-215435.log
  [run ] ht3 dramblast k=18 rep 5/5
  [run ] ok   set_mops=1990   -> dramblast_ht3_k18_r5_20260918-215435.log
  [run ] ht3 dramblast k=19 rep 1/5
  [run ] ok   set_mops=1817   -> dramblast_ht3_k19_r1_20260918-215435.log
  [run ] ht3 dramblast k=19 rep 2/5
  [run ] ok   set_mops=1985   -> dramblast_ht3_k19_r2_20260918-215435.log
  [run ] ht3 dramblast k=19 rep 3/5
  [run ] ok   set_mops=1818   -> dramblast_ht3_k19_r3_20260918-215435.log
  [run ] ht3 dramblast k=19 rep 4/5
  [run ] ok   set_mops=1986   -> dramblast_ht3_k19_r4_20260918-215435.log
  [run ] ht3 dramblast k=19 rep 5/5
  [run ] ok   set_mops=1815   -> dramblast_ht3_k19_r5_20260918-215435.log
  [run ] ht3 dramblast k=20 rep 1/5
  [run ] ok   set_mops=1793   -> dramblast_ht3_k20_r1_20260918-215435.log
  [run ] ht3 dramblast k=20 rep 2/5
  [run ] ok   set_mops=1785   -> dramblast_ht3_k20_r2_20260918-215435.log
  [run ] ht3 dramblast k=20 rep 3/5
  [run ] ok   set_mops=1798   -> dramblast_ht3_k20_r3_20260918-215435.log
  [run ] ht3 dramblast k=20 rep 4/5
  [run ] ok   set_mops=1786   -> dramblast_ht3_k20_r4_20260918-215435.log
  [run ] ht3 dramblast k=20 rep 5/5
  [run ] ok   set_mops=1799   -> dramblast_ht3_k20_r5_20260918-215435.log
  [run ] ht3 dramblast k=21 rep 1/5
  [run ] ok   set_mops=1975   -> dramblast_ht3_k21_r1_20260918-215435.log
  [run ] ht3 dramblast k=21 rep 2/5
  [run ] ok   set_mops=2005   -> dramblast_ht3_k21_r2_20260918-215435.log
  [run ] ht3 dramblast k=21 rep 3/5
  [run ] ok   set_mops=1976   -> dramblast_ht3_k21_r3_20260918-215435.log
  [run ] ht3 dramblast k=21 rep 4/5
  [run ] ok   set_mops=2007   -> dramblast_ht3_k21_r4_20260918-215435.log
  [run ] ht3 dramblast k=21 rep 5/5
  [run ] ok   set_mops=1976   -> dramblast_ht3_k21_r5_20260918-215435.log
  [run ] ht3 dramblast k=22 rep 1/5
  [run ] ok   set_mops=1998   -> dramblast_ht3_k22_r1_20260918-215435.log
  [run ] ht3 dramblast k=22 rep 2/5
  [run ] ok   set_mops=1994   -> dramblast_ht3_k22_r2_20260918-215435.log
  [run ] ht3 dramblast k=22 rep 3/5
  [run ] ok   set_mops=1997   -> dramblast_ht3_k22_r3_20260918-215435.log
  [run ] ht3 dramblast k=22 rep 4/5
  [run ] ok   set_mops=1993   -> dramblast_ht3_k22_r4_20260918-215435.log
  [run ] ht3 dramblast k=22 rep 5/5
  [run ] ok   set_mops=1999   -> dramblast_ht3_k22_r5_20260918-215435.log
  [run ] ht3 dramblast k=23 rep 1/5
  [run ] ok   set_mops=1986   -> dramblast_ht3_k23_r1_20260918-215435.log
  [run ] ht3 dramblast k=23 rep 2/5
  [run ] ok   set_mops=1981   -> dramblast_ht3_k23_r2_20260918-215435.log
  [run ] ht3 dramblast k=23 rep 3/5
  [run ] ok   set_mops=1985   -> dramblast_ht3_k23_r3_20260918-215435.log
  [run ] ht3 dramblast k=23 rep 4/5
  [run ] ok   set_mops=1982   -> dramblast_ht3_k23_r4_20260918-215435.log
  [run ] ht3 dramblast k=23 rep 5/5
  [run ] ok   set_mops=1986   -> dramblast_ht3_k23_r5_20260918-215435.log
  [run ] ht3 dramblast k=24 rep 1/5
  [run ] ok   set_mops=2018   -> dramblast_ht3_k24_r1_20260918-215435.log
  [run ] ht3 dramblast k=24 rep 2/5
  [run ] ok   set_mops=1969   -> dramblast_ht3_k24_r2_20260918-215435.log
  [run ] ht3 dramblast k=24 rep 3/5
  [run ] ok   set_mops=2023   -> dramblast_ht3_k24_r3_20260918-215435.log
  [run ] ht3 dramblast k=24 rep 4/5
  [run ] ok   set_mops=1969   -> dramblast_ht3_k24_r4_20260918-215435.log
  [run ] ht3 dramblast k=24 rep 5/5
  [run ] ok   set_mops=2021   -> dramblast_ht3_k24_r5_20260918-215435.log
  [run ] ht3 dramblast k=25 rep 1/5
  [run ] ok   set_mops=1987   -> dramblast_ht3_k25_r1_20260918-215435.log
  [run ] ht3 dramblast k=25 rep 2/5
  [run ] ok   set_mops=2038   -> dramblast_ht3_k25_r2_20260918-215435.log
  [run ] ht3 dramblast k=25 rep 3/5
  [run ] ok   set_mops=1986   -> dramblast_ht3_k25_r3_20260918-215435.log
  [run ] ht3 dramblast k=25 rep 4/5
  [run ] ok   set_mops=2040   -> dramblast_ht3_k25_r4_20260918-215435.log
  [run ] ht3 dramblast k=25 rep 5/5
  [run ] ok   set_mops=1988   -> dramblast_ht3_k25_r5_20260918-215435.log
  [run ] ht3 dramblast k=26 rep 1/5
  [run ] ok   set_mops=2022   -> dramblast_ht3_k26_r1_20260918-215435.log
  [run ] ht3 dramblast k=26 rep 2/5
  [run ] ok   set_mops=1995   -> dramblast_ht3_k26_r2_20260918-215435.log
  [run ] ht3 dramblast k=26 rep 3/5
  [run ] ok   set_mops=2023   -> dramblast_ht3_k26_r3_20260918-215435.log
  [run ] ht3 dramblast k=26 rep 4/5
  [run ] ok   set_mops=1998   -> dramblast_ht3_k26_r4_20260918-215435.log
  [run ] ht3 dramblast k=26 rep 5/5
  [run ] ok   set_mops=2023   -> dramblast_ht3_k26_r5_20260918-215435.log
  [run ] ht3 dramblast k=27 rep 1/5
  [run ] ok   set_mops=1859   -> dramblast_ht3_k27_r1_20260918-215435.log
  [run ] ht3 dramblast k=27 rep 2/5
  [run ] ok   set_mops=1843   -> dramblast_ht3_k27_r2_20260918-215435.log
  [run ] ht3 dramblast k=27 rep 3/5
  [run ] ok   set_mops=1859   -> dramblast_ht3_k27_r3_20260918-215435.log
  [run ] ht3 dramblast k=27 rep 4/5
  [run ] ok   set_mops=1845   -> dramblast_ht3_k27_r4_20260918-215435.log
  [run ] ht3 dramblast k=27 rep 5/5
  [run ] ok   set_mops=1859   -> dramblast_ht3_k27_r5_20260918-215435.log
  [run ] ht3 dramblast k=28 rep 1/5
  [run ] ok   set_mops=1861   -> dramblast_ht3_k28_r1_20260918-215435.log
  [run ] ht3 dramblast k=28 rep 2/5
  [run ] ok   set_mops=2053   -> dramblast_ht3_k28_r2_20260918-215435.log
  [run ] ht3 dramblast k=28 rep 3/5
  [run ] ok   set_mops=1860   -> dramblast_ht3_k28_r3_20260918-215435.log
  [run ] ht3 dramblast k=28 rep 4/5
  [run ] ok   set_mops=2054   -> dramblast_ht3_k28_r4_20260918-215435.log
  [run ] ht3 dramblast k=28 rep 5/5
  [run ] ok   set_mops=1860   -> dramblast_ht3_k28_r5_20260918-215435.log
  [run ] ht3 dramblast k=29 rep 1/5
  [run ] ok   set_mops=2066   -> dramblast_ht3_k29_r1_20260918-215435.log
  [run ] ht3 dramblast k=29 rep 2/5
  [run ] ok   set_mops=2036   -> dramblast_ht3_k29_r2_20260918-215435.log
  [run ] ht3 dramblast k=29 rep 3/5
  [run ] ok   set_mops=2068   -> dramblast_ht3_k29_r3_20260918-215435.log
  [run ] ht3 dramblast k=29 rep 4/5
  [run ] ok   set_mops=2035   -> dramblast_ht3_k29_r4_20260918-215435.log
  [run ] ht3 dramblast k=29 rep 5/5
  [run ] ok   set_mops=2067   -> dramblast_ht3_k29_r5_20260918-215435.log
  [run ] ht3 dramblast k=30 rep 1/5
  [run ] ok   set_mops=2090   -> dramblast_ht3_k30_r1_20260918-215435.log
  [run ] ht3 dramblast k=30 rep 2/5
  [run ] ok   set_mops=2070   -> dramblast_ht3_k30_r2_20260918-215435.log
  [run ] ht3 dramblast k=30 rep 3/5
  [run ] ok   set_mops=2083   -> dramblast_ht3_k30_r3_20260918-215435.log
  [run ] ht3 dramblast k=30 rep 4/5
  [run ] ok   set_mops=2068   -> dramblast_ht3_k30_r4_20260918-215435.log
  [run ] ht3 dramblast k=30 rep 5/5
  [run ] ok   set_mops=2088   -> dramblast_ht3_k30_r5_20260918-215435.log
  [run ] ht3 dramblast k=31 rep 1/5
  [run ] ok   set_mops=2087   -> dramblast_ht3_k31_r1_20260918-215435.log
  [run ] ht3 dramblast k=31 rep 2/5
  [run ] ok   set_mops=2097   -> dramblast_ht3_k31_r2_20260918-215435.log
  [run ] ht3 dramblast k=31 rep 3/5
  [run ] ok   set_mops=2086   -> dramblast_ht3_k31_r3_20260918-215435.log
  [run ] ht3 dramblast k=31 rep 4/5
  [run ] ok   set_mops=2100   -> dramblast_ht3_k31_r4_20260918-215435.log
  [run ] ht3 dramblast k=31 rep 5/5
  [run ] ok   set_mops=2090   -> dramblast_ht3_k31_r5_20260918-215435.log
  [run ] ht3 dramblast k=32 rep 1/5
  [run ] ok   set_mops=2113   -> dramblast_ht3_k32_r1_20260918-215435.log
  [run ] ht3 dramblast k=32 rep 2/5
  [run ] ok   set_mops=2096   -> dramblast_ht3_k32_r2_20260918-215435.log
  [run ] ht3 dramblast k=32 rep 3/5
  [run ] ok   set_mops=2111   -> dramblast_ht3_k32_r3_20260918-215435.log
  [run ] ht3 dramblast k=32 rep 4/5
  [run ] ok   set_mops=2098   -> dramblast_ht3_k32_r4_20260918-215435.log
  [run ] ht3 dramblast k=32 rep 5/5
  [run ] ok   set_mops=2091   -> dramblast_ht3_k32_r5_20260918-215435.log

------------------------------------------------------------------------------
  ht-type 8 (dramhit)
------------------------------------------------------------------------------
  [pool] unchanged from the previous ht-type, keeping it
  [run ] ht8 dramhit k=10 rep 1/5
  [run ] ok   set_mops=1423   -> dramhit_ht8_k10_r1_20260918-215435.log
  [run ] ht8 dramhit k=10 rep 2/5
  [run ] ok   set_mops=1317   -> dramhit_ht8_k10_r2_20260918-215435.log
  [run ] ht8 dramhit k=10 rep 3/5
  [run ] ok   set_mops=1421   -> dramhit_ht8_k10_r3_20260918-215435.log
  [run ] ht8 dramhit k=10 rep 4/5
  [run ] ok   set_mops=1314   -> dramhit_ht8_k10_r4_20260918-215435.log
  [run ] ht8 dramhit k=10 rep 5/5
  [run ] ok   set_mops=1421   -> dramhit_ht8_k10_r5_20260918-215435.log
  [run ] ht8 dramhit k=11 rep 1/5
  [run ] ok   set_mops=1312   -> dramhit_ht8_k11_r1_20260918-215435.log
  [run ] ht8 dramhit k=11 rep 2/5
  [run ] ok   set_mops=1422   -> dramhit_ht8_k11_r2_20260918-215435.log
  [run ] ht8 dramhit k=11 rep 3/5
  [run ] ok   set_mops=1313   -> dramhit_ht8_k11_r3_20260918-215435.log
  [run ] ht8 dramhit k=11 rep 4/5
  [run ] ok   set_mops=1422   -> dramhit_ht8_k11_r4_20260918-215435.log
  [run ] ht8 dramhit k=11 rep 5/5
  [run ] ok   set_mops=1311   -> dramhit_ht8_k11_r5_20260918-215435.log
  [run ] ht8 dramhit k=12 rep 1/5
  [run ] ok   set_mops=1437   -> dramhit_ht8_k12_r1_20260918-215435.log
  [run ] ht8 dramhit k=12 rep 2/5
  [run ] ok   set_mops=1298   -> dramhit_ht8_k12_r2_20260918-215435.log
  [run ] ht8 dramhit k=12 rep 3/5
  [run ] ok   set_mops=1436   -> dramhit_ht8_k12_r3_20260918-215435.log
  [run ] ht8 dramhit k=12 rep 4/5
  [run ] ok   set_mops=1299   -> dramhit_ht8_k12_r4_20260918-215435.log
  [run ] ht8 dramhit k=12 rep 5/5
  [run ] ok   set_mops=1435   -> dramhit_ht8_k12_r5_20260918-215435.log
  [run ] ht8 dramhit k=13 rep 1/5
  [run ] ok   set_mops=1439   -> dramhit_ht8_k13_r1_20260918-215435.log
  [run ] ht8 dramhit k=13 rep 2/5
  [run ] ok   set_mops=1286   -> dramhit_ht8_k13_r2_20260918-215435.log
  [run ] ht8 dramhit k=13 rep 3/5
  [run ] ok   set_mops=1440   -> dramhit_ht8_k13_r3_20260918-215435.log
  [run ] ht8 dramhit k=13 rep 4/5
  [run ] ok   set_mops=1285   -> dramhit_ht8_k13_r4_20260918-215435.log
  [run ] ht8 dramhit k=13 rep 5/5
  [run ] ok   set_mops=1437   -> dramhit_ht8_k13_r5_20260918-215435.log
  [run ] ht8 dramhit k=14 rep 1/5
  [run ] ok   set_mops=1174   -> dramhit_ht8_k14_r1_20260918-215435.log
  [run ] ht8 dramhit k=14 rep 2/5
  [run ] ok   set_mops=1321   -> dramhit_ht8_k14_r2_20260918-215435.log
  [run ] ht8 dramhit k=14 rep 3/5
  [run ] ok   set_mops=1173   -> dramhit_ht8_k14_r3_20260918-215435.log
  [run ] ht8 dramhit k=14 rep 4/5
  [run ] ok   set_mops=1322   -> dramhit_ht8_k14_r4_20260918-215435.log
  [run ] ht8 dramhit k=14 rep 5/5
  [run ] ok   set_mops=1171   -> dramhit_ht8_k14_r5_20260918-215435.log
  [run ] ht8 dramhit k=15 rep 1/5
  [run ] ok   set_mops=1467   -> dramhit_ht8_k15_r1_20260918-215435.log
  [run ] ht8 dramhit k=15 rep 2/5
  [run ] ok   set_mops=1241   -> dramhit_ht8_k15_r2_20260918-215435.log
  [run ] ht8 dramhit k=15 rep 3/5
  [run ] ok   set_mops=1467   -> dramhit_ht8_k15_r3_20260918-215435.log
  [run ] ht8 dramhit k=15 rep 4/5
  [run ] ok   set_mops=1241   -> dramhit_ht8_k15_r4_20260918-215435.log
  [run ] ht8 dramhit k=15 rep 5/5
  [run ] ok   set_mops=1464   -> dramhit_ht8_k15_r5_20260918-215435.log
  [run ] ht8 dramhit k=16 rep 1/5
  [run ] ok   set_mops=1441   -> dramhit_ht8_k16_r1_20260918-215435.log
  [run ] ht8 dramhit k=16 rep 2/5
  [run ] ok   set_mops=1444   -> dramhit_ht8_k16_r2_20260918-215435.log
  [run ] ht8 dramhit k=16 rep 3/5
  [run ] ok   set_mops=1442   -> dramhit_ht8_k16_r3_20260918-215435.log
  [run ] ht8 dramhit k=16 rep 4/5
  [run ] ok   set_mops=1441   -> dramhit_ht8_k16_r4_20260918-215435.log
  [run ] ht8 dramhit k=16 rep 5/5
  [run ] ok   set_mops=1442   -> dramhit_ht8_k16_r5_20260918-215435.log
  [run ] ht8 dramhit k=17 rep 1/5
  [run ] ok   set_mops=1445   -> dramhit_ht8_k17_r1_20260918-215435.log
  [run ] ht8 dramhit k=17 rep 2/5
  [run ] ok   set_mops=1451   -> dramhit_ht8_k17_r2_20260918-215435.log
  [run ] ht8 dramhit k=17 rep 3/5
  [run ] ok   set_mops=1446   -> dramhit_ht8_k17_r3_20260918-215435.log
  [run ] ht8 dramhit k=17 rep 4/5
  [run ] ok   set_mops=1452   -> dramhit_ht8_k17_r4_20260918-215435.log
  [run ] ht8 dramhit k=17 rep 5/5
  [run ] ok   set_mops=1445   -> dramhit_ht8_k17_r5_20260918-215435.log
  [run ] ht8 dramhit k=18 rep 1/5
  [run ] ok   set_mops=1445   -> dramhit_ht8_k18_r1_20260918-215435.log
  [run ] ht8 dramhit k=18 rep 2/5
  [run ] ok   set_mops=1459   -> dramhit_ht8_k18_r2_20260918-215435.log
  [run ] ht8 dramhit k=18 rep 3/5
  [run ] ok   set_mops=1439   -> dramhit_ht8_k18_r3_20260918-215435.log
  [run ] ht8 dramhit k=18 rep 4/5
  [run ] ok   set_mops=1459   -> dramhit_ht8_k18_r4_20260918-215435.log
  [run ] ht8 dramhit k=18 rep 5/5
  [run ] ok   set_mops=1444   -> dramhit_ht8_k18_r5_20260918-215435.log
  [run ] ht8 dramhit k=19 rep 1/5
  [run ] ok   set_mops=1459   -> dramhit_ht8_k19_r1_20260918-215435.log
  [run ] ht8 dramhit k=19 rep 2/5
  [run ] ok   set_mops=1303   -> dramhit_ht8_k19_r2_20260918-215435.log
  [run ] ht8 dramhit k=19 rep 3/5
  [run ] ok   set_mops=1455   -> dramhit_ht8_k19_r3_20260918-215435.log
  [run ] ht8 dramhit k=19 rep 4/5
  [run ] ok   set_mops=1302   -> dramhit_ht8_k19_r4_20260918-215435.log
  [run ] ht8 dramhit k=19 rep 5/5
  [run ] ok   set_mops=1454   -> dramhit_ht8_k19_r5_20260918-215435.log
  [run ] ht8 dramhit k=20 rep 1/5
  [run ] ok   set_mops=1296   -> dramhit_ht8_k20_r1_20260918-215435.log
  [run ] ht8 dramhit k=20 rep 2/5
  [run ] ok   set_mops=1319   -> dramhit_ht8_k20_r2_20260918-215435.log
  [run ] ht8 dramhit k=20 rep 3/5
  [run ] ok   set_mops=1297   -> dramhit_ht8_k20_r3_20260918-215435.log
  [run ] ht8 dramhit k=20 rep 4/5
  [run ] ok   set_mops=1319   -> dramhit_ht8_k20_r4_20260918-215435.log
  [run ] ht8 dramhit k=20 rep 5/5
  [run ] ok   set_mops=1295   -> dramhit_ht8_k20_r5_20260918-215435.log
  [run ] ht8 dramhit k=21 rep 1/5
  [run ] ok   set_mops=1474   -> dramhit_ht8_k21_r1_20260918-215435.log
  [run ] ht8 dramhit k=21 rep 2/5
  [run ] ok   set_mops=1464   -> dramhit_ht8_k21_r2_20260918-215435.log
  [run ] ht8 dramhit k=21 rep 3/5
  [run ] ok   set_mops=1474   -> dramhit_ht8_k21_r3_20260918-215435.log
  [run ] ht8 dramhit k=21 rep 4/5
  [run ] ok   set_mops=1468   -> dramhit_ht8_k21_r4_20260918-215435.log
  [run ] ht8 dramhit k=21 rep 5/5
  [run ] ok   set_mops=1477   -> dramhit_ht8_k21_r5_20260918-215435.log
  [run ] ht8 dramhit k=22 rep 1/5
  [run ] ok   set_mops=1467   -> dramhit_ht8_k22_r1_20260918-215435.log
  [run ] ht8 dramhit k=22 rep 2/5
  [run ] ok   set_mops=1476   -> dramhit_ht8_k22_r2_20260918-215435.log
  [run ] ht8 dramhit k=22 rep 3/5
  [run ] ok   set_mops=1474   -> dramhit_ht8_k22_r3_20260918-215435.log
  [run ] ht8 dramhit k=22 rep 4/5
  [run ] ok   set_mops=1474   -> dramhit_ht8_k22_r4_20260918-215435.log
  [run ] ht8 dramhit k=22 rep 5/5
  [run ] ok   set_mops=1473   -> dramhit_ht8_k22_r5_20260918-215435.log
  [run ] ht8 dramhit k=23 rep 1/5
  [run ] ok   set_mops=1479   -> dramhit_ht8_k23_r1_20260918-215435.log
  [run ] ht8 dramhit k=23 rep 2/5
  [run ] ok   set_mops=1481   -> dramhit_ht8_k23_r2_20260918-215435.log
  [run ] ht8 dramhit k=23 rep 3/5
  [run ] ok   set_mops=1479   -> dramhit_ht8_k23_r3_20260918-215435.log
  [run ] ht8 dramhit k=23 rep 4/5
  [run ] ok   set_mops=1480   -> dramhit_ht8_k23_r4_20260918-215435.log
  [run ] ht8 dramhit k=23 rep 5/5
  [run ] ok   set_mops=1476   -> dramhit_ht8_k23_r5_20260918-215435.log
  [run ] ht8 dramhit k=24 rep 1/5
  [run ] ok   set_mops=1480   -> dramhit_ht8_k24_r1_20260918-215435.log
  [run ] ht8 dramhit k=24 rep 2/5
  [run ] ok   set_mops=1496   -> dramhit_ht8_k24_r2_20260918-215435.log
  [run ] ht8 dramhit k=24 rep 3/5
  [run ] ok   set_mops=1477   -> dramhit_ht8_k24_r3_20260918-215435.log
  [run ] ht8 dramhit k=24 rep 4/5
  [run ] ok   set_mops=1492   -> dramhit_ht8_k24_r4_20260918-215435.log
  [run ] ht8 dramhit k=24 rep 5/5
  [run ] ok   set_mops=1477   -> dramhit_ht8_k24_r5_20260918-215435.log
  [run ] ht8 dramhit k=25 rep 1/5
  [run ] ok   set_mops=1513   -> dramhit_ht8_k25_r1_20260918-215435.log
  [run ] ht8 dramhit k=25 rep 2/5
  [run ] ok   set_mops=1462   -> dramhit_ht8_k25_r2_20260918-215435.log
  [run ] ht8 dramhit k=25 rep 3/5
  [run ] ok   set_mops=1510   -> dramhit_ht8_k25_r3_20260918-215435.log
  [run ] ht8 dramhit k=25 rep 4/5
  [run ] ok   set_mops=1461   -> dramhit_ht8_k25_r4_20260918-215435.log
  [run ] ht8 dramhit k=25 rep 5/5
  [run ] ok   set_mops=1513   -> dramhit_ht8_k25_r5_20260918-215435.log
  [run ] ht8 dramhit k=26 rep 1/5
  [run ] ok   set_mops=1490   -> dramhit_ht8_k26_r1_20260918-215435.log
  [run ] ht8 dramhit k=26 rep 2/5
  [run ] ok   set_mops=1528   -> dramhit_ht8_k26_r2_20260918-215435.log
  [run ] ht8 dramhit k=26 rep 3/5
  [run ] ok   set_mops=1489   -> dramhit_ht8_k26_r3_20260918-215435.log
  [run ] ht8 dramhit k=26 rep 4/5
  [run ] ok   set_mops=1521   -> dramhit_ht8_k26_r4_20260918-215435.log
  [run ] ht8 dramhit k=26 rep 5/5
  [run ] ok   set_mops=1487   -> dramhit_ht8_k26_r5_20260918-215435.log
  [run ] ht8 dramhit k=27 rep 1/5
  [run ] ok   set_mops=1363   -> dramhit_ht8_k27_r1_20260918-215435.log
  [run ] ht8 dramhit k=27 rep 2/5
  [run ] ok   set_mops=1343   -> dramhit_ht8_k27_r2_20260918-215435.log
  [run ] ht8 dramhit k=27 rep 3/5
  [run ] ok   set_mops=1364   -> dramhit_ht8_k27_r3_20260918-215435.log
  [run ] ht8 dramhit k=27 rep 4/5
  [run ] ok   set_mops=1341   -> dramhit_ht8_k27_r4_20260918-215435.log
  [run ] ht8 dramhit k=27 rep 5/5
  [run ] ok   set_mops=1365   -> dramhit_ht8_k27_r5_20260918-215435.log
  [run ] ht8 dramhit k=28 rep 1/5
  [run ] ok   set_mops=1521   -> dramhit_ht8_k28_r1_20260918-215435.log
  [run ] ht8 dramhit k=28 rep 2/5
  [run ] ok   set_mops=1349   -> dramhit_ht8_k28_r2_20260918-215435.log
  [run ] ht8 dramhit k=28 rep 3/5
  [run ] ok   set_mops=1521   -> dramhit_ht8_k28_r3_20260918-215435.log
  [run ] ht8 dramhit k=28 rep 4/5
  [run ] ok   set_mops=1349   -> dramhit_ht8_k28_r4_20260918-215435.log
  [run ] ht8 dramhit k=28 rep 5/5
  [run ] ok   set_mops=1518   -> dramhit_ht8_k28_r5_20260918-215435.log
  [run ] ht8 dramhit k=29 rep 1/5
  [run ] ok   set_mops=1502   -> dramhit_ht8_k29_r1_20260918-215435.log
  [run ] ht8 dramhit k=29 rep 2/5
  [run ] ok   set_mops=1508   -> dramhit_ht8_k29_r2_20260918-215435.log
  [run ] ht8 dramhit k=29 rep 3/5
  [run ] ok   set_mops=1500   -> dramhit_ht8_k29_r3_20260918-215435.log
  [run ] ht8 dramhit k=29 rep 4/5
  [run ] ok   set_mops=1505   -> dramhit_ht8_k29_r4_20260918-215435.log
  [run ] ht8 dramhit k=29 rep 5/5
  [run ] ok   set_mops=1503   -> dramhit_ht8_k29_r5_20260918-215435.log
  [run ] ht8 dramhit k=30 rep 1/5
  [run ] ok   set_mops=1538   -> dramhit_ht8_k30_r1_20260918-215435.log
  [run ] ht8 dramhit k=30 rep 2/5
  [run ] ok   set_mops=1547   -> dramhit_ht8_k30_r2_20260918-215435.log
  [run ] ht8 dramhit k=30 rep 3/5
  [run ] ok   set_mops=1543   -> dramhit_ht8_k30_r3_20260918-215435.log
  [run ] ht8 dramhit k=30 rep 4/5
  [run ] ok   set_mops=1544   -> dramhit_ht8_k30_r4_20260918-215435.log
  [run ] ht8 dramhit k=30 rep 5/5
  [run ] ok   set_mops=1538   -> dramhit_ht8_k30_r5_20260918-215435.log
  [run ] ht8 dramhit k=31 rep 1/5
  [run ] ok   set_mops=1581   -> dramhit_ht8_k31_r1_20260918-215435.log
  [run ] ht8 dramhit k=31 rep 2/5
  [run ] ok   set_mops=1575   -> dramhit_ht8_k31_r2_20260918-215435.log
  [run ] ht8 dramhit k=31 rep 3/5
  [run ] ok   set_mops=1579   -> dramhit_ht8_k31_r3_20260918-215435.log
  [run ] ht8 dramhit k=31 rep 4/5
  [run ] ok   set_mops=1571   -> dramhit_ht8_k31_r4_20260918-215435.log
  [run ] ht8 dramhit k=31 rep 5/5
  [run ] ok   set_mops=1584   -> dramhit_ht8_k31_r5_20260918-215435.log
  [run ] ht8 dramhit k=32 rep 1/5
  [run ] ok   set_mops=1593   -> dramhit_ht8_k32_r1_20260918-215435.log
  [run ] ht8 dramhit k=32 rep 2/5
  [run ] ok   set_mops=1591   -> dramhit_ht8_k32_r2_20260918-215435.log
  [run ] ht8 dramhit k=32 rep 3/5
  [run ] ok   set_mops=1588   -> dramhit_ht8_k32_r3_20260918-215435.log
  [run ] ht8 dramhit k=32 rep 4/5
  [run ] ok   set_mops=1588   -> dramhit_ht8_k32_r4_20260918-215435.log
  [run ] ht8 dramhit k=32 rep 5/5
  [run ] ok   set_mops=1587   -> dramhit_ht8_k32_r5_20260918-215435.log

------------------------------------------------------------------------------
  ht-type 1 (dramhit-p)
------------------------------------------------------------------------------
  [pool] planning and reserving for ht-type 1
  [pool]     TOTAL RESERVED   99.8 GiB  =  67.8 GiB staging  +  32.0 GiB table
  [pool]  reserve command  /opt/DRAMHiT/scripts/eurosys_2026/collect_kmer/../../reserve_hugepages.sh n0_32gb_18304mb n1_32gb_18304mb
  [run ] ht1 dramhit-p k=10 rep 1/5
  [run ] ok   set_mops=2035   -> dramhit-p_ht1_k10_r1_20260918-215435.log
  [run ] ht1 dramhit-p k=10 rep 2/5
  [run ] ok   set_mops=2030   -> dramhit-p_ht1_k10_r2_20260918-215435.log
  [run ] ht1 dramhit-p k=10 rep 3/5
  [run ] ok   set_mops=2014   -> dramhit-p_ht1_k10_r3_20260918-215435.log
  [run ] ht1 dramhit-p k=10 rep 4/5
  [run ] ok   set_mops=2039   -> dramhit-p_ht1_k10_r4_20260918-215435.log
  [run ] ht1 dramhit-p k=10 rep 5/5
  [run ] ok   set_mops=2025   -> dramhit-p_ht1_k10_r5_20260918-215435.log
  [run ] ht1 dramhit-p k=11 rep 1/5
  [run ] ok   set_mops=2034   -> dramhit-p_ht1_k11_r1_20260918-215435.log
  [run ] ht1 dramhit-p k=11 rep 2/5
  [run ] ok   set_mops=2029   -> dramhit-p_ht1_k11_r2_20260918-215435.log
  [run ] ht1 dramhit-p k=11 rep 3/5
  [run ] ok   set_mops=2011   -> dramhit-p_ht1_k11_r3_20260918-215435.log
  [run ] ht1 dramhit-p k=11 rep 4/5
  [run ] ok   set_mops=2032   -> dramhit-p_ht1_k11_r4_20260918-215435.log
  [run ] ht1 dramhit-p k=11 rep 5/5
  [run ] ok   set_mops=2032   -> dramhit-p_ht1_k11_r5_20260918-215435.log
  [run ] ht1 dramhit-p k=12 rep 1/5
  [run ] ok   set_mops=1980   -> dramhit-p_ht1_k12_r1_20260918-215435.log
  [run ] ht1 dramhit-p k=12 rep 2/5
  [run ] ok   set_mops=1965   -> dramhit-p_ht1_k12_r2_20260918-215435.log
  [run ] ht1 dramhit-p k=12 rep 3/5
  [run ] ok   set_mops=1978   -> dramhit-p_ht1_k12_r3_20260918-215435.log
  [run ] ht1 dramhit-p k=12 rep 4/5
  [run ] ok   set_mops=1979   -> dramhit-p_ht1_k12_r4_20260918-215435.log
  [run ] ht1 dramhit-p k=12 rep 5/5
  [run ] ok   set_mops=1989   -> dramhit-p_ht1_k12_r5_20260918-215435.log
  [run ] ht1 dramhit-p k=13 rep 1/5
  [run ] ok   set_mops=1897   -> dramhit-p_ht1_k13_r1_20260918-215435.log
  [run ] ht1 dramhit-p k=13 rep 2/5
  [run ] ok   set_mops=1904   -> dramhit-p_ht1_k13_r2_20260918-215435.log
  [run ] ht1 dramhit-p k=13 rep 3/5
  [run ] ok   set_mops=1907   -> dramhit-p_ht1_k13_r3_20260918-215435.log
  [run ] ht1 dramhit-p k=13 rep 4/5
  [run ] ok   set_mops=1908   -> dramhit-p_ht1_k13_r4_20260918-215435.log
  [run ] ht1 dramhit-p k=13 rep 5/5
  [run ] ok   set_mops=1900   -> dramhit-p_ht1_k13_r5_20260918-215435.log
  [run ] ht1 dramhit-p k=14 rep 1/5
  [run ] ok   set_mops=1871   -> dramhit-p_ht1_k14_r1_20260918-215435.log
  [run ] ht1 dramhit-p k=14 rep 2/5
  [run ] ok   set_mops=1860   -> dramhit-p_ht1_k14_r2_20260918-215435.log
  [run ] ht1 dramhit-p k=14 rep 3/5
  [run ] ok   set_mops=1873   -> dramhit-p_ht1_k14_r3_20260918-215435.log
  [run ] ht1 dramhit-p k=14 rep 4/5
  [run ] ok   set_mops=1871   -> dramhit-p_ht1_k14_r4_20260918-215435.log
  [run ] ht1 dramhit-p k=14 rep 5/5
  [run ] ok   set_mops=1867   -> dramhit-p_ht1_k14_r5_20260918-215435.log
  [run ] ht1 dramhit-p k=15 rep 1/5
  [run ] ok   set_mops=1863   -> dramhit-p_ht1_k15_r1_20260918-215435.log
  [run ] ht1 dramhit-p k=15 rep 2/5
  [run ] ok   set_mops=1862   -> dramhit-p_ht1_k15_r2_20260918-215435.log
  [run ] ht1 dramhit-p k=15 rep 3/5
  [run ] ok   set_mops=1861   -> dramhit-p_ht1_k15_r3_20260918-215435.log
  [run ] ht1 dramhit-p k=15 rep 4/5
  [run ] ok   set_mops=1857   -> dramhit-p_ht1_k15_r4_20260918-215435.log
  [run ] ht1 dramhit-p k=15 rep 5/5
  [run ] ok   set_mops=1846   -> dramhit-p_ht1_k15_r5_20260918-215435.log
  [run ] ht1 dramhit-p k=16 rep 1/5
  [run ] ok   set_mops=1829   -> dramhit-p_ht1_k16_r1_20260918-215435.log
  [run ] ht1 dramhit-p k=16 rep 2/5
  [run ] ok   set_mops=1836   -> dramhit-p_ht1_k16_r2_20260918-215435.log
  [run ] ht1 dramhit-p k=16 rep 3/5
  [run ] ok   set_mops=1835   -> dramhit-p_ht1_k16_r3_20260918-215435.log
  [run ] ht1 dramhit-p k=16 rep 4/5
  [run ] ok   set_mops=1826   -> dramhit-p_ht1_k16_r4_20260918-215435.log
  [run ] ht1 dramhit-p k=16 rep 5/5
  [run ] ok   set_mops=1821   -> dramhit-p_ht1_k16_r5_20260918-215435.log
  [run ] ht1 dramhit-p k=17 rep 1/5
  [run ] ok   set_mops=1807   -> dramhit-p_ht1_k17_r1_20260918-215435.log
  [run ] ht1 dramhit-p k=17 rep 2/5
  [run ] ok   set_mops=1803   -> dramhit-p_ht1_k17_r2_20260918-215435.log
  [run ] ht1 dramhit-p k=17 rep 3/5
  [run ] ok   set_mops=1806   -> dramhit-p_ht1_k17_r3_20260918-215435.log
  [run ] ht1 dramhit-p k=17 rep 4/5
  [run ] ok   set_mops=1814   -> dramhit-p_ht1_k17_r4_20260918-215435.log
  [run ] ht1 dramhit-p k=17 rep 5/5
  [run ] ok   set_mops=1791   -> dramhit-p_ht1_k17_r5_20260918-215435.log
  [run ] ht1 dramhit-p k=18 rep 1/5
  [run ] ok   set_mops=1814   -> dramhit-p_ht1_k18_r1_20260918-215435.log
  [run ] ht1 dramhit-p k=18 rep 2/5
  [run ] ok   set_mops=1813   -> dramhit-p_ht1_k18_r2_20260918-215435.log
  [run ] ht1 dramhit-p k=18 rep 3/5
  [run ] ok   set_mops=1815   -> dramhit-p_ht1_k18_r3_20260918-215435.log
  [run ] ht1 dramhit-p k=18 rep 4/5
  [run ] ok   set_mops=1812   -> dramhit-p_ht1_k18_r4_20260918-215435.log
  [run ] ht1 dramhit-p k=18 rep 5/5
  [run ] ok   set_mops=1813   -> dramhit-p_ht1_k18_r5_20260918-215435.log
  [run ] ht1 dramhit-p k=19 rep 1/5
  [run ] ok   set_mops=1818   -> dramhit-p_ht1_k19_r1_20260918-215435.log
  [run ] ht1 dramhit-p k=19 rep 2/5
  [run ] ok   set_mops=1836   -> dramhit-p_ht1_k19_r2_20260918-215435.log
  [run ] ht1 dramhit-p k=19 rep 3/5
  [run ] ok   set_mops=1824   -> dramhit-p_ht1_k19_r3_20260918-215435.log
  [run ] ht1 dramhit-p k=19 rep 4/5
  [run ] ok   set_mops=1829   -> dramhit-p_ht1_k19_r4_20260918-215435.log
  [run ] ht1 dramhit-p k=19 rep 5/5
  [run ] ok   set_mops=1830   -> dramhit-p_ht1_k19_r5_20260918-215435.log
  [run ] ht1 dramhit-p k=20 rep 1/5
  [run ] ok   set_mops=1832   -> dramhit-p_ht1_k20_r1_20260918-215435.log
  [run ] ht1 dramhit-p k=20 rep 2/5
  [run ] ok   set_mops=1834   -> dramhit-p_ht1_k20_r2_20260918-215435.log
  [run ] ht1 dramhit-p k=20 rep 3/5
  [run ] ok   set_mops=1836   -> dramhit-p_ht1_k20_r3_20260918-215435.log
  [run ] ht1 dramhit-p k=20 rep 4/5
  [run ] ok   set_mops=1831   -> dramhit-p_ht1_k20_r4_20260918-215435.log
  [run ] ht1 dramhit-p k=20 rep 5/5
  [run ] ok   set_mops=1820   -> dramhit-p_ht1_k20_r5_20260918-215435.log
  [run ] ht1 dramhit-p k=21 rep 1/5
  [run ] ok   set_mops=1820   -> dramhit-p_ht1_k21_r1_20260918-215435.log
  [run ] ht1 dramhit-p k=21 rep 2/5
  [run ] ok   set_mops=1807   -> dramhit-p_ht1_k21_r2_20260918-215435.log
  [run ] ht1 dramhit-p k=21 rep 3/5
  [run ] ok   set_mops=1820   -> dramhit-p_ht1_k21_r3_20260918-215435.log
  [run ] ht1 dramhit-p k=21 rep 4/5
  [run ] ok   set_mops=1814   -> dramhit-p_ht1_k21_r4_20260918-215435.log
  [run ] ht1 dramhit-p k=21 rep 5/5
  [run ] ok   set_mops=1820   -> dramhit-p_ht1_k21_r5_20260918-215435.log
  [run ] ht1 dramhit-p k=22 rep 1/5
  [run ] ok   set_mops=1805   -> dramhit-p_ht1_k22_r1_20260918-215435.log
  [run ] ht1 dramhit-p k=22 rep 2/5
  [run ] ok   set_mops=1819   -> dramhit-p_ht1_k22_r2_20260918-215435.log
  [run ] ht1 dramhit-p k=22 rep 3/5
  [run ] ok   set_mops=1822   -> dramhit-p_ht1_k22_r3_20260918-215435.log
  [run ] ht1 dramhit-p k=22 rep 4/5
  [run ] ok   set_mops=1820   -> dramhit-p_ht1_k22_r4_20260918-215435.log
  [run ] ht1 dramhit-p k=22 rep 5/5
  [run ] ok   set_mops=1815   -> dramhit-p_ht1_k22_r5_20260918-215435.log
  [run ] ht1 dramhit-p k=23 rep 1/5
  [run ] ok   set_mops=1815   -> dramhit-p_ht1_k23_r1_20260918-215435.log
  [run ] ht1 dramhit-p k=23 rep 2/5
  [run ] ok   set_mops=1815   -> dramhit-p_ht1_k23_r2_20260918-215435.log
  [run ] ht1 dramhit-p k=23 rep 3/5
  [run ] ok   set_mops=1812   -> dramhit-p_ht1_k23_r3_20260918-215435.log
  [run ] ht1 dramhit-p k=23 rep 4/5
  [run ] ok   set_mops=1814   -> dramhit-p_ht1_k23_r4_20260918-215435.log
  [run ] ht1 dramhit-p k=23 rep 5/5
  [run ] ok   set_mops=1811   -> dramhit-p_ht1_k23_r5_20260918-215435.log
  [run ] ht1 dramhit-p k=24 rep 1/5
  [run ] ok   set_mops=1826   -> dramhit-p_ht1_k24_r1_20260918-215435.log
  [run ] ht1 dramhit-p k=24 rep 2/5
  [run ] ok   set_mops=1826   -> dramhit-p_ht1_k24_r2_20260918-215435.log
  [run ] ht1 dramhit-p k=24 rep 3/5
  [run ] ok   set_mops=1823   -> dramhit-p_ht1_k24_r3_20260918-215435.log
  [run ] ht1 dramhit-p k=24 rep 4/5
  [run ] ok   set_mops=1815   -> dramhit-p_ht1_k24_r4_20260918-215435.log
  [run ] ht1 dramhit-p k=24 rep 5/5
  [run ] ok   set_mops=1796   -> dramhit-p_ht1_k24_r5_20260918-215435.log
  [run ] ht1 dramhit-p k=25 rep 1/5
  [run ] ok   set_mops=1838   -> dramhit-p_ht1_k25_r1_20260918-215435.log
  [run ] ht1 dramhit-p k=25 rep 2/5
  [run ] ok   set_mops=1826   -> dramhit-p_ht1_k25_r2_20260918-215435.log
  [run ] ht1 dramhit-p k=25 rep 3/5
  [run ] ok   set_mops=1831   -> dramhit-p_ht1_k25_r3_20260918-215435.log
  [run ] ht1 dramhit-p k=25 rep 4/5
  [run ] ok   set_mops=1839   -> dramhit-p_ht1_k25_r4_20260918-215435.log
  [run ] ht1 dramhit-p k=25 rep 5/5
  [run ] ok   set_mops=1818   -> dramhit-p_ht1_k25_r5_20260918-215435.log
  [run ] ht1 dramhit-p k=26 rep 1/5
  [run ] ok   set_mops=1826   -> dramhit-p_ht1_k26_r1_20260918-215435.log
  [run ] ht1 dramhit-p k=26 rep 2/5
  [run ] ok   set_mops=1818   -> dramhit-p_ht1_k26_r2_20260918-215435.log
  [run ] ht1 dramhit-p k=26 rep 3/5
  [run ] ok   set_mops=1825   -> dramhit-p_ht1_k26_r3_20260918-215435.log
  [run ] ht1 dramhit-p k=26 rep 4/5
  [run ] ok   set_mops=1822   -> dramhit-p_ht1_k26_r4_20260918-215435.log
  [run ] ht1 dramhit-p k=26 rep 5/5
  [run ] ok   set_mops=1819   -> dramhit-p_ht1_k26_r5_20260918-215435.log
  [run ] ht1 dramhit-p k=27 rep 1/5
  [run ] ok   set_mops=1806   -> dramhit-p_ht1_k27_r1_20260918-215435.log
  [run ] ht1 dramhit-p k=27 rep 2/5
  [run ] ok   set_mops=1810   -> dramhit-p_ht1_k27_r2_20260918-215435.log
  [run ] ht1 dramhit-p k=27 rep 3/5
  [run ] ok   set_mops=1807   -> dramhit-p_ht1_k27_r3_20260918-215435.log
  [run ] ht1 dramhit-p k=27 rep 4/5
  [run ] ok   set_mops=1807   -> dramhit-p_ht1_k27_r4_20260918-215435.log
  [run ] ht1 dramhit-p k=27 rep 5/5
  [run ] ok   set_mops=1807   -> dramhit-p_ht1_k27_r5_20260918-215435.log
  [run ] ht1 dramhit-p k=28 rep 1/5
  [run ] ok   set_mops=1810   -> dramhit-p_ht1_k28_r1_20260918-215435.log
  [run ] ht1 dramhit-p k=28 rep 2/5
  [run ] ok   set_mops=1401   -> dramhit-p_ht1_k28_r2_20260918-215435.log
  [run ] ht1 dramhit-p k=28 rep 3/5
  [run ] ok   set_mops=1805   -> dramhit-p_ht1_k28_r3_20260918-215435.log
  [run ] ht1 dramhit-p k=28 rep 4/5
  [run ] ok   set_mops=1803   -> dramhit-p_ht1_k28_r4_20260918-215435.log
  [run ] ht1 dramhit-p k=28 rep 5/5
  [run ] ok   set_mops=1774   -> dramhit-p_ht1_k28_r5_20260918-215435.log
  [run ] ht1 dramhit-p k=29 rep 1/5
  [run ] ok   set_mops=1692   -> dramhit-p_ht1_k29_r1_20260918-215435.log
  [run ] ht1 dramhit-p k=29 rep 2/5
  [run ] ok   set_mops=1688   -> dramhit-p_ht1_k29_r2_20260918-215435.log
  [run ] ht1 dramhit-p k=29 rep 3/5
  [run ] ok   set_mops=1681   -> dramhit-p_ht1_k29_r3_20260918-215435.log
  [run ] ht1 dramhit-p k=29 rep 4/5
  [run ] ok   set_mops=1690   -> dramhit-p_ht1_k29_r4_20260918-215435.log
  [run ] ht1 dramhit-p k=29 rep 5/5
  [run ] ok   set_mops=1662   -> dramhit-p_ht1_k29_r5_20260918-215435.log
  [run ] ht1 dramhit-p k=30 rep 1/5
  [run ] ok   set_mops=1740   -> dramhit-p_ht1_k30_r1_20260918-215435.log
  [run ] ht1 dramhit-p k=30 rep 2/5
  [run ] ok   set_mops=1749   -> dramhit-p_ht1_k30_r2_20260918-215435.log
  [run ] ht1 dramhit-p k=30 rep 3/5
  [run ] ok   set_mops=1749   -> dramhit-p_ht1_k30_r3_20260918-215435.log
  [run ] ht1 dramhit-p k=30 rep 4/5
  [run ] ok   set_mops=1733   -> dramhit-p_ht1_k30_r4_20260918-215435.log
  [run ] ht1 dramhit-p k=30 rep 5/5
  [run ] ok   set_mops=1750   -> dramhit-p_ht1_k30_r5_20260918-215435.log
  [run ] ht1 dramhit-p k=31 rep 1/5
  [run ] ok   set_mops=1800   -> dramhit-p_ht1_k31_r1_20260918-215435.log
  [run ] ht1 dramhit-p k=31 rep 2/5
  [run ] ok   set_mops=1791   -> dramhit-p_ht1_k31_r2_20260918-215435.log
  [run ] ht1 dramhit-p k=31 rep 3/5
  [run ] ok   set_mops=1790   -> dramhit-p_ht1_k31_r3_20260918-215435.log
  [run ] ht1 dramhit-p k=31 rep 4/5
  [run ] ok   set_mops=1788   -> dramhit-p_ht1_k31_r4_20260918-215435.log
  [run ] ht1 dramhit-p k=31 rep 5/5
  [run ] ok   set_mops=1795   -> dramhit-p_ht1_k31_r5_20260918-215435.log
  [run ] ht1 dramhit-p k=32 rep 1/5
  [run ] ok   set_mops=1742   -> dramhit-p_ht1_k32_r1_20260918-215435.log
  [run ] ht1 dramhit-p k=32 rep 2/5
  [run ] ok   set_mops=1756   -> dramhit-p_ht1_k32_r2_20260918-215435.log
  [run ] ht1 dramhit-p k=32 rep 3/5
  [run ] ok   set_mops=1756   -> dramhit-p_ht1_k32_r3_20260918-215435.log
  [run ] ht1 dramhit-p k=32 rep 4/5
  [run ] ok   set_mops=1757   -> dramhit-p_ht1_k32_r4_20260918-215435.log
  [run ] ht1 dramhit-p k=32 rep 5/5
  [run ] ok   set_mops=1754   -> dramhit-p_ht1_k32_r5_20260918-215435.log

------------------------------------------------------------------------------
  ht-type 12 (dramblast-p)
------------------------------------------------------------------------------
  [pool] unchanged from the previous ht-type, keeping it
  [run ] ht12 dramblast-p k=10 rep 1/5
  [run ] ok   set_mops=1581   -> dramblast-p_ht12_k10_r1_20260918-215435.log
  [run ] ht12 dramblast-p k=10 rep 2/5
  [run ] ok   set_mops=2222   -> dramblast-p_ht12_k10_r2_20260918-215435.log
  [run ] ht12 dramblast-p k=10 rep 3/5
  [run ] ok   set_mops=2342   -> dramblast-p_ht12_k10_r3_20260918-215435.log
  [run ] ht12 dramblast-p k=10 rep 4/5
  [run ] ok   set_mops=2317   -> dramblast-p_ht12_k10_r4_20260918-215435.log
  [run ] ht12 dramblast-p k=10 rep 5/5
  [run ] ok   set_mops=2330   -> dramblast-p_ht12_k10_r5_20260918-215435.log
  [run ] ht12 dramblast-p k=11 rep 1/5
  [run ] ok   set_mops=1824   -> dramblast-p_ht12_k11_r1_20260918-215435.log
  [run ] ht12 dramblast-p k=11 rep 2/5
  [run ] ok   set_mops=2323   -> dramblast-p_ht12_k11_r2_20260918-215435.log
  [run ] ht12 dramblast-p k=11 rep 3/5
  [run ] ok   set_mops=2314   -> dramblast-p_ht12_k11_r3_20260918-215435.log
  [run ] ht12 dramblast-p k=11 rep 4/5
  [run ] ok   set_mops=2325   -> dramblast-p_ht12_k11_r4_20260918-215435.log
  [run ] ht12 dramblast-p k=11 rep 5/5
  [run ] ok   set_mops=2331   -> dramblast-p_ht12_k11_r5_20260918-215435.log
  [run ] ht12 dramblast-p k=12 rep 1/5
  [run ] ok   set_mops=2142   -> dramblast-p_ht12_k12_r1_20260918-215435.log
  [run ] ht12 dramblast-p k=12 rep 2/5
  [run ] ok   set_mops=2213   -> dramblast-p_ht12_k12_r2_20260918-215435.log
  [run ] ht12 dramblast-p k=12 rep 3/5
  [run ] ok   set_mops=2168   -> dramblast-p_ht12_k12_r3_20260918-215435.log
  [run ] ht12 dramblast-p k=12 rep 4/5
  [run ] ok   set_mops=2197   -> dramblast-p_ht12_k12_r4_20260918-215435.log
  [run ] ht12 dramblast-p k=12 rep 5/5
  [run ] ok   set_mops=2165   -> dramblast-p_ht12_k12_r5_20260918-215435.log
  [run ] ht12 dramblast-p k=13 rep 1/5
  [run ] ok   set_mops=2078   -> dramblast-p_ht12_k13_r1_20260918-215435.log
  [run ] ht12 dramblast-p k=13 rep 2/5
  [run ] ok   set_mops=2099   -> dramblast-p_ht12_k13_r2_20260918-215435.log
  [run ] ht12 dramblast-p k=13 rep 3/5
  [run ] ok   set_mops=2057   -> dramblast-p_ht12_k13_r3_20260918-215435.log
  [run ] ht12 dramblast-p k=13 rep 4/5
  [run ] ok   set_mops=2062   -> dramblast-p_ht12_k13_r4_20260918-215435.log
  [run ] ht12 dramblast-p k=13 rep 5/5
  [run ] ok   set_mops=2018   -> dramblast-p_ht12_k13_r5_20260918-215435.log
  [run ] ht12 dramblast-p k=14 rep 1/5
  [run ] ok   set_mops=2024   -> dramblast-p_ht12_k14_r1_20260918-215435.log
  [run ] ht12 dramblast-p k=14 rep 2/5
  [run ] ok   set_mops=1960   -> dramblast-p_ht12_k14_r2_20260918-215435.log
  [run ] ht12 dramblast-p k=14 rep 3/5
  [run ] ok   set_mops=2018   -> dramblast-p_ht12_k14_r3_20260918-215435.log
  [run ] ht12 dramblast-p k=14 rep 4/5
  [run ] ok   set_mops=2012   -> dramblast-p_ht12_k14_r4_20260918-215435.log
  [run ] ht12 dramblast-p k=14 rep 5/5
  [run ] ok   set_mops=2070   -> dramblast-p_ht12_k14_r5_20260918-215435.log
  [run ] ht12 dramblast-p k=15 rep 1/5
  [run ] ok   set_mops=2004   -> dramblast-p_ht12_k15_r1_20260918-215435.log
  [run ] ht12 dramblast-p k=15 rep 2/5
  [run ] ok   set_mops=1913   -> dramblast-p_ht12_k15_r2_20260918-215435.log
  [run ] ht12 dramblast-p k=15 rep 3/5
  [run ] ok   set_mops=2017   -> dramblast-p_ht12_k15_r3_20260918-215435.log
  [run ] ht12 dramblast-p k=15 rep 4/5
  [run ] ok   set_mops=1961   -> dramblast-p_ht12_k15_r4_20260918-215435.log
  [run ] ht12 dramblast-p k=15 rep 5/5
  [run ] ok   set_mops=2028   -> dramblast-p_ht12_k15_r5_20260918-215435.log
  [run ] ht12 dramblast-p k=16 rep 1/5
  [run ] ok   set_mops=1976   -> dramblast-p_ht12_k16_r1_20260918-215435.log
  [run ] ht12 dramblast-p k=16 rep 2/5
  [run ] ok   set_mops=1916   -> dramblast-p_ht12_k16_r2_20260918-215435.log
  [run ] ht12 dramblast-p k=16 rep 3/5
  [run ] ok   set_mops=2001   -> dramblast-p_ht12_k16_r3_20260918-215435.log
  [run ] ht12 dramblast-p k=16 rep 4/5
  [run ] ok   set_mops=1932   -> dramblast-p_ht12_k16_r4_20260918-215435.log
  [run ] ht12 dramblast-p k=16 rep 5/5
  [run ] ok   set_mops=2008   -> dramblast-p_ht12_k16_r5_20260918-215435.log
  [run ] ht12 dramblast-p k=17 rep 1/5
  [run ] ok   set_mops=1968   -> dramblast-p_ht12_k17_r1_20260918-215435.log
  [run ] ht12 dramblast-p k=17 rep 2/5
  [run ] ok   set_mops=1985   -> dramblast-p_ht12_k17_r2_20260918-215435.log
  [run ] ht12 dramblast-p k=17 rep 3/5
  [run ] ok   set_mops=1980   -> dramblast-p_ht12_k17_r3_20260918-215435.log
  [run ] ht12 dramblast-p k=17 rep 4/5
  [run ] ok   set_mops=1944   -> dramblast-p_ht12_k17_r4_20260918-215435.log
  [run ] ht12 dramblast-p k=17 rep 5/5
  [run ] ok   set_mops=1994   -> dramblast-p_ht12_k17_r5_20260918-215435.log
  [run ] ht12 dramblast-p k=18 rep 1/5
  [run ] ok   set_mops=1986   -> dramblast-p_ht12_k18_r1_20260918-215435.log
  [run ] ht12 dramblast-p k=18 rep 2/5
  [run ] ok   set_mops=1944   -> dramblast-p_ht12_k18_r2_20260918-215435.log
  [run ] ht12 dramblast-p k=18 rep 3/5
  [run ] ok   set_mops=1981   -> dramblast-p_ht12_k18_r3_20260918-215435.log
  [run ] ht12 dramblast-p k=18 rep 4/5
  [run ] ok   set_mops=1988   -> dramblast-p_ht12_k18_r4_20260918-215435.log
  [run ] ht12 dramblast-p k=18 rep 5/5
  [run ] ok   set_mops=1982   -> dramblast-p_ht12_k18_r5_20260918-215435.log
  [run ] ht12 dramblast-p k=19 rep 1/5
  [run ] ok   set_mops=1980   -> dramblast-p_ht12_k19_r1_20260918-215435.log
  [run ] ht12 dramblast-p k=19 rep 2/5
  [run ] ok   set_mops=1984   -> dramblast-p_ht12_k19_r2_20260918-215435.log
  [run ] ht12 dramblast-p k=19 rep 3/5
  [run ] ok   set_mops=1967   -> dramblast-p_ht12_k19_r3_20260918-215435.log
  [run ] ht12 dramblast-p k=19 rep 4/5
  [run ] ok   set_mops=1991   -> dramblast-p_ht12_k19_r4_20260918-215435.log
  [run ] ht12 dramblast-p k=19 rep 5/5
  [run ] ok   set_mops=1981   -> dramblast-p_ht12_k19_r5_20260918-215435.log
  [run ] ht12 dramblast-p k=20 rep 1/5
  [run ] ok   set_mops=1945   -> dramblast-p_ht12_k20_r1_20260918-215435.log
  [run ] ht12 dramblast-p k=20 rep 2/5
  [run ] ok   set_mops=2000   -> dramblast-p_ht12_k20_r2_20260918-215435.log
  [run ] ht12 dramblast-p k=20 rep 3/5
  [run ] ok   set_mops=1952   -> dramblast-p_ht12_k20_r3_20260918-215435.log
  [run ] ht12 dramblast-p k=20 rep 4/5
  [run ] ok   set_mops=1982   -> dramblast-p_ht12_k20_r4_20260918-215435.log
  [run ] ht12 dramblast-p k=20 rep 5/5
  [run ] ok   set_mops=1972   -> dramblast-p_ht12_k20_r5_20260918-215435.log
  [run ] ht12 dramblast-p k=21 rep 1/5
  [run ] ok   set_mops=1928   -> dramblast-p_ht12_k21_r1_20260918-215435.log
  [run ] ht12 dramblast-p k=21 rep 2/5
  [run ] ok   set_mops=1979   -> dramblast-p_ht12_k21_r2_20260918-215435.log
  [run ] ht12 dramblast-p k=21 rep 3/5
  [run ] ok   set_mops=1961   -> dramblast-p_ht12_k21_r3_20260918-215435.log
  [run ] ht12 dramblast-p k=21 rep 4/5
  [run ] ok   set_mops=1960   -> dramblast-p_ht12_k21_r4_20260918-215435.log
  [run ] ht12 dramblast-p k=21 rep 5/5
  [run ] ok   set_mops=1916   -> dramblast-p_ht12_k21_r5_20260918-215435.log
  [run ] ht12 dramblast-p k=22 rep 1/5
  [run ] ok   set_mops=1987   -> dramblast-p_ht12_k22_r1_20260918-215435.log
  [run ] ht12 dramblast-p k=22 rep 2/5
  [run ] ok   set_mops=1973   -> dramblast-p_ht12_k22_r2_20260918-215435.log
  [run ] ht12 dramblast-p k=22 rep 3/5
  [run ] ok   set_mops=1988   -> dramblast-p_ht12_k22_r3_20260918-215435.log
  [run ] ht12 dramblast-p k=22 rep 4/5
  [run ] ok   set_mops=1978   -> dramblast-p_ht12_k22_r4_20260918-215435.log
  [run ] ht12 dramblast-p k=22 rep 5/5
  [run ] ok   set_mops=1909   -> dramblast-p_ht12_k22_r5_20260918-215435.log
  [run ] ht12 dramblast-p k=23 rep 1/5
  [run ] ok   set_mops=1982   -> dramblast-p_ht12_k23_r1_20260918-215435.log
  [run ] ht12 dramblast-p k=23 rep 2/5
  [run ] ok   set_mops=1978   -> dramblast-p_ht12_k23_r2_20260918-215435.log
  [run ] ht12 dramblast-p k=23 rep 3/5
  [run ] ok   set_mops=1984   -> dramblast-p_ht12_k23_r3_20260918-215435.log
  [run ] ht12 dramblast-p k=23 rep 4/5
  [run ] ok   set_mops=1520   -> dramblast-p_ht12_k23_r4_20260918-215435.log
  [run ] ht12 dramblast-p k=23 rep 5/5
  [run ] ok   set_mops=1966   -> dramblast-p_ht12_k23_r5_20260918-215435.log
  [run ] ht12 dramblast-p k=24 rep 1/5
  [run ] ok   set_mops=1979   -> dramblast-p_ht12_k24_r1_20260918-215435.log
  [run ] ht12 dramblast-p k=24 rep 2/5
  [run ] ok   set_mops=1475   -> dramblast-p_ht12_k24_r2_20260918-215435.log
  [run ] ht12 dramblast-p k=24 rep 3/5
  [run ] ok   set_mops=1980   -> dramblast-p_ht12_k24_r3_20260918-215435.log
  [run ] ht12 dramblast-p k=24 rep 4/5
  [run ] ok   set_mops=2000   -> dramblast-p_ht12_k24_r4_20260918-215435.log
  [run ] ht12 dramblast-p k=24 rep 5/5
  [run ] ok   set_mops=1988   -> dramblast-p_ht12_k24_r5_20260918-215435.log
  [run ] ht12 dramblast-p k=25 rep 1/5
  [run ] ok   set_mops=2006   -> dramblast-p_ht12_k25_r1_20260918-215435.log
  [run ] ht12 dramblast-p k=25 rep 2/5
  [run ] ok   set_mops=1970   -> dramblast-p_ht12_k25_r2_20260918-215435.log
  [run ] ht12 dramblast-p k=25 rep 3/5
  [run ] ok   set_mops=1963   -> dramblast-p_ht12_k25_r3_20260918-215435.log
  [run ] ht12 dramblast-p k=25 rep 4/5
  [run ] ok   set_mops=1975   -> dramblast-p_ht12_k25_r4_20260918-215435.log
  [run ] ht12 dramblast-p k=25 rep 5/5
  [run ] ok   set_mops=1985   -> dramblast-p_ht12_k25_r5_20260918-215435.log
  [run ] ht12 dramblast-p k=26 rep 1/5
  [run ] ok   set_mops=1987   -> dramblast-p_ht12_k26_r1_20260918-215435.log
  [run ] ht12 dramblast-p k=26 rep 2/5
  [run ] ok   set_mops=1977   -> dramblast-p_ht12_k26_r2_20260918-215435.log
  [run ] ht12 dramblast-p k=26 rep 3/5
  [run ] ok   set_mops=1958   -> dramblast-p_ht12_k26_r3_20260918-215435.log
  [run ] ht12 dramblast-p k=26 rep 4/5
  [run ] ok   set_mops=1976   -> dramblast-p_ht12_k26_r4_20260918-215435.log
  [run ] ht12 dramblast-p k=26 rep 5/5
  [run ] ok   set_mops=1915   -> dramblast-p_ht12_k26_r5_20260918-215435.log
  [run ] ht12 dramblast-p k=27 rep 1/5
  [run ] ok   set_mops=1963   -> dramblast-p_ht12_k27_r1_20260918-215435.log
  [run ] ht12 dramblast-p k=27 rep 2/5
  [run ] ok   set_mops=1963   -> dramblast-p_ht12_k27_r2_20260918-215435.log
  [run ] ht12 dramblast-p k=27 rep 3/5
  [run ] ok   set_mops=1968   -> dramblast-p_ht12_k27_r3_20260918-215435.log
  [run ] ht12 dramblast-p k=27 rep 4/5
  [run ] ok   set_mops=1960   -> dramblast-p_ht12_k27_r4_20260918-215435.log
  [run ] ht12 dramblast-p k=27 rep 5/5
  [run ] ok   set_mops=1886   -> dramblast-p_ht12_k27_r5_20260918-215435.log
  [run ] ht12 dramblast-p k=28 rep 1/5
  [run ] ok   set_mops=1976   -> dramblast-p_ht12_k28_r1_20260918-215435.log
  [run ] ht12 dramblast-p k=28 rep 2/5
  [run ] ok   set_mops=1944   -> dramblast-p_ht12_k28_r2_20260918-215435.log
  [run ] ht12 dramblast-p k=28 rep 3/5
  [run ] ok   set_mops=1971   -> dramblast-p_ht12_k28_r3_20260918-215435.log
  [run ] ht12 dramblast-p k=28 rep 4/5
  [run ] ok   set_mops=1975   -> dramblast-p_ht12_k28_r4_20260918-215435.log
  [run ] ht12 dramblast-p k=28 rep 5/5
  [run ] ok   set_mops=1966   -> dramblast-p_ht12_k28_r5_20260918-215435.log
  [run ] ht12 dramblast-p k=29 rep 1/5
  [run ] ok   set_mops=1850   -> dramblast-p_ht12_k29_r1_20260918-215435.log
  [run ] ht12 dramblast-p k=29 rep 2/5
  [run ] ok   set_mops=1852   -> dramblast-p_ht12_k29_r2_20260918-215435.log
  [run ] ht12 dramblast-p k=29 rep 3/5
  [run ] ok   set_mops=1860   -> dramblast-p_ht12_k29_r3_20260918-215435.log
  [run ] ht12 dramblast-p k=29 rep 4/5
  [run ] ok   set_mops=1456   -> dramblast-p_ht12_k29_r4_20260918-215435.log
  [run ] ht12 dramblast-p k=29 rep 5/5
  [run ] ok   set_mops=1858   -> dramblast-p_ht12_k29_r5_20260918-215435.log
  [run ] ht12 dramblast-p k=30 rep 1/5
  [run ] ok   set_mops=1914   -> dramblast-p_ht12_k30_r1_20260918-215435.log
  [run ] ht12 dramblast-p k=30 rep 2/5
  [run ] ok   set_mops=1907   -> dramblast-p_ht12_k30_r2_20260918-215435.log
  [run ] ht12 dramblast-p k=30 rep 3/5
  [run ] ok   set_mops=1889   -> dramblast-p_ht12_k30_r3_20260918-215435.log
  [run ] ht12 dramblast-p k=30 rep 4/5
  [run ] ok   set_mops=1903   -> dramblast-p_ht12_k30_r4_20260918-215435.log
  [run ] ht12 dramblast-p k=30 rep 5/5
  [run ] ok   set_mops=1916   -> dramblast-p_ht12_k30_r5_20260918-215435.log
  [run ] ht12 dramblast-p k=31 rep 1/5
  [run ] ok   set_mops=1925   -> dramblast-p_ht12_k31_r1_20260918-215435.log
  [run ] ht12 dramblast-p k=31 rep 2/5
  [run ] ok   set_mops=1830   -> dramblast-p_ht12_k31_r2_20260918-215435.log
  [run ] ht12 dramblast-p k=31 rep 3/5
  [run ] ok   set_mops=1546   -> dramblast-p_ht12_k31_r3_20260918-215435.log
  [run ] ht12 dramblast-p k=31 rep 4/5
  [run ] ok   set_mops=1924   -> dramblast-p_ht12_k31_r4_20260918-215435.log
  [run ] ht12 dramblast-p k=31 rep 5/5
  [run ] ok   set_mops=1923   -> dramblast-p_ht12_k31_r5_20260918-215435.log
  [run ] ht12 dramblast-p k=32 rep 1/5
  [run ] ok   set_mops=1928   -> dramblast-p_ht12_k32_r1_20260918-215435.log
  [run ] ht12 dramblast-p k=32 rep 2/5
  [run ] ok   set_mops=1932   -> dramblast-p_ht12_k32_r2_20260918-215435.log
  [run ] ht12 dramblast-p k=32 rep 3/5
  [run ] ok   set_mops=1917   -> dramblast-p_ht12_k32_r3_20260918-215435.log
  [run ] ht12 dramblast-p k=32 rep 4/5
  [run ] ok   set_mops=1903   -> dramblast-p_ht12_k32_r4_20260918-215435.log
  [run ] ht12 dramblast-p k=32 rep 5/5
  [run ] ok   set_mops=1924   -> dramblast-p_ht12_k32_r5_20260918-215435.log

==============================================================================
  summary
==============================================================================
   ht label          k rep  set_mops          fill   fill%  status
    3 dramblast     10   1      1816       1048575     0.0  ok
    3 dramblast     10   2      1936       1048575     0.0  ok
    3 dramblast     10   3      1816       1048575     0.0  ok
    3 dramblast     10   4      1977       1048575     0.0  ok
    3 dramblast     10   5      1818       1048575     0.0  ok
    3 dramblast     11   1      1896       4194303     0.2  ok
    3 dramblast     11   2      1760       4194303     0.2  ok
    3 dramblast     11   3      1895       4194303     0.2  ok
    3 dramblast     11   4      1762       4194303     0.2  ok
    3 dramblast     11   5      1895       4194303     0.2  ok
    3 dramblast     12   1      1733      16777193     0.8  ok
    3 dramblast     12   2      1955      16777193     0.8  ok
    3 dramblast     12   3      1733      16777193     0.8  ok
    3 dramblast     12   4      1957      16777193     0.8  ok
    3 dramblast     12   5      1734      16777193     0.8  ok
    3 dramblast     13   1      1787      66795582     3.1  ok
    3 dramblast     13   2      1910      66795582     3.1  ok
    3 dramblast     13   3      1786      66795582     3.1  ok
    3 dramblast     13   4      1910      66795582     3.1  ok
    3 dramblast     13   5      1785      66795582     3.1  ok
    3 dramblast     14   1      1779     231473900    10.8  ok
    3 dramblast     14   2      1590     231473900    10.8  ok
    3 dramblast     14   3      1776     231473900    10.8  ok
    3 dramblast     14   4      1591     231473900    10.8  ok
    3 dramblast     14   5      1776     231473900    10.8  ok
    3 dramblast     15   1      1688     515915132    24.0  ok
    3 dramblast     15   2      1924     515915132    24.0  ok
    3 dramblast     15   3      1688     515915132    24.0  ok
    3 dramblast     15   4      1926     515915132    24.0  ok
    3 dramblast     15   5      1686     515915132    24.0  ok
    3 dramblast     16   1      1947     766033017    35.7  ok
    3 dramblast     16   2      1930     766033017    35.7  ok
    3 dramblast     16   3      1945     766033017    35.7  ok
    3 dramblast     16   4      1929     766033017    35.7  ok
    3 dramblast     16   5      1945     766033017    35.7  ok
    3 dramblast     17   1      1948     921085105    42.9  ok
    3 dramblast     17   2      1963     921085105    42.9  ok
    3 dramblast     17   3      1949     921085105    42.9  ok
    3 dramblast     17   4      1964     921085105    42.9  ok
    3 dramblast     17   5      1948     921085105    42.9  ok
    3 dramblast     18   1      1989    1012177031    47.1  ok
    3 dramblast     18   2      1963    1012177031    47.1  ok
    3 dramblast     18   3      1988    1012177031    47.1  ok
    3 dramblast     18   4      1962    1012177031    47.1  ok
    3 dramblast     18   5      1990    1012177031    47.1  ok
    3 dramblast     19   1      1817    1072562325    49.9  ok
    3 dramblast     19   2      1985    1072562325    49.9  ok
    3 dramblast     19   3      1818    1072562325    49.9  ok
    3 dramblast     19   4      1986    1072562325    49.9  ok
    3 dramblast     19   5      1815    1072562325    49.9  ok
    3 dramblast     20   1      1793    1119887688    52.1  ok
    3 dramblast     20   2      1785    1119887688    52.1  ok
    3 dramblast     20   3      1798    1119887688    52.1  ok
    3 dramblast     20   4      1786    1119887688    52.1  ok
    3 dramblast     20   5      1799    1119887688    52.1  ok
    3 dramblast     21   1      1975    1161736784    54.1  ok
    3 dramblast     21   2      2005    1161736784    54.1  ok
    3 dramblast     21   3      1976    1161736784    54.1  ok
    3 dramblast     21   4      2007    1161736784    54.1  ok
    3 dramblast     21   5      1976    1161736784    54.1  ok
    3 dramblast     22   1      1998    1201060325    55.9  ok
    3 dramblast     22   2      1994    1201060325    55.9  ok
    3 dramblast     22   3      1997    1201060325    55.9  ok
    3 dramblast     22   4      1993    1201060325    55.9  ok
    3 dramblast     22   5      1999    1201060325    55.9  ok
    3 dramblast     23   1      1986    1239041403    57.7  ok
    3 dramblast     23   2      1981    1239041403    57.7  ok
    3 dramblast     23   3      1985    1239041403    57.7  ok
    3 dramblast     23   4      1982    1239041403    57.7  ok
    3 dramblast     23   5      1986    1239041403    57.7  ok
    3 dramblast     24   1      2018    1276170020    59.4  ok
    3 dramblast     24   2      1969    1276170020    59.4  ok
    3 dramblast     24   3      2023    1276170020    59.4  ok
    3 dramblast     24   4      1969    1276170020    59.4  ok
    3 dramblast     24   5      2021    1276170020    59.4  ok
    3 dramblast     25   1      1987    1312661553    61.1  ok
    3 dramblast     25   2      2038    1312661553    61.1  ok
    3 dramblast     25   3      1986    1312661553    61.1  ok
    3 dramblast     25   4      2040    1312661553    61.1  ok
    3 dramblast     25   5      1988    1312661553    61.1  ok
    3 dramblast     26   1      2022    1348653266    62.8  ok
    3 dramblast     26   2      1995    1348653266    62.8  ok
    3 dramblast     26   3      2023    1348653266    62.8  ok
    3 dramblast     26   4      1998    1348653266    62.8  ok
    3 dramblast     26   5      2023    1348653266    62.8  ok
    3 dramblast     27   1      1859    1384192355    64.5  ok
    3 dramblast     27   2      1843    1384192355    64.5  ok
    3 dramblast     27   3      1859    1384192355    64.5  ok
    3 dramblast     27   4      1845    1384192355    64.5  ok
    3 dramblast     27   5      1859    1384192355    64.5  ok
    3 dramblast     28   1      1861    1419320396    66.1  ok
    3 dramblast     28   2      2053    1419320396    66.1  ok
    3 dramblast     28   3      1860    1419320396    66.1  ok
    3 dramblast     28   4      2054    1419320396    66.1  ok
    3 dramblast     28   5      1860    1419320396    66.1  ok
    3 dramblast     29   1      2066    1454075972    67.7  ok
    3 dramblast     29   2      2036    1454075972    67.7  ok
    3 dramblast     29   3      2068    1454075972    67.7  ok
    3 dramblast     29   4      2035    1454075972    67.7  ok
    3 dramblast     29   5      2067    1454075972    67.7  ok
    3 dramblast     30   1      2090    1488477239    69.3  ok
    3 dramblast     30   2      2070    1488477239    69.3  ok
    3 dramblast     30   3      2083    1488477239    69.3  ok
    3 dramblast     30   4      2068    1488477239    69.3  ok
    3 dramblast     30   5      2088    1488477239    69.3  ok
    3 dramblast     31   1      2087    1522525464    70.9  ok
    3 dramblast     31   2      2097    1522525464    70.9  ok
    3 dramblast     31   3      2086    1522525464    70.9  ok
    3 dramblast     31   4      2100    1522525464    70.9  ok
    3 dramblast     31   5      2090    1522525464    70.9  ok
    3 dramblast     32   1      2113    1556257953    72.5  ok
    3 dramblast     32   2      2096    1556257953    72.5  ok
    3 dramblast     32   3      2111    1556257953    72.5  ok
    3 dramblast     32   4      2098    1556257953    72.5  ok
    3 dramblast     32   5      2091    1556257953    72.5  ok
    8 dramhit       10   1      1423       1048575     0.0  ok
    8 dramhit       10   2      1317       1048575     0.0  ok
    8 dramhit       10   3      1421       1048575     0.0  ok
    8 dramhit       10   4      1314       1048575     0.0  ok
    8 dramhit       10   5      1421       1048575     0.0  ok
    8 dramhit       11   1      1312       4194303     0.2  ok
    8 dramhit       11   2      1422       4194303     0.2  ok
    8 dramhit       11   3      1313       4194303     0.2  ok
    8 dramhit       11   4      1422       4194303     0.2  ok
    8 dramhit       11   5      1311       4194303     0.2  ok
    8 dramhit       12   1      1437      16777193     0.8  ok
    8 dramhit       12   2      1298      16777193     0.8  ok
    8 dramhit       12   3      1436      16777193     0.8  ok
    8 dramhit       12   4      1299      16777193     0.8  ok
    8 dramhit       12   5      1435      16777193     0.8  ok
    8 dramhit       13   1      1439      66795582     3.1  ok
    8 dramhit       13   2      1286      66795582     3.1  ok
    8 dramhit       13   3      1440      66795582     3.1  ok
    8 dramhit       13   4      1285      66795582     3.1  ok
    8 dramhit       13   5      1437      66795582     3.1  ok
    8 dramhit       14   1      1174     231473900    10.8  ok
    8 dramhit       14   2      1321     231473900    10.8  ok
    8 dramhit       14   3      1173     231473900    10.8  ok
    8 dramhit       14   4      1322     231473900    10.8  ok
    8 dramhit       14   5      1171     231473900    10.8  ok
    8 dramhit       15   1      1467     515915132    24.0  ok
    8 dramhit       15   2      1241     515915132    24.0  ok
    8 dramhit       15   3      1467     515915132    24.0  ok
    8 dramhit       15   4      1241     515915132    24.0  ok
    8 dramhit       15   5      1464     515915132    24.0  ok
    8 dramhit       16   1      1441     766033017    35.7  ok
    8 dramhit       16   2      1444     766033017    35.7  ok
    8 dramhit       16   3      1442     766033017    35.7  ok
    8 dramhit       16   4      1441     766033017    35.7  ok
    8 dramhit       16   5      1442     766033017    35.7  ok
    8 dramhit       17   1      1445     921085105    42.9  ok
    8 dramhit       17   2      1451     921085105    42.9  ok
    8 dramhit       17   3      1446     921085105    42.9  ok
    8 dramhit       17   4      1452     921085105    42.9  ok
    8 dramhit       17   5      1445     921085105    42.9  ok
    8 dramhit       18   1      1445    1012177031    47.1  ok
    8 dramhit       18   2      1459    1012177031    47.1  ok
    8 dramhit       18   3      1439    1012177031    47.1  ok
    8 dramhit       18   4      1459    1012177031    47.1  ok
    8 dramhit       18   5      1444    1012177031    47.1  ok
    8 dramhit       19   1      1459    1072562325    49.9  ok
    8 dramhit       19   2      1303    1072562325    49.9  ok
    8 dramhit       19   3      1455    1072562325    49.9  ok
    8 dramhit       19   4      1302    1072562325    49.9  ok
    8 dramhit       19   5      1454    1072562325    49.9  ok
    8 dramhit       20   1      1296    1119887688    52.1  ok
    8 dramhit       20   2      1319    1119887688    52.1  ok
    8 dramhit       20   3      1297    1119887688    52.1  ok
    8 dramhit       20   4      1319    1119887688    52.1  ok
    8 dramhit       20   5      1295    1119887688    52.1  ok
    8 dramhit       21   1      1474    1161736784    54.1  ok
    8 dramhit       21   2      1464    1161736784    54.1  ok
    8 dramhit       21   3      1474    1161736784    54.1  ok
    8 dramhit       21   4      1468    1161736784    54.1  ok
    8 dramhit       21   5      1477    1161736784    54.1  ok
    8 dramhit       22   1      1467    1201060325    55.9  ok
    8 dramhit       22   2      1476    1201060325    55.9  ok
    8 dramhit       22   3      1474    1201060325    55.9  ok
    8 dramhit       22   4      1474    1201060325    55.9  ok
    8 dramhit       22   5      1473    1201060325    55.9  ok
    8 dramhit       23   1      1479    1239041403    57.7  ok
    8 dramhit       23   2      1481    1239041403    57.7  ok
    8 dramhit       23   3      1479    1239041403    57.7  ok
    8 dramhit       23   4      1480    1239041403    57.7  ok
    8 dramhit       23   5      1476    1239041403    57.7  ok
    8 dramhit       24   1      1480    1276170020    59.4  ok
    8 dramhit       24   2      1496    1276170020    59.4  ok
    8 dramhit       24   3      1477    1276170020    59.4  ok
    8 dramhit       24   4      1492    1276170020    59.4  ok
    8 dramhit       24   5      1477    1276170020    59.4  ok
    8 dramhit       25   1      1513    1312661553    61.1  ok
    8 dramhit       25   2      1462    1312661553    61.1  ok
    8 dramhit       25   3      1510    1312661553    61.1  ok
    8 dramhit       25   4      1461    1312661553    61.1  ok
    8 dramhit       25   5      1513    1312661553    61.1  ok
    8 dramhit       26   1      1490    1348653266    62.8  ok
    8 dramhit       26   2      1528    1348653266    62.8  ok
    8 dramhit       26   3      1489    1348653266    62.8  ok
    8 dramhit       26   4      1521    1348653266    62.8  ok
    8 dramhit       26   5      1487    1348653266    62.8  ok
    8 dramhit       27   1      1363    1384192355    64.5  ok
    8 dramhit       27   2      1343    1384192355    64.5  ok
    8 dramhit       27   3      1364    1384192355    64.5  ok
    8 dramhit       27   4      1341    1384192355    64.5  ok
    8 dramhit       27   5      1365    1384192355    64.5  ok
    8 dramhit       28   1      1521    1419320396    66.1  ok
    8 dramhit       28   2      1349    1419320396    66.1  ok
    8 dramhit       28   3      1521    1419320396    66.1  ok
    8 dramhit       28   4      1349    1419320396    66.1  ok
    8 dramhit       28   5      1518    1419320396    66.1  ok
    8 dramhit       29   1      1502    1454075972    67.7  ok
    8 dramhit       29   2      1508    1454075972    67.7  ok
    8 dramhit       29   3      1500    1454075972    67.7  ok
    8 dramhit       29   4      1505    1454075972    67.7  ok
    8 dramhit       29   5      1503    1454075972    67.7  ok
    8 dramhit       30   1      1538    1488477239    69.3  ok
    8 dramhit       30   2      1547    1488477239    69.3  ok
    8 dramhit       30   3      1543    1488477239    69.3  ok
    8 dramhit       30   4      1544    1488477239    69.3  ok
    8 dramhit       30   5      1538    1488477239    69.3  ok
    8 dramhit       31   1      1581    1522525464    70.9  ok
    8 dramhit       31   2      1575    1522525464    70.9  ok
    8 dramhit       31   3      1579    1522525464    70.9  ok
    8 dramhit       31   4      1571    1522525464    70.9  ok
    8 dramhit       31   5      1584    1522525464    70.9  ok
    8 dramhit       32   1      1593    1556257953    72.5  ok
    8 dramhit       32   2      1591    1556257953    72.5  ok
    8 dramhit       32   3      1588    1556257953    72.5  ok
    8 dramhit       32   4      1588    1556257953    72.5  ok
    8 dramhit       32   5      1587    1556257953    72.5  ok
    1 dramhit-p     10   1      2035       1048575     0.0  ok
    1 dramhit-p     10   2      2030       1048575     0.0  ok
    1 dramhit-p     10   3      2014       1048575     0.0  ok
    1 dramhit-p     10   4      2039       1048575     0.0  ok
    1 dramhit-p     10   5      2025       1048575     0.0  ok
    1 dramhit-p     11   1      2034       4194303     0.2  ok
    1 dramhit-p     11   2      2029       4194303     0.2  ok
    1 dramhit-p     11   3      2011       4194303     0.2  ok
    1 dramhit-p     11   4      2032       4194303     0.2  ok
    1 dramhit-p     11   5      2032       4194303     0.2  ok
    1 dramhit-p     12   1      1980      16777193     0.8  ok
    1 dramhit-p     12   2      1965      16777193     0.8  ok
    1 dramhit-p     12   3      1978      16777193     0.8  ok
    1 dramhit-p     12   4      1979      16777193     0.8  ok
    1 dramhit-p     12   5      1989      16777193     0.8  ok
    1 dramhit-p     13   1      1897      66795582     3.1  ok
    1 dramhit-p     13   2      1904      66795582     3.1  ok
    1 dramhit-p     13   3      1907      66795582     3.1  ok
    1 dramhit-p     13   4      1908      66795582     3.1  ok
    1 dramhit-p     13   5      1900      66795582     3.1  ok
    1 dramhit-p     14   1      1871     231473900    10.8  ok
    1 dramhit-p     14   2      1860     231473900    10.8  ok
    1 dramhit-p     14   3      1873     231473900    10.8  ok
    1 dramhit-p     14   4      1871     231473900    10.8  ok
    1 dramhit-p     14   5      1867     231473900    10.8  ok
    1 dramhit-p     15   1      1863     515915132    24.0  ok
    1 dramhit-p     15   2      1862     515915132    24.0  ok
    1 dramhit-p     15   3      1861     515915132    24.0  ok
    1 dramhit-p     15   4      1857     515915132    24.0  ok
    1 dramhit-p     15   5      1846     515915132    24.0  ok
    1 dramhit-p     16   1      1829     766033017    35.7  ok
    1 dramhit-p     16   2      1836     766033017    35.7  ok
    1 dramhit-p     16   3      1835     766033017    35.7  ok
    1 dramhit-p     16   4      1826     766033017    35.7  ok
    1 dramhit-p     16   5      1821     766033017    35.7  ok
    1 dramhit-p     17   1      1807     921085105    42.9  ok
    1 dramhit-p     17   2      1803     921085105    42.9  ok
    1 dramhit-p     17   3      1806     921085105    42.9  ok
    1 dramhit-p     17   4      1814     921085105    42.9  ok
    1 dramhit-p     17   5      1791     921085105    42.9  ok
    1 dramhit-p     18   1      1814    1012177031    47.1  ok
    1 dramhit-p     18   2      1813    1012177031    47.1  ok
    1 dramhit-p     18   3      1815    1012177031    47.1  ok
    1 dramhit-p     18   4      1812    1012177031    47.1  ok
    1 dramhit-p     18   5      1813    1012177031    47.1  ok
    1 dramhit-p     19   1      1818    1072562325    49.9  ok
    1 dramhit-p     19   2      1836    1072562325    49.9  ok
    1 dramhit-p     19   3      1824    1072562325    49.9  ok
    1 dramhit-p     19   4      1829    1072562325    49.9  ok
    1 dramhit-p     19   5      1830    1072562325    49.9  ok
    1 dramhit-p     20   1      1832    1119887688    52.1  ok
    1 dramhit-p     20   2      1834    1119887688    52.1  ok
    1 dramhit-p     20   3      1836    1119887688    52.1  ok
    1 dramhit-p     20   4      1831    1119887688    52.1  ok
    1 dramhit-p     20   5      1820    1119887688    52.1  ok
    1 dramhit-p     21   1      1820    1161736784    54.1  ok
    1 dramhit-p     21   2      1807    1161736784    54.1  ok
    1 dramhit-p     21   3      1820    1161736784    54.1  ok
    1 dramhit-p     21   4      1814    1161736784    54.1  ok
    1 dramhit-p     21   5      1820    1161736784    54.1  ok
    1 dramhit-p     22   1      1805    1201060325    55.9  ok
    1 dramhit-p     22   2      1819    1201060325    55.9  ok
    1 dramhit-p     22   3      1822    1201060325    55.9  ok
    1 dramhit-p     22   4      1820    1201060325    55.9  ok
    1 dramhit-p     22   5      1815    1201060325    55.9  ok
    1 dramhit-p     23   1      1815    1239041403    57.7  ok
    1 dramhit-p     23   2      1815    1239041403    57.7  ok
    1 dramhit-p     23   3      1812    1239041403    57.7  ok
    1 dramhit-p     23   4      1814    1239041403    57.7  ok
    1 dramhit-p     23   5      1811    1239041403    57.7  ok
    1 dramhit-p     24   1      1826    1276170020    59.4  ok
    1 dramhit-p     24   2      1826    1276170020    59.4  ok
    1 dramhit-p     24   3      1823    1276170020    59.4  ok
    1 dramhit-p     24   4      1815    1276170020    59.4  ok
    1 dramhit-p     24   5      1796    1276170020    59.4  ok
    1 dramhit-p     25   1      1838    1312661553    61.1  ok
    1 dramhit-p     25   2      1826    1312661553    61.1  ok
    1 dramhit-p     25   3      1831    1312661553    61.1  ok
    1 dramhit-p     25   4      1839    1312661553    61.1  ok
    1 dramhit-p     25   5      1818    1312661553    61.1  ok
    1 dramhit-p     26   1      1826    1348653266    62.8  ok
    1 dramhit-p     26   2      1818    1348653266    62.8  ok
    1 dramhit-p     26   3      1825    1348653266    62.8  ok
    1 dramhit-p     26   4      1822    1348653266    62.8  ok
    1 dramhit-p     26   5      1819    1348653266    62.8  ok
    1 dramhit-p     27   1      1806    1384192355    64.5  ok
    1 dramhit-p     27   2      1810    1384192355    64.5  ok
    1 dramhit-p     27   3      1807    1384192355    64.5  ok
    1 dramhit-p     27   4      1807    1384192355    64.5  ok
    1 dramhit-p     27   5      1807    1384192355    64.5  ok
    1 dramhit-p     28   1      1810    1419320396    66.1  ok
    1 dramhit-p     28   2      1401    1419320396    66.1  ok
    1 dramhit-p     28   3      1805    1419320396    66.1  ok
    1 dramhit-p     28   4      1803    1419320396    66.1  ok
    1 dramhit-p     28   5      1774    1419320396    66.1  ok
    1 dramhit-p     29   1      1692    1454075972    67.7  ok
    1 dramhit-p     29   2      1688    1454075972    67.7  ok
    1 dramhit-p     29   3      1681    1454075972    67.7  ok
    1 dramhit-p     29   4      1690    1454075972    67.7  ok
    1 dramhit-p     29   5      1662    1454075972    67.7  ok
    1 dramhit-p     30   1      1740    1488477239    69.3  ok
    1 dramhit-p     30   2      1749    1488477239    69.3  ok
    1 dramhit-p     30   3      1749    1488477239    69.3  ok
    1 dramhit-p     30   4      1733    1488477239    69.3  ok
    1 dramhit-p     30   5      1750    1488477239    69.3  ok
    1 dramhit-p     31   1      1800    1522525464    70.9  ok
    1 dramhit-p     31   2      1791    1522525464    70.9  ok
    1 dramhit-p     31   3      1790    1522525464    70.9  ok
    1 dramhit-p     31   4      1788    1522525464    70.9  ok
    1 dramhit-p     31   5      1795    1522525464    70.9  ok
    1 dramhit-p     32   1      1742    1556257953    72.5  ok
    1 dramhit-p     32   2      1756    1556257953    72.5  ok
    1 dramhit-p     32   3      1756    1556257953    72.5  ok
    1 dramhit-p     32   4      1757    1556257953    72.5  ok
    1 dramhit-p     32   5      1754    1556257953    72.5  ok
   12 dramblast-p   10   1      1581       1048575     0.0  ok
   12 dramblast-p   10   2      2222       1048575     0.0  ok
   12 dramblast-p   10   3      2342       1048575     0.0  ok
   12 dramblast-p   10   4      2317       1048575     0.0  ok
   12 dramblast-p   10   5      2330       1048575     0.0  ok
   12 dramblast-p   11   1      1824       4194303     0.2  ok
   12 dramblast-p   11   2      2323       4194303     0.2  ok
   12 dramblast-p   11   3      2314       4194303     0.2  ok
   12 dramblast-p   11   4      2325       4194303     0.2  ok
   12 dramblast-p   11   5      2331       4194303     0.2  ok
   12 dramblast-p   12   1      2142      16777193     0.8  ok
   12 dramblast-p   12   2      2213      16777193     0.8  ok
   12 dramblast-p   12   3      2168      16777193     0.8  ok
   12 dramblast-p   12   4      2197      16777193     0.8  ok
   12 dramblast-p   12   5      2165      16777193     0.8  ok
   12 dramblast-p   13   1      2078      66795582     3.1  ok
   12 dramblast-p   13   2      2099      66795582     3.1  ok
   12 dramblast-p   13   3      2057      66795582     3.1  ok
   12 dramblast-p   13   4      2062      66795582     3.1  ok
   12 dramblast-p   13   5      2018      66795582     3.1  ok
   12 dramblast-p   14   1      2024     231473900    10.8  ok
   12 dramblast-p   14   2      1960     231473900    10.8  ok
   12 dramblast-p   14   3      2018     231473900    10.8  ok
   12 dramblast-p   14   4      2012     231473900    10.8  ok
   12 dramblast-p   14   5      2070     231473900    10.8  ok
   12 dramblast-p   15   1      2004     515915132    24.0  ok
   12 dramblast-p   15   2      1913     515915132    24.0  ok
   12 dramblast-p   15   3      2017     515915132    24.0  ok
   12 dramblast-p   15   4      1961     515915132    24.0  ok
   12 dramblast-p   15   5      2028     515915132    24.0  ok
   12 dramblast-p   16   1      1976     766033017    35.7  ok
   12 dramblast-p   16   2      1916     766033017    35.7  ok
   12 dramblast-p   16   3      2001     766033017    35.7  ok
   12 dramblast-p   16   4      1932     766033017    35.7  ok
   12 dramblast-p   16   5      2008     766033017    35.7  ok
   12 dramblast-p   17   1      1968     921085105    42.9  ok
   12 dramblast-p   17   2      1985     921085105    42.9  ok
   12 dramblast-p   17   3      1980     921085105    42.9  ok
   12 dramblast-p   17   4      1944     921085105    42.9  ok
   12 dramblast-p   17   5      1994     921085105    42.9  ok
   12 dramblast-p   18   1      1986    1012177031    47.1  ok
   12 dramblast-p   18   2      1944    1012177031    47.1  ok
   12 dramblast-p   18   3      1981    1012177031    47.1  ok
   12 dramblast-p   18   4      1988    1012177031    47.1  ok
   12 dramblast-p   18   5      1982    1012177031    47.1  ok
   12 dramblast-p   19   1      1980    1072562325    49.9  ok
   12 dramblast-p   19   2      1984    1072562325    49.9  ok
   12 dramblast-p   19   3      1967    1072562325    49.9  ok
   12 dramblast-p   19   4      1991    1072562325    49.9  ok
   12 dramblast-p   19   5      1981    1072562325    49.9  ok
   12 dramblast-p   20   1      1945    1119887688    52.1  ok
   12 dramblast-p   20   2      2000    1119887688    52.1  ok
   12 dramblast-p   20   3      1952    1119887688    52.1  ok
   12 dramblast-p   20   4      1982    1119887688    52.1  ok
   12 dramblast-p   20   5      1972    1119887688    52.1  ok
   12 dramblast-p   21   1      1928    1161736784    54.1  ok
   12 dramblast-p   21   2      1979    1161736784    54.1  ok
   12 dramblast-p   21   3      1961    1161736784    54.1  ok
   12 dramblast-p   21   4      1960    1161736784    54.1  ok
   12 dramblast-p   21   5      1916    1161736784    54.1  ok
   12 dramblast-p   22   1      1987    1201060325    55.9  ok
   12 dramblast-p   22   2      1973    1201060325    55.9  ok
   12 dramblast-p   22   3      1988    1201060325    55.9  ok
   12 dramblast-p   22   4      1978    1201060325    55.9  ok
   12 dramblast-p   22   5      1909    1201060325    55.9  ok
   12 dramblast-p   23   1      1982    1239041403    57.7  ok
   12 dramblast-p   23   2      1978    1239041403    57.7  ok
   12 dramblast-p   23   3      1984    1239041403    57.7  ok
   12 dramblast-p   23   4      1520    1239041403    57.7  ok
   12 dramblast-p   23   5      1966    1239041403    57.7  ok
   12 dramblast-p   24   1      1979    1276170020    59.4  ok
   12 dramblast-p   24   2      1475    1276170020    59.4  ok
   12 dramblast-p   24   3      1980    1276170020    59.4  ok
   12 dramblast-p   24   4      2000    1276170020    59.4  ok
   12 dramblast-p   24   5      1988    1276170020    59.4  ok
   12 dramblast-p   25   1      2006    1312661553    61.1  ok
   12 dramblast-p   25   2      1970    1312661553    61.1  ok
   12 dramblast-p   25   3      1963    1312661553    61.1  ok
   12 dramblast-p   25   4      1975    1312661553    61.1  ok
   12 dramblast-p   25   5      1985    1312661553    61.1  ok
   12 dramblast-p   26   1      1987    1348653266    62.8  ok
   12 dramblast-p   26   2      1977    1348653266    62.8  ok
   12 dramblast-p   26   3      1958    1348653266    62.8  ok
   12 dramblast-p   26   4      1976    1348653266    62.8  ok
   12 dramblast-p   26   5      1915    1348653266    62.8  ok
   12 dramblast-p   27   1      1963    1384192355    64.5  ok
   12 dramblast-p   27   2      1963    1384192355    64.5  ok
   12 dramblast-p   27   3      1968    1384192355    64.5  ok
   12 dramblast-p   27   4      1960    1384192355    64.5  ok
   12 dramblast-p   27   5      1886    1384192355    64.5  ok
   12 dramblast-p   28   1      1976    1419320396    66.1  ok
   12 dramblast-p   28   2      1944    1419320396    66.1  ok
   12 dramblast-p   28   3      1971    1419320396    66.1  ok
   12 dramblast-p   28   4      1975    1419320396    66.1  ok
   12 dramblast-p   28   5      1966    1419320396    66.1  ok
   12 dramblast-p   29   1      1850    1454075972    67.7  ok
   12 dramblast-p   29   2      1852    1454075972    67.7  ok
   12 dramblast-p   29   3      1860    1454075972    67.7  ok
   12 dramblast-p   29   4      1456    1454075972    67.7  ok
   12 dramblast-p   29   5      1858    1454075972    67.7  ok
   12 dramblast-p   30   1      1914    1488477239    69.3  ok
   12 dramblast-p   30   2      1907    1488477239    69.3  ok
   12 dramblast-p   30   3      1889    1488477239    69.3  ok
   12 dramblast-p   30   4      1903    1488477239    69.3  ok
   12 dramblast-p   30   5      1916    1488477239    69.3  ok
   12 dramblast-p   31   1      1925    1522525464    70.9  ok
   12 dramblast-p   31   2      1830    1522525464    70.9  ok
   12 dramblast-p   31   3      1546    1522525464    70.9  ok
   12 dramblast-p   31   4      1924    1522525464    70.9  ok
   12 dramblast-p   31   5      1923    1522525464    70.9  ok
   12 dramblast-p   32   1      1928    1556257953    72.5  ok
   12 dramblast-p   32   2      1932    1556257953    72.5  ok
   12 dramblast-p   32   3      1917    1556257953    72.5  ok
   12 dramblast-p   32   4      1903    1556257953    72.5  ok
   12 dramblast-p   32   5      1924    1556257953    72.5  ok

  logs     /opt/DRAMHiT/scripts/eurosys_2026/collect_kmer/logs
  commands /opt/DRAMHiT/scripts/eurosys_2026/collect_kmer/logs/commands.log
  summary  logs/intel_snoop_full_sweep_summary.csv
