[msr] enabling all hardware prefetchers
[msr] 0x1a4 = 0x0 on 128/128 cpus
[msr] sampling 0x1a4 every 120s -> hwpref_on_msr_samples_20260920-142953.log
==============================================================================
  k-mer sweep across hashtable implementations
==============================================================================
  input      /opt/datasets/ERR4846928.fastq
  ht-size    2147483648 slots total
  k          [10, 11, 12, 13, 14, 15, 16, 17, 18, 19, 20, 21, 22, 23, 24, 25, 26, 27, 28, 29, 30, 31, 32]   repeats 5
  ht-type 3  dramblast    CASHTPP -- one shared CAS table
              num-threads 128, thread policy 1
  ht-type 8  dramhit      CAS23HTPP -- one shared 2023 CAS table
              num-threads 128, thread policy 1
  ht-type 1  dramhit-p    PARTITIONED_HT -- private table per consumer
              nprod 64 + ncons 64, queue policy 3
  ht-type 12 dramblast-p  CASSTHTPP -- private single-thread table per consumer
              nprod 64 + ncons 64, queue policy 3

------------------------------------------------------------------------------
  ht-type 3 (dramblast)
------------------------------------------------------------------------------
  [pool] planning and reserving for ht-type 3
  [pool]     TOTAL RESERVED   132.0 GiB  =  68.0 GiB staging  +  32.0 GiB table  (the shared table is counted on each of the 2 nodes)
  [pool]  reserve command  /opt/DRAMHiT/scripts/eurosys_2026/collect_kmer/../../reserve_hugepages.sh n0_32gb_34816mb n1_32gb_34816mb
  [run ] ht3 dramblast k=10 rep 1/5
  [run ] ok   set_mops=1809   -> dramblast_ht3_k10_r1_20260920-142953.log
  [run ] ht3 dramblast k=10 rep 2/5
  [run ] ok   set_mops=1950   -> dramblast_ht3_k10_r2_20260920-142953.log
  [run ] ht3 dramblast k=10 rep 3/5
  [run ] ok   set_mops=1809   -> dramblast_ht3_k10_r3_20260920-142953.log
  [run ] ht3 dramblast k=10 rep 4/5
  [run ] ok   set_mops=1972   -> dramblast_ht3_k10_r4_20260920-142953.log
  [run ] ht3 dramblast k=10 rep 5/5
  [run ] ok   set_mops=1810   -> dramblast_ht3_k10_r5_20260920-142953.log
  [run ] ht3 dramblast k=11 rep 1/5
  [run ] ok   set_mops=1863   -> dramblast_ht3_k11_r1_20260920-142953.log
  [run ] ht3 dramblast k=11 rep 2/5
  [run ] ok   set_mops=1753   -> dramblast_ht3_k11_r2_20260920-142953.log
  [run ] ht3 dramblast k=11 rep 3/5
  [run ] ok   set_mops=1865   -> dramblast_ht3_k11_r3_20260920-142953.log
  [run ] ht3 dramblast k=11 rep 4/5
  [run ] ok   set_mops=1756   -> dramblast_ht3_k11_r4_20260920-142953.log
  [run ] ht3 dramblast k=11 rep 5/5
  [run ] ok   set_mops=1866   -> dramblast_ht3_k11_r5_20260920-142953.log
  [run ] ht3 dramblast k=12 rep 1/5
  [run ] ok   set_mops=1729   -> dramblast_ht3_k12_r1_20260920-142953.log
  [run ] ht3 dramblast k=12 rep 2/5
  [run ] ok   set_mops=1960   -> dramblast_ht3_k12_r2_20260920-142953.log
  [run ] ht3 dramblast k=12 rep 3/5
  [run ] ok   set_mops=1729   -> dramblast_ht3_k12_r3_20260920-142953.log
  [run ] ht3 dramblast k=12 rep 4/5
  [run ] ok   set_mops=1960   -> dramblast_ht3_k12_r4_20260920-142953.log
  [run ] ht3 dramblast k=12 rep 5/5
  [run ] ok   set_mops=1730   -> dramblast_ht3_k12_r5_20260920-142953.log
  [run ] ht3 dramblast k=13 rep 1/5
  [run ] ok   set_mops=1789   -> dramblast_ht3_k13_r1_20260920-142953.log
  [run ] ht3 dramblast k=13 rep 2/5
  [run ] ok   set_mops=1919   -> dramblast_ht3_k13_r2_20260920-142953.log
  [run ] ht3 dramblast k=13 rep 3/5
  [run ] ok   set_mops=1792   -> dramblast_ht3_k13_r3_20260920-142953.log
  [run ] ht3 dramblast k=13 rep 4/5
  [run ] ok   set_mops=1918   -> dramblast_ht3_k13_r4_20260920-142953.log
  [run ] ht3 dramblast k=13 rep 5/5
  [run ] ok   set_mops=1789   -> dramblast_ht3_k13_r5_20260920-142953.log
  [run ] ht3 dramblast k=14 rep 1/5
  [run ] ok   set_mops=1782   -> dramblast_ht3_k14_r1_20260920-142953.log
  [run ] ht3 dramblast k=14 rep 2/5
  [run ] ok   set_mops=1593   -> dramblast_ht3_k14_r2_20260920-142953.log
  [run ] ht3 dramblast k=14 rep 3/5
  [run ] ok   set_mops=1782   -> dramblast_ht3_k14_r3_20260920-142953.log
  [run ] ht3 dramblast k=14 rep 4/5
  [run ] ok   set_mops=1592   -> dramblast_ht3_k14_r4_20260920-142953.log
  [run ] ht3 dramblast k=14 rep 5/5
  [run ] ok   set_mops=1781   -> dramblast_ht3_k14_r5_20260920-142953.log
  [run ] ht3 dramblast k=15 rep 1/5
  [run ] ok   set_mops=1690   -> dramblast_ht3_k15_r1_20260920-142953.log
  [run ] ht3 dramblast k=15 rep 2/5
  [run ] ok   set_mops=1939   -> dramblast_ht3_k15_r2_20260920-142953.log
  [run ] ht3 dramblast k=15 rep 3/5
  [run ] ok   set_mops=1689   -> dramblast_ht3_k15_r3_20260920-142953.log
  [run ] ht3 dramblast k=15 rep 4/5
  [run ] ok   set_mops=1939   -> dramblast_ht3_k15_r4_20260920-142953.log
  [run ] ht3 dramblast k=15 rep 5/5
  [run ] ok   set_mops=1689   -> dramblast_ht3_k15_r5_20260920-142953.log
  [run ] ht3 dramblast k=16 rep 1/5
  [run ] ok   set_mops=1957   -> dramblast_ht3_k16_r1_20260920-142953.log
  [run ] ht3 dramblast k=16 rep 2/5
  [run ] ok   set_mops=1938   -> dramblast_ht3_k16_r2_20260920-142953.log
  [run ] ht3 dramblast k=16 rep 3/5
  [run ] ok   set_mops=1958   -> dramblast_ht3_k16_r3_20260920-142953.log
  [run ] ht3 dramblast k=16 rep 4/5
  [run ] ok   set_mops=1938   -> dramblast_ht3_k16_r4_20260920-142953.log
  [run ] ht3 dramblast k=16 rep 5/5
  [run ] ok   set_mops=1957   -> dramblast_ht3_k16_r5_20260920-142953.log
  [run ] ht3 dramblast k=17 rep 1/5
  [run ] ok   set_mops=1959   -> dramblast_ht3_k17_r1_20260920-142953.log
  [run ] ht3 dramblast k=17 rep 2/5
  [run ] ok   set_mops=1976   -> dramblast_ht3_k17_r2_20260920-142953.log
  [run ] ht3 dramblast k=17 rep 3/5
  [run ] ok   set_mops=1960   -> dramblast_ht3_k17_r3_20260920-142953.log
  [run ] ht3 dramblast k=17 rep 4/5
  [run ] ok   set_mops=1975   -> dramblast_ht3_k17_r4_20260920-142953.log
  [run ] ht3 dramblast k=17 rep 5/5
  [run ] ok   set_mops=1960   -> dramblast_ht3_k17_r5_20260920-142953.log
  [run ] ht3 dramblast k=18 rep 1/5
  [run ] ok   set_mops=2003   -> dramblast_ht3_k18_r1_20260920-142953.log
  [run ] ht3 dramblast k=18 rep 2/5
  [run ] ok   set_mops=1972   -> dramblast_ht3_k18_r2_20260920-142953.log
  [run ] ht3 dramblast k=18 rep 3/5
  [run ] ok   set_mops=2002   -> dramblast_ht3_k18_r3_20260920-142953.log
  [run ] ht3 dramblast k=18 rep 4/5
  [run ] ok   set_mops=1973   -> dramblast_ht3_k18_r4_20260920-142953.log
  [run ] ht3 dramblast k=18 rep 5/5
  [run ] ok   set_mops=2002   -> dramblast_ht3_k18_r5_20260920-142953.log
  [run ] ht3 dramblast k=19 rep 1/5
  [run ] ok   set_mops=1820   -> dramblast_ht3_k19_r1_20260920-142953.log
  [run ] ht3 dramblast k=19 rep 2/5
  [run ] ok   set_mops=1997   -> dramblast_ht3_k19_r2_20260920-142953.log
  [run ] ht3 dramblast k=19 rep 3/5
  [run ] ok   set_mops=1822   -> dramblast_ht3_k19_r3_20260920-142953.log
  [run ] ht3 dramblast k=19 rep 4/5
  [run ] ok   set_mops=1996   -> dramblast_ht3_k19_r4_20260920-142953.log
  [run ] ht3 dramblast k=19 rep 5/5
  [run ] ok   set_mops=1819   -> dramblast_ht3_k19_r5_20260920-142953.log
  [run ] ht3 dramblast k=20 rep 1/5
  [run ] ok   set_mops=1803   -> dramblast_ht3_k20_r1_20260920-142953.log
  [run ] ht3 dramblast k=20 rep 2/5
  [run ] ok   set_mops=1789   -> dramblast_ht3_k20_r2_20260920-142953.log
  [run ] ht3 dramblast k=20 rep 3/5
  [run ] ok   set_mops=1803   -> dramblast_ht3_k20_r3_20260920-142953.log
  [run ] ht3 dramblast k=20 rep 4/5
  [run ] ok   set_mops=1789   -> dramblast_ht3_k20_r4_20260920-142953.log
  [run ] ht3 dramblast k=20 rep 5/5
  [run ] ok   set_mops=1797   -> dramblast_ht3_k20_r5_20260920-142953.log
  [run ] ht3 dramblast k=21 rep 1/5
  [run ] ok   set_mops=1984   -> dramblast_ht3_k21_r1_20260920-142953.log
  [run ] ht3 dramblast k=21 rep 2/5
  [run ] ok   set_mops=2019   -> dramblast_ht3_k21_r2_20260920-142953.log
  [run ] ht3 dramblast k=21 rep 3/5
  [run ] ok   set_mops=1985   -> dramblast_ht3_k21_r3_20260920-142953.log
  [run ] ht3 dramblast k=21 rep 4/5
  [run ] ok   set_mops=2022   -> dramblast_ht3_k21_r4_20260920-142953.log
  [run ] ht3 dramblast k=21 rep 5/5
  [run ] ok   set_mops=1985   -> dramblast_ht3_k21_r5_20260920-142953.log
  [run ] ht3 dramblast k=22 rep 1/5
  [run ] ok   set_mops=2010   -> dramblast_ht3_k22_r1_20260920-142953.log
  [run ] ht3 dramblast k=22 rep 2/5
  [run ] ok   set_mops=2004   -> dramblast_ht3_k22_r2_20260920-142953.log
  [run ] ht3 dramblast k=22 rep 3/5
  [run ] ok   set_mops=2008   -> dramblast_ht3_k22_r3_20260920-142953.log
  [run ] ht3 dramblast k=22 rep 4/5
  [run ] ok   set_mops=2002   -> dramblast_ht3_k22_r4_20260920-142953.log
  [run ] ht3 dramblast k=22 rep 5/5
  [run ] ok   set_mops=2009   -> dramblast_ht3_k22_r5_20260920-142953.log
  [run ] ht3 dramblast k=23 rep 1/5
  [run ] ok   set_mops=1995   -> dramblast_ht3_k23_r1_20260920-142953.log
  [run ] ht3 dramblast k=23 rep 2/5
  [run ] ok   set_mops=1993   -> dramblast_ht3_k23_r2_20260920-142953.log
  [run ] ht3 dramblast k=23 rep 3/5
  [run ] ok   set_mops=1997   -> dramblast_ht3_k23_r3_20260920-142953.log
  [run ] ht3 dramblast k=23 rep 4/5
  [run ] ok   set_mops=1993   -> dramblast_ht3_k23_r4_20260920-142953.log
  [run ] ht3 dramblast k=23 rep 5/5
  [run ] ok   set_mops=1994   -> dramblast_ht3_k23_r5_20260920-142953.log
  [run ] ht3 dramblast k=24 rep 1/5
  [run ] ok   set_mops=2033   -> dramblast_ht3_k24_r1_20260920-142953.log
  [run ] ht3 dramblast k=24 rep 2/5
  [run ] ok   set_mops=1979   -> dramblast_ht3_k24_r2_20260920-142953.log
  [run ] ht3 dramblast k=24 rep 3/5
  [run ] ok   set_mops=2033   -> dramblast_ht3_k24_r3_20260920-142953.log
  [run ] ht3 dramblast k=24 rep 4/5
  [run ] ok   set_mops=1980   -> dramblast_ht3_k24_r4_20260920-142953.log
  [run ] ht3 dramblast k=24 rep 5/5
  [run ] ok   set_mops=2036   -> dramblast_ht3_k24_r5_20260920-142953.log
  [run ] ht3 dramblast k=25 rep 1/5
  [run ] ok   set_mops=1997   -> dramblast_ht3_k25_r1_20260920-142953.log
  [run ] ht3 dramblast k=25 rep 2/5
  [run ] ok   set_mops=2052   -> dramblast_ht3_k25_r2_20260920-142953.log
  [run ] ht3 dramblast k=25 rep 3/5
  [run ] ok   set_mops=1994   -> dramblast_ht3_k25_r3_20260920-142953.log
  [run ] ht3 dramblast k=25 rep 4/5
  [run ] ok   set_mops=2053   -> dramblast_ht3_k25_r4_20260920-142953.log
  [run ] ht3 dramblast k=25 rep 5/5
  [run ] ok   set_mops=1997   -> dramblast_ht3_k25_r5_20260920-142953.log
  [run ] ht3 dramblast k=26 rep 1/5
  [run ] ok   set_mops=2037   -> dramblast_ht3_k26_r1_20260920-142953.log
  [run ] ht3 dramblast k=26 rep 2/5
  [run ] ok   set_mops=2012   -> dramblast_ht3_k26_r2_20260920-142953.log
  [run ] ht3 dramblast k=26 rep 3/5
  [run ] ok   set_mops=2038   -> dramblast_ht3_k26_r3_20260920-142953.log
  [run ] ht3 dramblast k=26 rep 4/5
  [run ] ok   set_mops=2011   -> dramblast_ht3_k26_r4_20260920-142953.log
  [run ] ht3 dramblast k=26 rep 5/5
  [run ] ok   set_mops=2037   -> dramblast_ht3_k26_r5_20260920-142953.log
  [run ] ht3 dramblast k=27 rep 1/5
  [run ] ok   set_mops=1868   -> dramblast_ht3_k27_r1_20260920-142953.log
  [run ] ht3 dramblast k=27 rep 2/5
  [run ] ok   set_mops=1849   -> dramblast_ht3_k27_r2_20260920-142953.log
  [run ] ht3 dramblast k=27 rep 3/5
  [run ] ok   set_mops=1863   -> dramblast_ht3_k27_r3_20260920-142953.log
  [run ] ht3 dramblast k=27 rep 4/5
  [run ] ok   set_mops=1848   -> dramblast_ht3_k27_r4_20260920-142953.log
  [run ] ht3 dramblast k=27 rep 5/5
  [run ] ok   set_mops=1861   -> dramblast_ht3_k27_r5_20260920-142953.log
  [run ] ht3 dramblast k=28 rep 1/5
  [run ] ok   set_mops=1866   -> dramblast_ht3_k28_r1_20260920-142953.log
  [run ] ht3 dramblast k=28 rep 2/5
  [run ] ok   set_mops=2067   -> dramblast_ht3_k28_r2_20260920-142953.log
  [run ] ht3 dramblast k=28 rep 3/5
  [run ] ok   set_mops=1865   -> dramblast_ht3_k28_r3_20260920-142953.log
  [run ] ht3 dramblast k=28 rep 4/5
  [run ] ok   set_mops=2067   -> dramblast_ht3_k28_r4_20260920-142953.log
  [run ] ht3 dramblast k=28 rep 5/5
  [run ] ok   set_mops=1866   -> dramblast_ht3_k28_r5_20260920-142953.log
  [run ] ht3 dramblast k=29 rep 1/5
  [run ] ok   set_mops=2081   -> dramblast_ht3_k29_r1_20260920-142953.log
  [run ] ht3 dramblast k=29 rep 2/5
  [run ] ok   set_mops=2045   -> dramblast_ht3_k29_r2_20260920-142953.log
  [run ] ht3 dramblast k=29 rep 3/5
  [run ] ok   set_mops=2080   -> dramblast_ht3_k29_r3_20260920-142953.log
  [run ] ht3 dramblast k=29 rep 4/5
  [run ] ok   set_mops=2045   -> dramblast_ht3_k29_r4_20260920-142953.log
  [run ] ht3 dramblast k=29 rep 5/5
  [run ] ok   set_mops=2079   -> dramblast_ht3_k29_r5_20260920-142953.log
  [run ] ht3 dramblast k=30 rep 1/5
  [run ] ok   set_mops=2103   -> dramblast_ht3_k30_r1_20260920-142953.log
  [run ] ht3 dramblast k=30 rep 2/5
  [run ] ok   set_mops=2082   -> dramblast_ht3_k30_r2_20260920-142953.log
  [run ] ht3 dramblast k=30 rep 3/5
  [run ] ok   set_mops=2103   -> dramblast_ht3_k30_r3_20260920-142953.log
  [run ] ht3 dramblast k=30 rep 4/5
  [run ] ok   set_mops=2083   -> dramblast_ht3_k30_r4_20260920-142953.log
  [run ] ht3 dramblast k=30 rep 5/5
  [run ] ok   set_mops=2102   -> dramblast_ht3_k30_r5_20260920-142953.log
  [run ] ht3 dramblast k=31 rep 1/5
  [run ] ok   set_mops=2102   -> dramblast_ht3_k31_r1_20260920-142953.log
  [run ] ht3 dramblast k=31 rep 2/5
  [run ] ok   set_mops=2111   -> dramblast_ht3_k31_r2_20260920-142953.log
  [run ] ht3 dramblast k=31 rep 3/5
  [run ] ok   set_mops=2105   -> dramblast_ht3_k31_r3_20260920-142953.log
  [run ] ht3 dramblast k=31 rep 4/5
  [run ] ok   set_mops=2112   -> dramblast_ht3_k31_r4_20260920-142953.log
  [run ] ht3 dramblast k=31 rep 5/5
  [run ] ok   set_mops=2105   -> dramblast_ht3_k31_r5_20260920-142953.log
  [run ] ht3 dramblast k=32 rep 1/5
  [run ] ok   set_mops=2129   -> dramblast_ht3_k32_r1_20260920-142953.log
  [run ] ht3 dramblast k=32 rep 2/5
  [run ] ok   set_mops=2112   -> dramblast_ht3_k32_r2_20260920-142953.log
  [run ] ht3 dramblast k=32 rep 3/5
  [run ] ok   set_mops=2133   -> dramblast_ht3_k32_r3_20260920-142953.log
  [run ] ht3 dramblast k=32 rep 4/5
  [run ] ok   set_mops=2113   -> dramblast_ht3_k32_r4_20260920-142953.log
  [run ] ht3 dramblast k=32 rep 5/5
  [run ] ok   set_mops=2131   -> dramblast_ht3_k32_r5_20260920-142953.log

------------------------------------------------------------------------------
  ht-type 8 (dramhit)
------------------------------------------------------------------------------
  [pool] unchanged from the previous ht-type, keeping it
  [run ] ht8 dramhit k=10 rep 1/5
  [run ] ok   set_mops=1386   -> dramhit_ht8_k10_r1_20260920-142953.log
  [run ] ht8 dramhit k=10 rep 2/5
  [run ] ok   set_mops=1286   -> dramhit_ht8_k10_r2_20260920-142953.log
  [run ] ht8 dramhit k=10 rep 3/5
  [run ] ok   set_mops=1384   -> dramhit_ht8_k10_r3_20260920-142953.log
  [run ] ht8 dramhit k=10 rep 4/5
  [run ] ok   set_mops=1286   -> dramhit_ht8_k10_r4_20260920-142953.log
  [run ] ht8 dramhit k=10 rep 5/5
  [run ] ok   set_mops=1386   -> dramhit_ht8_k10_r5_20260920-142953.log
  [run ] ht8 dramhit k=11 rep 1/5
  [run ] ok   set_mops=1274   -> dramhit_ht8_k11_r1_20260920-142953.log
  [run ] ht8 dramhit k=11 rep 2/5
  [run ] ok   set_mops=1383   -> dramhit_ht8_k11_r2_20260920-142953.log
  [run ] ht8 dramhit k=11 rep 3/5
  [run ] ok   set_mops=1275   -> dramhit_ht8_k11_r3_20260920-142953.log
  [run ] ht8 dramhit k=11 rep 4/5
  [run ] ok   set_mops=1384   -> dramhit_ht8_k11_r4_20260920-142953.log
  [run ] ht8 dramhit k=11 rep 5/5
  [run ] ok   set_mops=1274   -> dramhit_ht8_k11_r5_20260920-142953.log
  [run ] ht8 dramhit k=12 rep 1/5
  [run ] ok   set_mops=1392   -> dramhit_ht8_k12_r1_20260920-142953.log
  [run ] ht8 dramhit k=12 rep 2/5
  [run ] ok   set_mops=1258   -> dramhit_ht8_k12_r2_20260920-142953.log
  [run ] ht8 dramhit k=12 rep 3/5
  [run ] ok   set_mops=1392   -> dramhit_ht8_k12_r3_20260920-142953.log
  [run ] ht8 dramhit k=12 rep 4/5
  [run ] ok   set_mops=1257   -> dramhit_ht8_k12_r4_20260920-142953.log
  [run ] ht8 dramhit k=12 rep 5/5
  [run ] ok   set_mops=1390   -> dramhit_ht8_k12_r5_20260920-142953.log
  [run ] ht8 dramhit k=13 rep 1/5
  [run ] ok   set_mops=1397   -> dramhit_ht8_k13_r1_20260920-142953.log
  [run ] ht8 dramhit k=13 rep 2/5
  [run ] ok   set_mops=1249   -> dramhit_ht8_k13_r2_20260920-142953.log
  [run ] ht8 dramhit k=13 rep 3/5
  [run ] ok   set_mops=1401   -> dramhit_ht8_k13_r3_20260920-142953.log
  [run ] ht8 dramhit k=13 rep 4/5
  [run ] ok   set_mops=1247   -> dramhit_ht8_k13_r4_20260920-142953.log
  [run ] ht8 dramhit k=13 rep 5/5
  [run ] ok   set_mops=1398   -> dramhit_ht8_k13_r5_20260920-142953.log
  [run ] ht8 dramhit k=14 rep 1/5
  [run ] ok   set_mops=1147   -> dramhit_ht8_k14_r1_20260920-142953.log
  [run ] ht8 dramhit k=14 rep 2/5
  [run ] ok   set_mops=1285   -> dramhit_ht8_k14_r2_20260920-142953.log
  [run ] ht8 dramhit k=14 rep 3/5
  [run ] ok   set_mops=1146   -> dramhit_ht8_k14_r3_20260920-142953.log
  [run ] ht8 dramhit k=14 rep 4/5
  [run ] ok   set_mops=1284   -> dramhit_ht8_k14_r4_20260920-142953.log
  [run ] ht8 dramhit k=14 rep 5/5
  [run ] ok   set_mops=1148   -> dramhit_ht8_k14_r5_20260920-142953.log
  [run ] ht8 dramhit k=15 rep 1/5
  [run ] ok   set_mops=1429   -> dramhit_ht8_k15_r1_20260920-142953.log
  [run ] ht8 dramhit k=15 rep 2/5
  [run ] ok   set_mops=1207   -> dramhit_ht8_k15_r2_20260920-142953.log
  [run ] ht8 dramhit k=15 rep 3/5
  [run ] ok   set_mops=1430   -> dramhit_ht8_k15_r3_20260920-142953.log
  [run ] ht8 dramhit k=15 rep 4/5
  [run ] ok   set_mops=1210   -> dramhit_ht8_k15_r4_20260920-142953.log
  [run ] ht8 dramhit k=15 rep 5/5
  [run ] ok   set_mops=1430   -> dramhit_ht8_k15_r5_20260920-142953.log
  [run ] ht8 dramhit k=16 rep 1/5
  [run ] ok   set_mops=1399   -> dramhit_ht8_k16_r1_20260920-142953.log
  [run ] ht8 dramhit k=16 rep 2/5
  [run ] ok   set_mops=1399   -> dramhit_ht8_k16_r2_20260920-142953.log
  [run ] ht8 dramhit k=16 rep 3/5
  [run ] ok   set_mops=1399   -> dramhit_ht8_k16_r3_20260920-142953.log
  [run ] ht8 dramhit k=16 rep 4/5
  [run ] ok   set_mops=1400   -> dramhit_ht8_k16_r4_20260920-142953.log
  [run ] ht8 dramhit k=16 rep 5/5
  [run ] ok   set_mops=1402   -> dramhit_ht8_k16_r5_20260920-142953.log
  [run ] ht8 dramhit k=17 rep 1/5
  [run ] ok   set_mops=1404   -> dramhit_ht8_k17_r1_20260920-142953.log
  [run ] ht8 dramhit k=17 rep 2/5
  [run ] ok   set_mops=1411   -> dramhit_ht8_k17_r2_20260920-142953.log
  [run ] ht8 dramhit k=17 rep 3/5
  [run ] ok   set_mops=1401   -> dramhit_ht8_k17_r3_20260920-142953.log
  [run ] ht8 dramhit k=17 rep 4/5
  [run ] ok   set_mops=1412   -> dramhit_ht8_k17_r4_20260920-142953.log
  [run ] ht8 dramhit k=17 rep 5/5
  [run ] ok   set_mops=1404   -> dramhit_ht8_k17_r5_20260920-142953.log
  [run ] ht8 dramhit k=18 rep 1/5
  [run ] ok   set_mops=1403   -> dramhit_ht8_k18_r1_20260920-142953.log
  [run ] ht8 dramhit k=18 rep 2/5
  [run ] ok   set_mops=1415   -> dramhit_ht8_k18_r2_20260920-142953.log
  [run ] ht8 dramhit k=18 rep 3/5
  [run ] ok   set_mops=1402   -> dramhit_ht8_k18_r3_20260920-142953.log
  [run ] ht8 dramhit k=18 rep 4/5
  [run ] ok   set_mops=1421   -> dramhit_ht8_k18_r4_20260920-142953.log
  [run ] ht8 dramhit k=18 rep 5/5
  [run ] ok   set_mops=1402   -> dramhit_ht8_k18_r5_20260920-142953.log
  [run ] ht8 dramhit k=19 rep 1/5
  [run ] ok   set_mops=1413   -> dramhit_ht8_k19_r1_20260920-142953.log
  [run ] ht8 dramhit k=19 rep 2/5
  [run ] ok   set_mops=1262   -> dramhit_ht8_k19_r2_20260920-142953.log
  [run ] ht8 dramhit k=19 rep 3/5
  [run ] ok   set_mops=1414   -> dramhit_ht8_k19_r3_20260920-142953.log
  [run ] ht8 dramhit k=19 rep 4/5
  [run ] ok   set_mops=1263   -> dramhit_ht8_k19_r4_20260920-142953.log
  [run ] ht8 dramhit k=19 rep 5/5
  [run ] ok   set_mops=1413   -> dramhit_ht8_k19_r5_20260920-142953.log
  [run ] ht8 dramhit k=20 rep 1/5
  [run ] ok   set_mops=1252   -> dramhit_ht8_k20_r1_20260920-142953.log
  [run ] ht8 dramhit k=20 rep 2/5
  [run ] ok   set_mops=1276   -> dramhit_ht8_k20_r2_20260920-142953.log
  [run ] ht8 dramhit k=20 rep 3/5
  [run ] ok   set_mops=1255   -> dramhit_ht8_k20_r3_20260920-142953.log
  [run ] ht8 dramhit k=20 rep 4/5
  [run ] ok   set_mops=1278   -> dramhit_ht8_k20_r4_20260920-142953.log
  [run ] ht8 dramhit k=20 rep 5/5
  [run ] ok   set_mops=1256   -> dramhit_ht8_k20_r5_20260920-142953.log
  [run ] ht8 dramhit k=21 rep 1/5
  [run ] ok   set_mops=1430   -> dramhit_ht8_k21_r1_20260920-142953.log
  [run ] ht8 dramhit k=21 rep 2/5
  [run ] ok   set_mops=1418   -> dramhit_ht8_k21_r2_20260920-142953.log
  [run ] ht8 dramhit k=21 rep 3/5
  [run ] ok   set_mops=1437   -> dramhit_ht8_k21_r3_20260920-142953.log
  [run ] ht8 dramhit k=21 rep 4/5
  [run ] ok   set_mops=1416   -> dramhit_ht8_k21_r4_20260920-142953.log
  [run ] ht8 dramhit k=21 rep 5/5
  [run ] ok   set_mops=1439   -> dramhit_ht8_k21_r5_20260920-142953.log
  [run ] ht8 dramhit k=22 rep 1/5
  [run ] ok   set_mops=1426   -> dramhit_ht8_k22_r1_20260920-142953.log
  [run ] ht8 dramhit k=22 rep 2/5
  [run ] ok   set_mops=1441   -> dramhit_ht8_k22_r2_20260920-142953.log
  [run ] ht8 dramhit k=22 rep 3/5
  [run ] ok   set_mops=1429   -> dramhit_ht8_k22_r3_20260920-142953.log
  [run ] ht8 dramhit k=22 rep 4/5
  [run ] ok   set_mops=1435   -> dramhit_ht8_k22_r4_20260920-142953.log
  [run ] ht8 dramhit k=22 rep 5/5
  [run ] ok   set_mops=1429   -> dramhit_ht8_k22_r5_20260920-142953.log
  [run ] ht8 dramhit k=23 rep 1/5
  [run ] ok   set_mops=1438   -> dramhit_ht8_k23_r1_20260920-142953.log
  [run ] ht8 dramhit k=23 rep 2/5
  [run ] ok   set_mops=1439   -> dramhit_ht8_k23_r2_20260920-142953.log
  [run ] ht8 dramhit k=23 rep 3/5
  [run ] ok   set_mops=1436   -> dramhit_ht8_k23_r3_20260920-142953.log
  [run ] ht8 dramhit k=23 rep 4/5
  [run ] ok   set_mops=1437   -> dramhit_ht8_k23_r4_20260920-142953.log
  [run ] ht8 dramhit k=23 rep 5/5
  [run ] ok   set_mops=1434   -> dramhit_ht8_k23_r5_20260920-142953.log
  [run ] ht8 dramhit k=24 rep 1/5
  [run ] ok   set_mops=1440   -> dramhit_ht8_k24_r1_20260920-142953.log
  [run ] ht8 dramhit k=24 rep 2/5
  [run ] ok   set_mops=1450   -> dramhit_ht8_k24_r2_20260920-142953.log
  [run ] ht8 dramhit k=24 rep 3/5
  [run ] ok   set_mops=1432   -> dramhit_ht8_k24_r3_20260920-142953.log
  [run ] ht8 dramhit k=24 rep 4/5
  [run ] ok   set_mops=1450   -> dramhit_ht8_k24_r4_20260920-142953.log
  [run ] ht8 dramhit k=24 rep 5/5
  [run ] ok   set_mops=1436   -> dramhit_ht8_k24_r5_20260920-142953.log
  [run ] ht8 dramhit k=25 rep 1/5
  [run ] ok   set_mops=1463   -> dramhit_ht8_k25_r1_20260920-142953.log
  [run ] ht8 dramhit k=25 rep 2/5
  [run ] ok   set_mops=1413   -> dramhit_ht8_k25_r2_20260920-142953.log
  [run ] ht8 dramhit k=25 rep 3/5
  [run ] ok   set_mops=1461   -> dramhit_ht8_k25_r3_20260920-142953.log
  [run ] ht8 dramhit k=25 rep 4/5
  [run ] ok   set_mops=1407   -> dramhit_ht8_k25_r4_20260920-142953.log
  [run ] ht8 dramhit k=25 rep 5/5
  [run ] ok   set_mops=1459   -> dramhit_ht8_k25_r5_20260920-142953.log
  [run ] ht8 dramhit k=26 rep 1/5
  [run ] ok   set_mops=1443   -> dramhit_ht8_k26_r1_20260920-142953.log
  [run ] ht8 dramhit k=26 rep 2/5
  [run ] ok   set_mops=1482   -> dramhit_ht8_k26_r2_20260920-142953.log
  [run ] ht8 dramhit k=26 rep 3/5
  [run ] ok   set_mops=1442   -> dramhit_ht8_k26_r3_20260920-142953.log
  [run ] ht8 dramhit k=26 rep 4/5
  [run ] ok   set_mops=1483   -> dramhit_ht8_k26_r4_20260920-142953.log
  [run ] ht8 dramhit k=26 rep 5/5
  [run ] ok   set_mops=1440   -> dramhit_ht8_k26_r5_20260920-142953.log
  [run ] ht8 dramhit k=27 rep 1/5
  [run ] ok   set_mops=1314   -> dramhit_ht8_k27_r1_20260920-142953.log
  [run ] ht8 dramhit k=27 rep 2/5
  [run ] ok   set_mops=1299   -> dramhit_ht8_k27_r2_20260920-142953.log
  [run ] ht8 dramhit k=27 rep 3/5
  [run ] ok   set_mops=1314   -> dramhit_ht8_k27_r3_20260920-142953.log
  [run ] ht8 dramhit k=27 rep 4/5
  [run ] ok   set_mops=1302   -> dramhit_ht8_k27_r4_20260920-142953.log
  [run ] ht8 dramhit k=27 rep 5/5
  [run ] ok   set_mops=1314   -> dramhit_ht8_k27_r5_20260920-142953.log
  [run ] ht8 dramhit k=28 rep 1/5
  [run ] ok   set_mops=1477   -> dramhit_ht8_k28_r1_20260920-142953.log
  [run ] ht8 dramhit k=28 rep 2/5
  [run ] ok   set_mops=1299   -> dramhit_ht8_k28_r2_20260920-142953.log
  [run ] ht8 dramhit k=28 rep 3/5
  [run ] ok   set_mops=1474   -> dramhit_ht8_k28_r3_20260920-142953.log
  [run ] ht8 dramhit k=28 rep 4/5
  [run ] ok   set_mops=1299   -> dramhit_ht8_k28_r4_20260920-142953.log
  [run ] ht8 dramhit k=28 rep 5/5
  [run ] ok   set_mops=1471   -> dramhit_ht8_k28_r5_20260920-142953.log
  [run ] ht8 dramhit k=29 rep 1/5
  [run ] ok   set_mops=1453   -> dramhit_ht8_k29_r1_20260920-142953.log
  [run ] ht8 dramhit k=29 rep 2/5
  [run ] ok   set_mops=1461   -> dramhit_ht8_k29_r2_20260920-142953.log
  [run ] ht8 dramhit k=29 rep 3/5
  [run ] ok   set_mops=1458   -> dramhit_ht8_k29_r3_20260920-142953.log
  [run ] ht8 dramhit k=29 rep 4/5
  [run ] ok   set_mops=1458   -> dramhit_ht8_k29_r4_20260920-142953.log
  [run ] ht8 dramhit k=29 rep 5/5
  [run ] ok   set_mops=1455   -> dramhit_ht8_k29_r5_20260920-142953.log
  [run ] ht8 dramhit k=30 rep 1/5
  [run ] ok   set_mops=1493   -> dramhit_ht8_k30_r1_20260920-142953.log
  [run ] ht8 dramhit k=30 rep 2/5
  [run ] ok   set_mops=1500   -> dramhit_ht8_k30_r2_20260920-142953.log
  [run ] ht8 dramhit k=30 rep 3/5
  [run ] ok   set_mops=1491   -> dramhit_ht8_k30_r3_20260920-142953.log
  [run ] ht8 dramhit k=30 rep 4/5
  [run ] ok   set_mops=1504   -> dramhit_ht8_k30_r4_20260920-142953.log
  [run ] ht8 dramhit k=30 rep 5/5
  [run ] ok   set_mops=1489   -> dramhit_ht8_k30_r5_20260920-142953.log
  [run ] ht8 dramhit k=31 rep 1/5
  [run ] ok   set_mops=1536   -> dramhit_ht8_k31_r1_20260920-142953.log
  [run ] ht8 dramhit k=31 rep 2/5
  [run ] ok   set_mops=1525   -> dramhit_ht8_k31_r2_20260920-142953.log
  [run ] ht8 dramhit k=31 rep 3/5
  [run ] ok   set_mops=1534   -> dramhit_ht8_k31_r3_20260920-142953.log
  [run ] ht8 dramhit k=31 rep 4/5
  [run ] ok   set_mops=1527   -> dramhit_ht8_k31_r4_20260920-142953.log
  [run ] ht8 dramhit k=31 rep 5/5
  [run ] ok   set_mops=1531   -> dramhit_ht8_k31_r5_20260920-142953.log
  [run ] ht8 dramhit k=32 rep 1/5
  [run ] ok   set_mops=1542   -> dramhit_ht8_k32_r1_20260920-142953.log
  [run ] ht8 dramhit k=32 rep 2/5
  [run ] ok   set_mops=1538   -> dramhit_ht8_k32_r2_20260920-142953.log
  [run ] ht8 dramhit k=32 rep 3/5
  [run ] ok   set_mops=1539   -> dramhit_ht8_k32_r3_20260920-142953.log
  [run ] ht8 dramhit k=32 rep 4/5
  [run ] ok   set_mops=1539   -> dramhit_ht8_k32_r4_20260920-142953.log
  [run ] ht8 dramhit k=32 rep 5/5
  [run ] ok   set_mops=1529   -> dramhit_ht8_k32_r5_20260920-142953.log

------------------------------------------------------------------------------
  ht-type 1 (dramhit-p)
------------------------------------------------------------------------------
  [pool] planning and reserving for ht-type 1
  [pool]     TOTAL RESERVED   99.8 GiB  =  67.8 GiB staging  +  32.0 GiB table
  [pool]  reserve command  /opt/DRAMHiT/scripts/eurosys_2026/collect_kmer/../../reserve_hugepages.sh n0_32gb_18304mb n1_32gb_18304mb
  [run ] ht1 dramhit-p k=10 rep 1/5
  [run ] ok   set_mops=2777   -> dramhit-p_ht1_k10_r1_20260920-142953.log
  [run ] ht1 dramhit-p k=10 rep 2/5
  [run ] ok   set_mops=2773   -> dramhit-p_ht1_k10_r2_20260920-142953.log
  [run ] ht1 dramhit-p k=10 rep 3/5
  [run ] ok   set_mops=2793   -> dramhit-p_ht1_k10_r3_20260920-142953.log
  [run ] ht1 dramhit-p k=10 rep 4/5
  [run ] ok   set_mops=2738   -> dramhit-p_ht1_k10_r4_20260920-142953.log
  [run ] ht1 dramhit-p k=10 rep 5/5
  [run ] ok   set_mops=2801   -> dramhit-p_ht1_k10_r5_20260920-142953.log
  [run ] ht1 dramhit-p k=11 rep 1/5
  [run ] ok   set_mops=2724   -> dramhit-p_ht1_k11_r1_20260920-142953.log
  [run ] ht1 dramhit-p k=11 rep 2/5
  [run ] ok   set_mops=2727   -> dramhit-p_ht1_k11_r2_20260920-142953.log
  [run ] ht1 dramhit-p k=11 rep 3/5
  [run ] ok   set_mops=2722   -> dramhit-p_ht1_k11_r3_20260920-142953.log
  [run ] ht1 dramhit-p k=11 rep 4/5
  [run ] ok   set_mops=2724   -> dramhit-p_ht1_k11_r4_20260920-142953.log
  [run ] ht1 dramhit-p k=11 rep 5/5
  [run ] ok   set_mops=2735   -> dramhit-p_ht1_k11_r5_20260920-142953.log
  [run ] ht1 dramhit-p k=12 rep 1/5
  [run ] ok   set_mops=2541   -> dramhit-p_ht1_k12_r1_20260920-142953.log
  [run ] ht1 dramhit-p k=12 rep 2/5
  [run ] ok   set_mops=2530   -> dramhit-p_ht1_k12_r2_20260920-142953.log
  [run ] ht1 dramhit-p k=12 rep 3/5
  [run ] ok   set_mops=2548   -> dramhit-p_ht1_k12_r3_20260920-142953.log
  [run ] ht1 dramhit-p k=12 rep 4/5
  [run ] ok   set_mops=2486   -> dramhit-p_ht1_k12_r4_20260920-142953.log
  [run ] ht1 dramhit-p k=12 rep 5/5
  [run ] ok   set_mops=2532   -> dramhit-p_ht1_k12_r5_20260920-142953.log
  [run ] ht1 dramhit-p k=13 rep 1/5
  [run ] ok   set_mops=2259   -> dramhit-p_ht1_k13_r1_20260920-142953.log
  [run ] ht1 dramhit-p k=13 rep 2/5
  [run ] ok   set_mops=2428   -> dramhit-p_ht1_k13_r2_20260920-142953.log
  [run ] ht1 dramhit-p k=13 rep 3/5
  [run ] ok   set_mops=2386   -> dramhit-p_ht1_k13_r3_20260920-142953.log
  [run ] ht1 dramhit-p k=13 rep 4/5
  [run ] ok   set_mops=2258   -> dramhit-p_ht1_k13_r4_20260920-142953.log
  [run ] ht1 dramhit-p k=13 rep 5/5
  [run ] ok   set_mops=2419   -> dramhit-p_ht1_k13_r5_20260920-142953.log
  [run ] ht1 dramhit-p k=14 rep 1/5
  [run ] ok   set_mops=2375   -> dramhit-p_ht1_k14_r1_20260920-142953.log
  [run ] ht1 dramhit-p k=14 rep 2/5
  [run ] ok   set_mops=2352   -> dramhit-p_ht1_k14_r2_20260920-142953.log
  [run ] ht1 dramhit-p k=14 rep 3/5
  [run ] ok   set_mops=2399   -> dramhit-p_ht1_k14_r3_20260920-142953.log
  [run ] ht1 dramhit-p k=14 rep 4/5
  [run ] ok   set_mops=2369   -> dramhit-p_ht1_k14_r4_20260920-142953.log
  [run ] ht1 dramhit-p k=14 rep 5/5
  [run ] ok   set_mops=2104   -> dramhit-p_ht1_k14_r5_20260920-142953.log
  [run ] ht1 dramhit-p k=15 rep 1/5
  [run ] ok   set_mops=2079   -> dramhit-p_ht1_k15_r1_20260920-142953.log
  [run ] ht1 dramhit-p k=15 rep 2/5
  [run ] ok   set_mops=2325   -> dramhit-p_ht1_k15_r2_20260920-142953.log
  [run ] ht1 dramhit-p k=15 rep 3/5
  [run ] ok   set_mops=2062   -> dramhit-p_ht1_k15_r3_20260920-142953.log
  [run ] ht1 dramhit-p k=15 rep 4/5
  [run ] ok   set_mops=2346   -> dramhit-p_ht1_k15_r4_20260920-142953.log
  [run ] ht1 dramhit-p k=15 rep 5/5
  [run ] ok   set_mops=2307   -> dramhit-p_ht1_k15_r5_20260920-142953.log
  [run ] ht1 dramhit-p k=16 rep 1/5
  [run ] ok   set_mops=2262   -> dramhit-p_ht1_k16_r1_20260920-142953.log
  [run ] ht1 dramhit-p k=16 rep 2/5
  [run ] ok   set_mops=2309   -> dramhit-p_ht1_k16_r2_20260920-142953.log
  [run ] ht1 dramhit-p k=16 rep 3/5
  [run ] ok   set_mops=2243   -> dramhit-p_ht1_k16_r3_20260920-142953.log
  [run ] ht1 dramhit-p k=16 rep 4/5
  [run ] ok   set_mops=2278   -> dramhit-p_ht1_k16_r4_20260920-142953.log
  [run ] ht1 dramhit-p k=16 rep 5/5
  [run ] ok   set_mops=2278   -> dramhit-p_ht1_k16_r5_20260920-142953.log
  [run ] ht1 dramhit-p k=17 rep 1/5
  [run ] ok   set_mops=2259   -> dramhit-p_ht1_k17_r1_20260920-142953.log
  [run ] ht1 dramhit-p k=17 rep 2/5
  [run ] ok   set_mops=2247   -> dramhit-p_ht1_k17_r2_20260920-142953.log
  [run ] ht1 dramhit-p k=17 rep 3/5
  [run ] ok   set_mops=2257   -> dramhit-p_ht1_k17_r3_20260920-142953.log
  [run ] ht1 dramhit-p k=17 rep 4/5
  [run ] ok   set_mops=2241   -> dramhit-p_ht1_k17_r4_20260920-142953.log
  [run ] ht1 dramhit-p k=17 rep 5/5
  [run ] ok   set_mops=2261   -> dramhit-p_ht1_k17_r5_20260920-142953.log
  [run ] ht1 dramhit-p k=18 rep 1/5
  [run ] ok   set_mops=2258   -> dramhit-p_ht1_k18_r1_20260920-142953.log
  [run ] ht1 dramhit-p k=18 rep 2/5
  [run ] ok   set_mops=2234   -> dramhit-p_ht1_k18_r2_20260920-142953.log
  [run ] ht1 dramhit-p k=18 rep 3/5
  [run ] ok   set_mops=2268   -> dramhit-p_ht1_k18_r3_20260920-142953.log
  [run ] ht1 dramhit-p k=18 rep 4/5
  [run ] ok   set_mops=2214   -> dramhit-p_ht1_k18_r4_20260920-142953.log
  [run ] ht1 dramhit-p k=18 rep 5/5
  [run ] ok   set_mops=2243   -> dramhit-p_ht1_k18_r5_20260920-142953.log
  [run ] ht1 dramhit-p k=19 rep 1/5
  [run ] ok   set_mops=2186   -> dramhit-p_ht1_k19_r1_20260920-142953.log
  [run ] ht1 dramhit-p k=19 rep 2/5
  [run ] ok   set_mops=2214   -> dramhit-p_ht1_k19_r2_20260920-142953.log
  [run ] ht1 dramhit-p k=19 rep 3/5
  [run ] ok   set_mops=2276   -> dramhit-p_ht1_k19_r3_20260920-142953.log
  [run ] ht1 dramhit-p k=19 rep 4/5
  [run ] ok   set_mops=2274   -> dramhit-p_ht1_k19_r4_20260920-142953.log
  [run ] ht1 dramhit-p k=19 rep 5/5
  [run ] ok   set_mops=2301   -> dramhit-p_ht1_k19_r5_20260920-142953.log
  [run ] ht1 dramhit-p k=20 rep 1/5
  [run ] ok   set_mops=2237   -> dramhit-p_ht1_k20_r1_20260920-142953.log
  [run ] ht1 dramhit-p k=20 rep 2/5
  [run ] ok   set_mops=2274   -> dramhit-p_ht1_k20_r2_20260920-142953.log
  [run ] ht1 dramhit-p k=20 rep 3/5
  [run ] ok   set_mops=2284   -> dramhit-p_ht1_k20_r3_20260920-142953.log
  [run ] ht1 dramhit-p k=20 rep 4/5
  [run ] ok   set_mops=2277   -> dramhit-p_ht1_k20_r4_20260920-142953.log
  [run ] ht1 dramhit-p k=20 rep 5/5
  [run ] ok   set_mops=2136   -> dramhit-p_ht1_k20_r5_20260920-142953.log
  [run ] ht1 dramhit-p k=21 rep 1/5
  [run ] ok   set_mops=2231   -> dramhit-p_ht1_k21_r1_20260920-142953.log
  [run ] ht1 dramhit-p k=21 rep 2/5
  [run ] ok   set_mops=2184   -> dramhit-p_ht1_k21_r2_20260920-142953.log
  [run ] ht1 dramhit-p k=21 rep 3/5
  [run ] ok   set_mops=2165   -> dramhit-p_ht1_k21_r3_20260920-142953.log
  [run ] ht1 dramhit-p k=21 rep 4/5
  [run ] ok   set_mops=2252   -> dramhit-p_ht1_k21_r4_20260920-142953.log
  [run ] ht1 dramhit-p k=21 rep 5/5
  [run ] ok   set_mops=2237   -> dramhit-p_ht1_k21_r5_20260920-142953.log
  [run ] ht1 dramhit-p k=22 rep 1/5
  [run ] ok   set_mops=2230   -> dramhit-p_ht1_k22_r1_20260920-142953.log
  [run ] ht1 dramhit-p k=22 rep 2/5
  [run ] ok   set_mops=2224   -> dramhit-p_ht1_k22_r2_20260920-142953.log
  [run ] ht1 dramhit-p k=22 rep 3/5
  [run ] ok   set_mops=2258   -> dramhit-p_ht1_k22_r3_20260920-142953.log
  [run ] ht1 dramhit-p k=22 rep 4/5
  [run ] ok   set_mops=2239   -> dramhit-p_ht1_k22_r4_20260920-142953.log
  [run ] ht1 dramhit-p k=22 rep 5/5
  [run ] ok   set_mops=2230   -> dramhit-p_ht1_k22_r5_20260920-142953.log
  [run ] ht1 dramhit-p k=23 rep 1/5
  [run ] ok   set_mops=2218   -> dramhit-p_ht1_k23_r1_20260920-142953.log
  [run ] ht1 dramhit-p k=23 rep 2/5
  [run ] ok   set_mops=2214   -> dramhit-p_ht1_k23_r2_20260920-142953.log
  [run ] ht1 dramhit-p k=23 rep 3/5
  [run ] ok   set_mops=2215   -> dramhit-p_ht1_k23_r3_20260920-142953.log
  [run ] ht1 dramhit-p k=23 rep 4/5
  [run ] ok   set_mops=2131   -> dramhit-p_ht1_k23_r4_20260920-142953.log
  [run ] ht1 dramhit-p k=23 rep 5/5
  [run ] ok   set_mops=2232   -> dramhit-p_ht1_k23_r5_20260920-142953.log
  [run ] ht1 dramhit-p k=24 rep 1/5
  [run ] ok   set_mops=2269   -> dramhit-p_ht1_k24_r1_20260920-142953.log
  [run ] ht1 dramhit-p k=24 rep 2/5
  [run ] ok   set_mops=2254   -> dramhit-p_ht1_k24_r2_20260920-142953.log
  [run ] ht1 dramhit-p k=24 rep 3/5
  [run ] ok   set_mops=2279   -> dramhit-p_ht1_k24_r3_20260920-142953.log
  [run ] ht1 dramhit-p k=24 rep 4/5
  [run ] ok   set_mops=2239   -> dramhit-p_ht1_k24_r4_20260920-142953.log
  [run ] ht1 dramhit-p k=24 rep 5/5
  [run ] ok   set_mops=2068   -> dramhit-p_ht1_k24_r5_20260920-142953.log
  [run ] ht1 dramhit-p k=25 rep 1/5
  [run ] ok   set_mops=2267   -> dramhit-p_ht1_k25_r1_20260920-142953.log
  [run ] ht1 dramhit-p k=25 rep 2/5
  [run ] ok   set_mops=2242   -> dramhit-p_ht1_k25_r2_20260920-142953.log
  [run ] ht1 dramhit-p k=25 rep 3/5
  [run ] ok   set_mops=2259   -> dramhit-p_ht1_k25_r3_20260920-142953.log
  [run ] ht1 dramhit-p k=25 rep 4/5
  [run ] ok   set_mops=2264   -> dramhit-p_ht1_k25_r4_20260920-142953.log
  [run ] ht1 dramhit-p k=25 rep 5/5
  [run ] ok   set_mops=2190   -> dramhit-p_ht1_k25_r5_20260920-142953.log
  [run ] ht1 dramhit-p k=26 rep 1/5
  [run ] ok   set_mops=2124   -> dramhit-p_ht1_k26_r1_20260920-142953.log
  [run ] ht1 dramhit-p k=26 rep 2/5
  [run ] ok   set_mops=2250   -> dramhit-p_ht1_k26_r2_20260920-142953.log
  [run ] ht1 dramhit-p k=26 rep 3/5
  [run ] ok   set_mops=2251   -> dramhit-p_ht1_k26_r3_20260920-142953.log
  [run ] ht1 dramhit-p k=26 rep 4/5
  [run ] ok   set_mops=2254   -> dramhit-p_ht1_k26_r4_20260920-142953.log
  [run ] ht1 dramhit-p k=26 rep 5/5
  [run ] ok   set_mops=2261   -> dramhit-p_ht1_k26_r5_20260920-142953.log
  [run ] ht1 dramhit-p k=27 rep 1/5
  [run ] ok   set_mops=2212   -> dramhit-p_ht1_k27_r1_20260920-142953.log
  [run ] ht1 dramhit-p k=27 rep 2/5
  [run ] ok   set_mops=2180   -> dramhit-p_ht1_k27_r2_20260920-142953.log
  [run ] ht1 dramhit-p k=27 rep 3/5
  [run ] ok   set_mops=2228   -> dramhit-p_ht1_k27_r3_20260920-142953.log
  [run ] ht1 dramhit-p k=27 rep 4/5
  [run ] ok   set_mops=2071   -> dramhit-p_ht1_k27_r4_20260920-142953.log
  [run ] ht1 dramhit-p k=27 rep 5/5
  [run ] ok   set_mops=2223   -> dramhit-p_ht1_k27_r5_20260920-142953.log
  [run ] ht1 dramhit-p k=28 rep 1/5
  [run ] ok   set_mops=2234   -> dramhit-p_ht1_k28_r1_20260920-142953.log
  [run ] ht1 dramhit-p k=28 rep 2/5
  [run ] ok   set_mops=2215   -> dramhit-p_ht1_k28_r2_20260920-142953.log
  [run ] ht1 dramhit-p k=28 rep 3/5
  [run ] ok   set_mops=2190   -> dramhit-p_ht1_k28_r3_20260920-142953.log
  [run ] ht1 dramhit-p k=28 rep 4/5
  [run ] ok   set_mops=2193   -> dramhit-p_ht1_k28_r4_20260920-142953.log
  [run ] ht1 dramhit-p k=28 rep 5/5
  [run ] ok   set_mops=2182   -> dramhit-p_ht1_k28_r5_20260920-142953.log
  [run ] ht1 dramhit-p k=29 rep 1/5
  [run ] ok   set_mops=2050   -> dramhit-p_ht1_k29_r1_20260920-142953.log
  [run ] ht1 dramhit-p k=29 rep 2/5
  [run ] ok   set_mops=2064   -> dramhit-p_ht1_k29_r2_20260920-142953.log
  [run ] ht1 dramhit-p k=29 rep 3/5
  [run ] ok   set_mops=2034   -> dramhit-p_ht1_k29_r3_20260920-142953.log
  [run ] ht1 dramhit-p k=29 rep 4/5
  [run ] ok   set_mops=2058   -> dramhit-p_ht1_k29_r4_20260920-142953.log
  [run ] ht1 dramhit-p k=29 rep 5/5
  [run ] ok   set_mops=2066   -> dramhit-p_ht1_k29_r5_20260920-142953.log
  [run ] ht1 dramhit-p k=30 rep 1/5
  [run ] ok   set_mops=2062   -> dramhit-p_ht1_k30_r1_20260920-142953.log
  [run ] ht1 dramhit-p k=30 rep 2/5
  [run ] ok   set_mops=2061   -> dramhit-p_ht1_k30_r2_20260920-142953.log
  [run ] ht1 dramhit-p k=30 rep 3/5
  [run ] ok   set_mops=1770   -> dramhit-p_ht1_k30_r3_20260920-142953.log
  [run ] ht1 dramhit-p k=30 rep 4/5
  [run ] ok   set_mops=2111   -> dramhit-p_ht1_k30_r4_20260920-142953.log
  [run ] ht1 dramhit-p k=30 rep 5/5
  [run ] ok   set_mops=2111   -> dramhit-p_ht1_k30_r5_20260920-142953.log
  [run ] ht1 dramhit-p k=31 rep 1/5
  [run ] ok   set_mops=2140   -> dramhit-p_ht1_k31_r1_20260920-142953.log
  [run ] ht1 dramhit-p k=31 rep 2/5
  [run ] ok   set_mops=2176   -> dramhit-p_ht1_k31_r2_20260920-142953.log
  [run ] ht1 dramhit-p k=31 rep 3/5
  [run ] ok   set_mops=2159   -> dramhit-p_ht1_k31_r3_20260920-142953.log
  [run ] ht1 dramhit-p k=31 rep 4/5
  [run ] ok   set_mops=2065   -> dramhit-p_ht1_k31_r4_20260920-142953.log
  [run ] ht1 dramhit-p k=31 rep 5/5
  [run ] ok   set_mops=2209   -> dramhit-p_ht1_k31_r5_20260920-142953.log
  [run ] ht1 dramhit-p k=32 rep 1/5
  [run ] ok   set_mops=2135   -> dramhit-p_ht1_k32_r1_20260920-142953.log
  [run ] ht1 dramhit-p k=32 rep 2/5
  [run ] ok   set_mops=2090   -> dramhit-p_ht1_k32_r2_20260920-142953.log
  [run ] ht1 dramhit-p k=32 rep 3/5
  [run ] ok   set_mops=2115   -> dramhit-p_ht1_k32_r3_20260920-142953.log
  [run ] ht1 dramhit-p k=32 rep 4/5
  [run ] ok   set_mops=2130   -> dramhit-p_ht1_k32_r4_20260920-142953.log
  [run ] ht1 dramhit-p k=32 rep 5/5
  [run ] ok   set_mops=1566   -> dramhit-p_ht1_k32_r5_20260920-142953.log

------------------------------------------------------------------------------
  ht-type 12 (dramblast-p)
------------------------------------------------------------------------------
  [pool] unchanged from the previous ht-type, keeping it
  [run ] ht12 dramblast-p k=10 rep 1/5
  [run ] ok   set_mops=3420   -> dramblast-p_ht12_k10_r1_20260920-142953.log
  [run ] ht12 dramblast-p k=10 rep 2/5
  [run ] ok   set_mops=3528   -> dramblast-p_ht12_k10_r2_20260920-142953.log
  [run ] ht12 dramblast-p k=10 rep 3/5
  [run ] ok   set_mops=3453   -> dramblast-p_ht12_k10_r3_20260920-142953.log
  [run ] ht12 dramblast-p k=10 rep 4/5
  [run ] ok   set_mops=3540   -> dramblast-p_ht12_k10_r4_20260920-142953.log
  [run ] ht12 dramblast-p k=10 rep 5/5
  [run ] ok   set_mops=3518   -> dramblast-p_ht12_k10_r5_20260920-142953.log
  [run ] ht12 dramblast-p k=11 rep 1/5
  [run ] ok   set_mops=3316   -> dramblast-p_ht12_k11_r1_20260920-142953.log
  [run ] ht12 dramblast-p k=11 rep 2/5
  [run ] ok   set_mops=3299   -> dramblast-p_ht12_k11_r2_20260920-142953.log
  [run ] ht12 dramblast-p k=11 rep 3/5
  [run ] ok   set_mops=3401   -> dramblast-p_ht12_k11_r3_20260920-142953.log
  [run ] ht12 dramblast-p k=11 rep 4/5
  [run ] ok   set_mops=3421   -> dramblast-p_ht12_k11_r4_20260920-142953.log
  [run ] ht12 dramblast-p k=11 rep 5/5
  [run ] ok   set_mops=3428   -> dramblast-p_ht12_k11_r5_20260920-142953.log
  [run ] ht12 dramblast-p k=12 rep 1/5
  [run ] ok   set_mops=3154   -> dramblast-p_ht12_k12_r1_20260920-142953.log
  [run ] ht12 dramblast-p k=12 rep 2/5
  [run ] ok   set_mops=3219   -> dramblast-p_ht12_k12_r2_20260920-142953.log
  [run ] ht12 dramblast-p k=12 rep 3/5
  [run ] ok   set_mops=3029   -> dramblast-p_ht12_k12_r3_20260920-142953.log
  [run ] ht12 dramblast-p k=12 rep 4/5
  [run ] ok   set_mops=2911   -> dramblast-p_ht12_k12_r4_20260920-142953.log
  [run ] ht12 dramblast-p k=12 rep 5/5
  [run ] ok   set_mops=3226   -> dramblast-p_ht12_k12_r5_20260920-142953.log
  [run ] ht12 dramblast-p k=13 rep 1/5
  [run ] ok   set_mops=2771   -> dramblast-p_ht12_k13_r1_20260920-142953.log
  [run ] ht12 dramblast-p k=13 rep 2/5
  [run ] ok   set_mops=2707   -> dramblast-p_ht12_k13_r2_20260920-142953.log
  [run ] ht12 dramblast-p k=13 rep 3/5
  [run ] ok   set_mops=2985   -> dramblast-p_ht12_k13_r3_20260920-142953.log
  [run ] ht12 dramblast-p k=13 rep 4/5
  [run ] ok   set_mops=2812   -> dramblast-p_ht12_k13_r4_20260920-142953.log
  [run ] ht12 dramblast-p k=13 rep 5/5
  [run ] ok   set_mops=2825   -> dramblast-p_ht12_k13_r5_20260920-142953.log
  [run ] ht12 dramblast-p k=14 rep 1/5
  [run ] ok   set_mops=2799   -> dramblast-p_ht12_k14_r1_20260920-142953.log
  [run ] ht12 dramblast-p k=14 rep 2/5
  [run ] ok   set_mops=2669   -> dramblast-p_ht12_k14_r2_20260920-142953.log
  [run ] ht12 dramblast-p k=14 rep 3/5
  [run ] ok   set_mops=2802   -> dramblast-p_ht12_k14_r3_20260920-142953.log
  [run ] ht12 dramblast-p k=14 rep 4/5
  [run ] ok   set_mops=2618   -> dramblast-p_ht12_k14_r4_20260920-142953.log
  [run ] ht12 dramblast-p k=14 rep 5/5
  [run ] ok   set_mops=2827   -> dramblast-p_ht12_k14_r5_20260920-142953.log
  [run ] ht12 dramblast-p k=15 rep 1/5
  [run ] ok   set_mops=2698   -> dramblast-p_ht12_k15_r1_20260920-142953.log
  [run ] ht12 dramblast-p k=15 rep 2/5
  [run ] ok   set_mops=2716   -> dramblast-p_ht12_k15_r2_20260920-142953.log
  [run ] ht12 dramblast-p k=15 rep 3/5
  [run ] ok   set_mops=2713   -> dramblast-p_ht12_k15_r3_20260920-142953.log
  [run ] ht12 dramblast-p k=15 rep 4/5
  [run ] ok   set_mops=2622   -> dramblast-p_ht12_k15_r4_20260920-142953.log
  [run ] ht12 dramblast-p k=15 rep 5/5
  [run ] ok   set_mops=2699   -> dramblast-p_ht12_k15_r5_20260920-142953.log
  [run ] ht12 dramblast-p k=16 rep 1/5
  [run ] ok   set_mops=2681   -> dramblast-p_ht12_k16_r1_20260920-142953.log
  [run ] ht12 dramblast-p k=16 rep 2/5
  [run ] ok   set_mops=2621   -> dramblast-p_ht12_k16_r2_20260920-142953.log
  [run ] ht12 dramblast-p k=16 rep 3/5
  [run ] ok   set_mops=2662   -> dramblast-p_ht12_k16_r3_20260920-142953.log
  [run ] ht12 dramblast-p k=16 rep 4/5
  [run ] ok   set_mops=2676   -> dramblast-p_ht12_k16_r4_20260920-142953.log
  [run ] ht12 dramblast-p k=16 rep 5/5
  [run ] ok   set_mops=2683   -> dramblast-p_ht12_k16_r5_20260920-142953.log
  [run ] ht12 dramblast-p k=17 rep 1/5
  [run ] ok   set_mops=2595   -> dramblast-p_ht12_k17_r1_20260920-142953.log
  [run ] ht12 dramblast-p k=17 rep 2/5
  [run ] ok   set_mops=2646   -> dramblast-p_ht12_k17_r2_20260920-142953.log
  [run ] ht12 dramblast-p k=17 rep 3/5
  [run ] ok   set_mops=2649   -> dramblast-p_ht12_k17_r3_20260920-142953.log
  [run ] ht12 dramblast-p k=17 rep 4/5
  [run ] ok   set_mops=2631   -> dramblast-p_ht12_k17_r4_20260920-142953.log
  [run ] ht12 dramblast-p k=17 rep 5/5
  [run ] ok   set_mops=2637   -> dramblast-p_ht12_k17_r5_20260920-142953.log
  [run ] ht12 dramblast-p k=18 rep 1/5
  [run ] ok   set_mops=1496   -> dramblast-p_ht12_k18_r1_20260920-142953.log
  [run ] ht12 dramblast-p k=18 rep 2/5
  [run ] ok   set_mops=2602   -> dramblast-p_ht12_k18_r2_20260920-142953.log
  [run ] ht12 dramblast-p k=18 rep 3/5
  [run ] ok   set_mops=2636   -> dramblast-p_ht12_k18_r3_20260920-142953.log
  [run ] ht12 dramblast-p k=18 rep 4/5
  [run ] ok   set_mops=2647   -> dramblast-p_ht12_k18_r4_20260920-142953.log
  [run ] ht12 dramblast-p k=18 rep 5/5
  [run ] ok   set_mops=2626   -> dramblast-p_ht12_k18_r5_20260920-142953.log
  [run ] ht12 dramblast-p k=19 rep 1/5
  [run ] ok   set_mops=2618   -> dramblast-p_ht12_k19_r1_20260920-142953.log
  [run ] ht12 dramblast-p k=19 rep 2/5
  [run ] ok   set_mops=2629   -> dramblast-p_ht12_k19_r2_20260920-142953.log
  [run ] ht12 dramblast-p k=19 rep 3/5
  [run ] ok   set_mops=2601   -> dramblast-p_ht12_k19_r3_20260920-142953.log
  [run ] ht12 dramblast-p k=19 rep 4/5
  [run ] ok   set_mops=2600   -> dramblast-p_ht12_k19_r4_20260920-142953.log
  [run ] ht12 dramblast-p k=19 rep 5/5
  [run ] ok   set_mops=2664   -> dramblast-p_ht12_k19_r5_20260920-142953.log
  [run ] ht12 dramblast-p k=20 rep 1/5
  [run ] ok   set_mops=2653   -> dramblast-p_ht12_k20_r1_20260920-142953.log
  [run ] ht12 dramblast-p k=20 rep 2/5
  [run ] ok   set_mops=2527   -> dramblast-p_ht12_k20_r2_20260920-142953.log
  [run ] ht12 dramblast-p k=20 rep 3/5
  [run ] ok   set_mops=2658   -> dramblast-p_ht12_k20_r3_20260920-142953.log
  [run ] ht12 dramblast-p k=20 rep 4/5
  [run ] ok   set_mops=2546   -> dramblast-p_ht12_k20_r4_20260920-142953.log
  [run ] ht12 dramblast-p k=20 rep 5/5
  [run ] ok   set_mops=2602   -> dramblast-p_ht12_k20_r5_20260920-142953.log
  [run ] ht12 dramblast-p k=21 rep 1/5
  [run ] ok   set_mops=2626   -> dramblast-p_ht12_k21_r1_20260920-142953.log
  [run ] ht12 dramblast-p k=21 rep 2/5
  [run ] ok   set_mops=2625   -> dramblast-p_ht12_k21_r2_20260920-142953.log
  [run ] ht12 dramblast-p k=21 rep 3/5
  [run ] ok   set_mops=2626   -> dramblast-p_ht12_k21_r3_20260920-142953.log
  [run ] ht12 dramblast-p k=21 rep 4/5
  [run ] ok   set_mops=2651   -> dramblast-p_ht12_k21_r4_20260920-142953.log
  [run ] ht12 dramblast-p k=21 rep 5/5
  [run ] ok   set_mops=2640   -> dramblast-p_ht12_k21_r5_20260920-142953.log
  [run ] ht12 dramblast-p k=22 rep 1/5
  [run ] ok   set_mops=2630   -> dramblast-p_ht12_k22_r1_20260920-142953.log
  [run ] ht12 dramblast-p k=22 rep 2/5
  [run ] ok   set_mops=2555   -> dramblast-p_ht12_k22_r2_20260920-142953.log
  [run ] ht12 dramblast-p k=22 rep 3/5
  [run ] ok   set_mops=2627   -> dramblast-p_ht12_k22_r3_20260920-142953.log
  [run ] ht12 dramblast-p k=22 rep 4/5
  [run ] ok   set_mops=2550   -> dramblast-p_ht12_k22_r4_20260920-142953.log
  [run ] ht12 dramblast-p k=22 rep 5/5
  [run ] ok   set_mops=2623   -> dramblast-p_ht12_k22_r5_20260920-142953.log
  [run ] ht12 dramblast-p k=23 rep 1/5
  [run ] ok   set_mops=2556   -> dramblast-p_ht12_k23_r1_20260920-142953.log
  [run ] ht12 dramblast-p k=23 rep 2/5
  [run ] ok   set_mops=2601   -> dramblast-p_ht12_k23_r2_20260920-142953.log
  [run ] ht12 dramblast-p k=23 rep 3/5
  [run ] ok   set_mops=2592   -> dramblast-p_ht12_k23_r3_20260920-142953.log
  [run ] ht12 dramblast-p k=23 rep 4/5
  [run ] ok   set_mops=2605   -> dramblast-p_ht12_k23_r4_20260920-142953.log
  [run ] ht12 dramblast-p k=23 rep 5/5
  [run ] ok   set_mops=2593   -> dramblast-p_ht12_k23_r5_20260920-142953.log
  [run ] ht12 dramblast-p k=24 rep 1/5
  [run ] ok   set_mops=2464   -> dramblast-p_ht12_k24_r1_20260920-142953.log
  [run ] ht12 dramblast-p k=24 rep 2/5
  [run ] ok   set_mops=2572   -> dramblast-p_ht12_k24_r2_20260920-142953.log
  [run ] ht12 dramblast-p k=24 rep 3/5
  [run ] ok   set_mops=2600   -> dramblast-p_ht12_k24_r3_20260920-142953.log
  [run ] ht12 dramblast-p k=24 rep 4/5
  [run ] ok   set_mops=2505   -> dramblast-p_ht12_k24_r4_20260920-142953.log
  [run ] ht12 dramblast-p k=24 rep 5/5
  [run ] ok   set_mops=2532   -> dramblast-p_ht12_k24_r5_20260920-142953.log
  [run ] ht12 dramblast-p k=25 rep 1/5
  [run ] ok   set_mops=2547   -> dramblast-p_ht12_k25_r1_20260920-142953.log
  [run ] ht12 dramblast-p k=25 rep 2/5
  [run ] ok   set_mops=2628   -> dramblast-p_ht12_k25_r2_20260920-142953.log
  [run ] ht12 dramblast-p k=25 rep 3/5
  [run ] ok   set_mops=2569   -> dramblast-p_ht12_k25_r3_20260920-142953.log
  [run ] ht12 dramblast-p k=25 rep 4/5
  [run ] ok   set_mops=2573   -> dramblast-p_ht12_k25_r4_20260920-142953.log
  [run ] ht12 dramblast-p k=25 rep 5/5
  [run ] ok   set_mops=2536   -> dramblast-p_ht12_k25_r5_20260920-142953.log
  [run ] ht12 dramblast-p k=26 rep 1/5
  [run ] ok   set_mops=2586   -> dramblast-p_ht12_k26_r1_20260920-142953.log
  [run ] ht12 dramblast-p k=26 rep 2/5
  [run ] ok   set_mops=2579   -> dramblast-p_ht12_k26_r2_20260920-142953.log
  [run ] ht12 dramblast-p k=26 rep 3/5
  [run ] ok   set_mops=2570   -> dramblast-p_ht12_k26_r3_20260920-142953.log
  [run ] ht12 dramblast-p k=26 rep 4/5
  [run ] ok   set_mops=2504   -> dramblast-p_ht12_k26_r4_20260920-142953.log
  [run ] ht12 dramblast-p k=26 rep 5/5
  [run ] ok   set_mops=2591   -> dramblast-p_ht12_k26_r5_20260920-142953.log
  [run ] ht12 dramblast-p k=27 rep 1/5
  [run ] ok   set_mops=2501   -> dramblast-p_ht12_k27_r1_20260920-142953.log
  [run ] ht12 dramblast-p k=27 rep 2/5
  [run ] ok   set_mops=2553   -> dramblast-p_ht12_k27_r2_20260920-142953.log
  [run ] ht12 dramblast-p k=27 rep 3/5
  [run ] ok   set_mops=1495   -> dramblast-p_ht12_k27_r3_20260920-142953.log
  [run ] ht12 dramblast-p k=27 rep 4/5
  [run ] ok   set_mops=2526   -> dramblast-p_ht12_k27_r4_20260920-142953.log
  [run ] ht12 dramblast-p k=27 rep 5/5
  [run ] ok   set_mops=2579   -> dramblast-p_ht12_k27_r5_20260920-142953.log
  [run ] ht12 dramblast-p k=28 rep 1/5
  [run ] ok   set_mops=2568   -> dramblast-p_ht12_k28_r1_20260920-142953.log
  [run ] ht12 dramblast-p k=28 rep 2/5
  [run ] ok   set_mops=2565   -> dramblast-p_ht12_k28_r2_20260920-142953.log
  [run ] ht12 dramblast-p k=28 rep 3/5
  [run ] ok   set_mops=2396   -> dramblast-p_ht12_k28_r3_20260920-142953.log
  [run ] ht12 dramblast-p k=28 rep 4/5
  [run ] ok   set_mops=2431   -> dramblast-p_ht12_k28_r4_20260920-142953.log
  [run ] ht12 dramblast-p k=28 rep 5/5
  [run ] ok   set_mops=2576   -> dramblast-p_ht12_k28_r5_20260920-142953.log
  [run ] ht12 dramblast-p k=29 rep 1/5
  [run ] ok   set_mops=2415   -> dramblast-p_ht12_k29_r1_20260920-142953.log
  [run ] ht12 dramblast-p k=29 rep 2/5
  [run ] ok   set_mops=2398   -> dramblast-p_ht12_k29_r2_20260920-142953.log
  [run ] ht12 dramblast-p k=29 rep 3/5
  [run ] ok   set_mops=2419   -> dramblast-p_ht12_k29_r3_20260920-142953.log
  [run ] ht12 dramblast-p k=29 rep 4/5
  [run ] ok   set_mops=2395   -> dramblast-p_ht12_k29_r4_20260920-142953.log
  [run ] ht12 dramblast-p k=29 rep 5/5
  [run ] ok   set_mops=2380   -> dramblast-p_ht12_k29_r5_20260920-142953.log
  [run ] ht12 dramblast-p k=30 rep 1/5
  [run ] ok   set_mops=2462   -> dramblast-p_ht12_k30_r1_20260920-142953.log
  [run ] ht12 dramblast-p k=30 rep 2/5
  [run ] ok   set_mops=2481   -> dramblast-p_ht12_k30_r2_20260920-142953.log
  [run ] ht12 dramblast-p k=30 rep 3/5
  [run ] ok   set_mops=2493   -> dramblast-p_ht12_k30_r3_20260920-142953.log
  [run ] ht12 dramblast-p k=30 rep 4/5
  [run ] ok   set_mops=2459   -> dramblast-p_ht12_k30_r4_20260920-142953.log
  [run ] ht12 dramblast-p k=30 rep 5/5
  [run ] ok   set_mops=2459   -> dramblast-p_ht12_k30_r5_20260920-142953.log
  [run ] ht12 dramblast-p k=31 rep 1/5
  [run ] ok   set_mops=2447   -> dramblast-p_ht12_k31_r1_20260920-142953.log
  [run ] ht12 dramblast-p k=31 rep 2/5
  [run ] ok   set_mops=2538   -> dramblast-p_ht12_k31_r2_20260920-142953.log
  [run ] ht12 dramblast-p k=31 rep 3/5
  [run ] ok   set_mops=2441   -> dramblast-p_ht12_k31_r3_20260920-142953.log
  [run ] ht12 dramblast-p k=31 rep 4/5
  [run ] ok   set_mops=2480   -> dramblast-p_ht12_k31_r4_20260920-142953.log
  [run ] ht12 dramblast-p k=31 rep 5/5
  [run ] ok   set_mops=2539   -> dramblast-p_ht12_k31_r5_20260920-142953.log
  [run ] ht12 dramblast-p k=32 rep 1/5
  [run ] ok   set_mops=2458   -> dramblast-p_ht12_k32_r1_20260920-142953.log
  [run ] ht12 dramblast-p k=32 rep 2/5
  [run ] ok   set_mops=2503   -> dramblast-p_ht12_k32_r2_20260920-142953.log
  [run ] ht12 dramblast-p k=32 rep 3/5
  [run ] ok   set_mops=2415   -> dramblast-p_ht12_k32_r3_20260920-142953.log
  [run ] ht12 dramblast-p k=32 rep 4/5
  [run ] ok   set_mops=2495   -> dramblast-p_ht12_k32_r4_20260920-142953.log
  [run ] ht12 dramblast-p k=32 rep 5/5
  [run ] ok   set_mops=2445   -> dramblast-p_ht12_k32_r5_20260920-142953.log

==============================================================================
  summary
==============================================================================
   ht label          k rep  set_mops          fill   fill%  status
    3 dramblast     10   1      1809       1048575     0.0  ok
    3 dramblast     10   2      1950       1048575     0.0  ok
    3 dramblast     10   3      1809       1048575     0.0  ok
    3 dramblast     10   4      1972       1048575     0.0  ok
    3 dramblast     10   5      1810       1048575     0.0  ok
    3 dramblast     11   1      1863       4194303     0.2  ok
    3 dramblast     11   2      1753       4194303     0.2  ok
    3 dramblast     11   3      1865       4194303     0.2  ok
    3 dramblast     11   4      1756       4194303     0.2  ok
    3 dramblast     11   5      1866       4194303     0.2  ok
    3 dramblast     12   1      1729      16777193     0.8  ok
    3 dramblast     12   2      1960      16777193     0.8  ok
    3 dramblast     12   3      1729      16777193     0.8  ok
    3 dramblast     12   4      1960      16777193     0.8  ok
    3 dramblast     12   5      1730      16777193     0.8  ok
    3 dramblast     13   1      1789      66795582     3.1  ok
    3 dramblast     13   2      1919      66795582     3.1  ok
    3 dramblast     13   3      1792      66795582     3.1  ok
    3 dramblast     13   4      1918      66795582     3.1  ok
    3 dramblast     13   5      1789      66795582     3.1  ok
    3 dramblast     14   1      1782     231473900    10.8  ok
    3 dramblast     14   2      1593     231473900    10.8  ok
    3 dramblast     14   3      1782     231473900    10.8  ok
    3 dramblast     14   4      1592     231473900    10.8  ok
    3 dramblast     14   5      1781     231473900    10.8  ok
    3 dramblast     15   1      1690     515915132    24.0  ok
    3 dramblast     15   2      1939     515915132    24.0  ok
    3 dramblast     15   3      1689     515915132    24.0  ok
    3 dramblast     15   4      1939     515915132    24.0  ok
    3 dramblast     15   5      1689     515915132    24.0  ok
    3 dramblast     16   1      1957     766033017    35.7  ok
    3 dramblast     16   2      1938     766033017    35.7  ok
    3 dramblast     16   3      1958     766033017    35.7  ok
    3 dramblast     16   4      1938     766033017    35.7  ok
    3 dramblast     16   5      1957     766033017    35.7  ok
    3 dramblast     17   1      1959     921085105    42.9  ok
    3 dramblast     17   2      1976     921085105    42.9  ok
    3 dramblast     17   3      1960     921085105    42.9  ok
    3 dramblast     17   4      1975     921085105    42.9  ok
    3 dramblast     17   5      1960     921085105    42.9  ok
    3 dramblast     18   1      2003    1012177031    47.1  ok
    3 dramblast     18   2      1972    1012177031    47.1  ok
    3 dramblast     18   3      2002    1012177031    47.1  ok
    3 dramblast     18   4      1973    1012177031    47.1  ok
    3 dramblast     18   5      2002    1012177031    47.1  ok
    3 dramblast     19   1      1820    1072562325    49.9  ok
    3 dramblast     19   2      1997    1072562325    49.9  ok
    3 dramblast     19   3      1822    1072562325    49.9  ok
    3 dramblast     19   4      1996    1072562325    49.9  ok
    3 dramblast     19   5      1819    1072562325    49.9  ok
    3 dramblast     20   1      1803    1119887688    52.1  ok
    3 dramblast     20   2      1789    1119887688    52.1  ok
    3 dramblast     20   3      1803    1119887688    52.1  ok
    3 dramblast     20   4      1789    1119887688    52.1  ok
    3 dramblast     20   5      1797    1119887688    52.1  ok
    3 dramblast     21   1      1984    1161736784    54.1  ok
    3 dramblast     21   2      2019    1161736784    54.1  ok
    3 dramblast     21   3      1985    1161736784    54.1  ok
    3 dramblast     21   4      2022    1161736784    54.1  ok
    3 dramblast     21   5      1985    1161736784    54.1  ok
    3 dramblast     22   1      2010    1201060325    55.9  ok
    3 dramblast     22   2      2004    1201060325    55.9  ok
    3 dramblast     22   3      2008    1201060325    55.9  ok
    3 dramblast     22   4      2002    1201060325    55.9  ok
    3 dramblast     22   5      2009    1201060325    55.9  ok
    3 dramblast     23   1      1995    1239041403    57.7  ok
    3 dramblast     23   2      1993    1239041403    57.7  ok
    3 dramblast     23   3      1997    1239041403    57.7  ok
    3 dramblast     23   4      1993    1239041403    57.7  ok
    3 dramblast     23   5      1994    1239041403    57.7  ok
    3 dramblast     24   1      2033    1276170020    59.4  ok
    3 dramblast     24   2      1979    1276170020    59.4  ok
    3 dramblast     24   3      2033    1276170020    59.4  ok
    3 dramblast     24   4      1980    1276170020    59.4  ok
    3 dramblast     24   5      2036    1276170020    59.4  ok
    3 dramblast     25   1      1997    1312661553    61.1  ok
    3 dramblast     25   2      2052    1312661553    61.1  ok
    3 dramblast     25   3      1994    1312661553    61.1  ok
    3 dramblast     25   4      2053    1312661553    61.1  ok
    3 dramblast     25   5      1997    1312661553    61.1  ok
    3 dramblast     26   1      2037    1348653266    62.8  ok
    3 dramblast     26   2      2012    1348653266    62.8  ok
    3 dramblast     26   3      2038    1348653266    62.8  ok
    3 dramblast     26   4      2011    1348653266    62.8  ok
    3 dramblast     26   5      2037    1348653266    62.8  ok
    3 dramblast     27   1      1868    1384192355    64.5  ok
    3 dramblast     27   2      1849    1384192355    64.5  ok
    3 dramblast     27   3      1863    1384192355    64.5  ok
    3 dramblast     27   4      1848    1384192355    64.5  ok
    3 dramblast     27   5      1861    1384192355    64.5  ok
    3 dramblast     28   1      1866    1419320396    66.1  ok
    3 dramblast     28   2      2067    1419320396    66.1  ok
    3 dramblast     28   3      1865    1419320396    66.1  ok
    3 dramblast     28   4      2067    1419320396    66.1  ok
    3 dramblast     28   5      1866    1419320396    66.1  ok
    3 dramblast     29   1      2081    1454075972    67.7  ok
    3 dramblast     29   2      2045    1454075972    67.7  ok
    3 dramblast     29   3      2080    1454075972    67.7  ok
    3 dramblast     29   4      2045    1454075972    67.7  ok
    3 dramblast     29   5      2079    1454075972    67.7  ok
    3 dramblast     30   1      2103    1488477239    69.3  ok
    3 dramblast     30   2      2082    1488477239    69.3  ok
    3 dramblast     30   3      2103    1488477239    69.3  ok
    3 dramblast     30   4      2083    1488477239    69.3  ok
    3 dramblast     30   5      2102    1488477239    69.3  ok
    3 dramblast     31   1      2102    1522525464    70.9  ok
    3 dramblast     31   2      2111    1522525464    70.9  ok
    3 dramblast     31   3      2105    1522525464    70.9  ok
    3 dramblast     31   4      2112    1522525464    70.9  ok
    3 dramblast     31   5      2105    1522525464    70.9  ok
    3 dramblast     32   1      2129    1556257953    72.5  ok
    3 dramblast     32   2      2112    1556257953    72.5  ok
    3 dramblast     32   3      2133    1556257953    72.5  ok
    3 dramblast     32   4      2113    1556257953    72.5  ok
    3 dramblast     32   5      2131    1556257953    72.5  ok
    8 dramhit       10   1      1386       1048575     0.0  ok
    8 dramhit       10   2      1286       1048575     0.0  ok
    8 dramhit       10   3      1384       1048575     0.0  ok
    8 dramhit       10   4      1286       1048575     0.0  ok
    8 dramhit       10   5      1386       1048575     0.0  ok
    8 dramhit       11   1      1274       4194303     0.2  ok
    8 dramhit       11   2      1383       4194303     0.2  ok
    8 dramhit       11   3      1275       4194303     0.2  ok
    8 dramhit       11   4      1384       4194303     0.2  ok
    8 dramhit       11   5      1274       4194303     0.2  ok
    8 dramhit       12   1      1392      16777193     0.8  ok
    8 dramhit       12   2      1258      16777193     0.8  ok
    8 dramhit       12   3      1392      16777193     0.8  ok
    8 dramhit       12   4      1257      16777193     0.8  ok
    8 dramhit       12   5      1390      16777193     0.8  ok
    8 dramhit       13   1      1397      66795582     3.1  ok
    8 dramhit       13   2      1249      66795582     3.1  ok
    8 dramhit       13   3      1401      66795582     3.1  ok
    8 dramhit       13   4      1247      66795582     3.1  ok
    8 dramhit       13   5      1398      66795582     3.1  ok
    8 dramhit       14   1      1147     231473900    10.8  ok
    8 dramhit       14   2      1285     231473900    10.8  ok
    8 dramhit       14   3      1146     231473900    10.8  ok
    8 dramhit       14   4      1284     231473900    10.8  ok
    8 dramhit       14   5      1148     231473900    10.8  ok
    8 dramhit       15   1      1429     515915132    24.0  ok
    8 dramhit       15   2      1207     515915132    24.0  ok
    8 dramhit       15   3      1430     515915132    24.0  ok
    8 dramhit       15   4      1210     515915132    24.0  ok
    8 dramhit       15   5      1430     515915132    24.0  ok
    8 dramhit       16   1      1399     766033017    35.7  ok
    8 dramhit       16   2      1399     766033017    35.7  ok
    8 dramhit       16   3      1399     766033017    35.7  ok
    8 dramhit       16   4      1400     766033017    35.7  ok
    8 dramhit       16   5      1402     766033017    35.7  ok
    8 dramhit       17   1      1404     921085105    42.9  ok
    8 dramhit       17   2      1411     921085105    42.9  ok
    8 dramhit       17   3      1401     921085105    42.9  ok
    8 dramhit       17   4      1412     921085105    42.9  ok
    8 dramhit       17   5      1404     921085105    42.9  ok
    8 dramhit       18   1      1403    1012177031    47.1  ok
    8 dramhit       18   2      1415    1012177031    47.1  ok
    8 dramhit       18   3      1402    1012177031    47.1  ok
    8 dramhit       18   4      1421    1012177031    47.1  ok
    8 dramhit       18   5      1402    1012177031    47.1  ok
    8 dramhit       19   1      1413    1072562325    49.9  ok
    8 dramhit       19   2      1262    1072562325    49.9  ok
    8 dramhit       19   3      1414    1072562325    49.9  ok
    8 dramhit       19   4      1263    1072562325    49.9  ok
    8 dramhit       19   5      1413    1072562325    49.9  ok
    8 dramhit       20   1      1252    1119887688    52.1  ok
    8 dramhit       20   2      1276    1119887688    52.1  ok
    8 dramhit       20   3      1255    1119887688    52.1  ok
    8 dramhit       20   4      1278    1119887688    52.1  ok
    8 dramhit       20   5      1256    1119887688    52.1  ok
    8 dramhit       21   1      1430    1161736784    54.1  ok
    8 dramhit       21   2      1418    1161736784    54.1  ok
    8 dramhit       21   3      1437    1161736784    54.1  ok
    8 dramhit       21   4      1416    1161736784    54.1  ok
    8 dramhit       21   5      1439    1161736784    54.1  ok
    8 dramhit       22   1      1426    1201060325    55.9  ok
    8 dramhit       22   2      1441    1201060325    55.9  ok
    8 dramhit       22   3      1429    1201060325    55.9  ok
    8 dramhit       22   4      1435    1201060325    55.9  ok
    8 dramhit       22   5      1429    1201060325    55.9  ok
    8 dramhit       23   1      1438    1239041403    57.7  ok
    8 dramhit       23   2      1439    1239041403    57.7  ok
    8 dramhit       23   3      1436    1239041403    57.7  ok
    8 dramhit       23   4      1437    1239041403    57.7  ok
    8 dramhit       23   5      1434    1239041403    57.7  ok
    8 dramhit       24   1      1440    1276170020    59.4  ok
    8 dramhit       24   2      1450    1276170020    59.4  ok
    8 dramhit       24   3      1432    1276170020    59.4  ok
    8 dramhit       24   4      1450    1276170020    59.4  ok
    8 dramhit       24   5      1436    1276170020    59.4  ok
    8 dramhit       25   1      1463    1312661553    61.1  ok
    8 dramhit       25   2      1413    1312661553    61.1  ok
    8 dramhit       25   3      1461    1312661553    61.1  ok
    8 dramhit       25   4      1407    1312661553    61.1  ok
    8 dramhit       25   5      1459    1312661553    61.1  ok
    8 dramhit       26   1      1443    1348653266    62.8  ok
    8 dramhit       26   2      1482    1348653266    62.8  ok
    8 dramhit       26   3      1442    1348653266    62.8  ok
    8 dramhit       26   4      1483    1348653266    62.8  ok
    8 dramhit       26   5      1440    1348653266    62.8  ok
    8 dramhit       27   1      1314    1384192355    64.5  ok
    8 dramhit       27   2      1299    1384192355    64.5  ok
    8 dramhit       27   3      1314    1384192355    64.5  ok
    8 dramhit       27   4      1302    1384192355    64.5  ok
    8 dramhit       27   5      1314    1384192355    64.5  ok
    8 dramhit       28   1      1477    1419320396    66.1  ok
    8 dramhit       28   2      1299    1419320396    66.1  ok
    8 dramhit       28   3      1474    1419320396    66.1  ok
    8 dramhit       28   4      1299    1419320396    66.1  ok
    8 dramhit       28   5      1471    1419320396    66.1  ok
    8 dramhit       29   1      1453    1454075972    67.7  ok
    8 dramhit       29   2      1461    1454075972    67.7  ok
    8 dramhit       29   3      1458    1454075972    67.7  ok
    8 dramhit       29   4      1458    1454075972    67.7  ok
    8 dramhit       29   5      1455    1454075972    67.7  ok
    8 dramhit       30   1      1493    1488477239    69.3  ok
    8 dramhit       30   2      1500    1488477239    69.3  ok
    8 dramhit       30   3      1491    1488477239    69.3  ok
    8 dramhit       30   4      1504    1488477239    69.3  ok
    8 dramhit       30   5      1489    1488477239    69.3  ok
    8 dramhit       31   1      1536    1522525464    70.9  ok
    8 dramhit       31   2      1525    1522525464    70.9  ok
    8 dramhit       31   3      1534    1522525464    70.9  ok
    8 dramhit       31   4      1527    1522525464    70.9  ok
    8 dramhit       31   5      1531    1522525464    70.9  ok
    8 dramhit       32   1      1542    1556257953    72.5  ok
    8 dramhit       32   2      1538    1556257953    72.5  ok
    8 dramhit       32   3      1539    1556257953    72.5  ok
    8 dramhit       32   4      1539    1556257953    72.5  ok
    8 dramhit       32   5      1529    1556257953    72.5  ok
    1 dramhit-p     10   1      2777       1048575     0.0  ok
    1 dramhit-p     10   2      2773       1048575     0.0  ok
    1 dramhit-p     10   3      2793       1048575     0.0  ok
    1 dramhit-p     10   4      2738       1048575     0.0  ok
    1 dramhit-p     10   5      2801       1048575     0.0  ok
    1 dramhit-p     11   1      2724       4194303     0.2  ok
    1 dramhit-p     11   2      2727       4194303     0.2  ok
    1 dramhit-p     11   3      2722       4194303     0.2  ok
    1 dramhit-p     11   4      2724       4194303     0.2  ok
    1 dramhit-p     11   5      2735       4194303     0.2  ok
    1 dramhit-p     12   1      2541      16777193     0.8  ok
    1 dramhit-p     12   2      2530      16777193     0.8  ok
    1 dramhit-p     12   3      2548      16777193     0.8  ok
    1 dramhit-p     12   4      2486      16777193     0.8  ok
    1 dramhit-p     12   5      2532      16777193     0.8  ok
    1 dramhit-p     13   1      2259      66795582     3.1  ok
    1 dramhit-p     13   2      2428      66795582     3.1  ok
    1 dramhit-p     13   3      2386      66795582     3.1  ok
    1 dramhit-p     13   4      2258      66795582     3.1  ok
    1 dramhit-p     13   5      2419      66795582     3.1  ok
    1 dramhit-p     14   1      2375     231473900    10.8  ok
    1 dramhit-p     14   2      2352     231473900    10.8  ok
    1 dramhit-p     14   3      2399     231473900    10.8  ok
    1 dramhit-p     14   4      2369     231473900    10.8  ok
    1 dramhit-p     14   5      2104     231473900    10.8  ok
    1 dramhit-p     15   1      2079     515915132    24.0  ok
    1 dramhit-p     15   2      2325     515915132    24.0  ok
    1 dramhit-p     15   3      2062     515915132    24.0  ok
    1 dramhit-p     15   4      2346     515915132    24.0  ok
    1 dramhit-p     15   5      2307     515915132    24.0  ok
    1 dramhit-p     16   1      2262     766033017    35.7  ok
    1 dramhit-p     16   2      2309     766033017    35.7  ok
    1 dramhit-p     16   3      2243     766033017    35.7  ok
    1 dramhit-p     16   4      2278     766033017    35.7  ok
    1 dramhit-p     16   5      2278     766033017    35.7  ok
    1 dramhit-p     17   1      2259     921085105    42.9  ok
    1 dramhit-p     17   2      2247     921085105    42.9  ok
    1 dramhit-p     17   3      2257     921085105    42.9  ok
    1 dramhit-p     17   4      2241     921085105    42.9  ok
    1 dramhit-p     17   5      2261     921085105    42.9  ok
    1 dramhit-p     18   1      2258    1012177031    47.1  ok
    1 dramhit-p     18   2      2234    1012177031    47.1  ok
    1 dramhit-p     18   3      2268    1012177031    47.1  ok
    1 dramhit-p     18   4      2214    1012177031    47.1  ok
    1 dramhit-p     18   5      2243    1012177031    47.1  ok
    1 dramhit-p     19   1      2186    1072562325    49.9  ok
    1 dramhit-p     19   2      2214    1072562325    49.9  ok
    1 dramhit-p     19   3      2276    1072562325    49.9  ok
    1 dramhit-p     19   4      2274    1072562325    49.9  ok
    1 dramhit-p     19   5      2301    1072562325    49.9  ok
    1 dramhit-p     20   1      2237    1119887688    52.1  ok
    1 dramhit-p     20   2      2274    1119887688    52.1  ok
    1 dramhit-p     20   3      2284    1119887688    52.1  ok
    1 dramhit-p     20   4      2277    1119887688    52.1  ok
    1 dramhit-p     20   5      2136    1119887688    52.1  ok
    1 dramhit-p     21   1      2231    1161736784    54.1  ok
    1 dramhit-p     21   2      2184    1161736784    54.1  ok
    1 dramhit-p     21   3      2165    1161736784    54.1  ok
    1 dramhit-p     21   4      2252    1161736784    54.1  ok
    1 dramhit-p     21   5      2237    1161736784    54.1  ok
    1 dramhit-p     22   1      2230    1201060325    55.9  ok
    1 dramhit-p     22   2      2224    1201060325    55.9  ok
    1 dramhit-p     22   3      2258    1201060325    55.9  ok
    1 dramhit-p     22   4      2239    1201060325    55.9  ok
    1 dramhit-p     22   5      2230    1201060325    55.9  ok
    1 dramhit-p     23   1      2218    1239041403    57.7  ok
    1 dramhit-p     23   2      2214    1239041403    57.7  ok
    1 dramhit-p     23   3      2215    1239041403    57.7  ok
    1 dramhit-p     23   4      2131    1239041403    57.7  ok
    1 dramhit-p     23   5      2232    1239041403    57.7  ok
    1 dramhit-p     24   1      2269    1276170020    59.4  ok
    1 dramhit-p     24   2      2254    1276170020    59.4  ok
    1 dramhit-p     24   3      2279    1276170020    59.4  ok
    1 dramhit-p     24   4      2239    1276170020    59.4  ok
    1 dramhit-p     24   5      2068    1276170020    59.4  ok
    1 dramhit-p     25   1      2267    1312661553    61.1  ok
    1 dramhit-p     25   2      2242    1312661553    61.1  ok
    1 dramhit-p     25   3      2259    1312661553    61.1  ok
    1 dramhit-p     25   4      2264    1312661553    61.1  ok
    1 dramhit-p     25   5      2190    1312661553    61.1  ok
    1 dramhit-p     26   1      2124    1348653266    62.8  ok
    1 dramhit-p     26   2      2250    1348653266    62.8  ok
    1 dramhit-p     26   3      2251    1348653266    62.8  ok
    1 dramhit-p     26   4      2254    1348653266    62.8  ok
    1 dramhit-p     26   5      2261    1348653266    62.8  ok
    1 dramhit-p     27   1      2212    1384192355    64.5  ok
    1 dramhit-p     27   2      2180    1384192355    64.5  ok
    1 dramhit-p     27   3      2228    1384192355    64.5  ok
    1 dramhit-p     27   4      2071    1384192355    64.5  ok
    1 dramhit-p     27   5      2223    1384192355    64.5  ok
    1 dramhit-p     28   1      2234    1419320396    66.1  ok
    1 dramhit-p     28   2      2215    1419320396    66.1  ok
    1 dramhit-p     28   3      2190    1419320396    66.1  ok
    1 dramhit-p     28   4      2193    1419320396    66.1  ok
    1 dramhit-p     28   5      2182    1419320396    66.1  ok
    1 dramhit-p     29   1      2050    1454075972    67.7  ok
    1 dramhit-p     29   2      2064    1454075972    67.7  ok
    1 dramhit-p     29   3      2034    1454075972    67.7  ok
    1 dramhit-p     29   4      2058    1454075972    67.7  ok
    1 dramhit-p     29   5      2066    1454075972    67.7  ok
    1 dramhit-p     30   1      2062    1488477239    69.3  ok
    1 dramhit-p     30   2      2061    1488477239    69.3  ok
    1 dramhit-p     30   3      1770    1488477239    69.3  ok
    1 dramhit-p     30   4      2111    1488477239    69.3  ok
    1 dramhit-p     30   5      2111    1488477239    69.3  ok
    1 dramhit-p     31   1      2140    1522525464    70.9  ok
    1 dramhit-p     31   2      2176    1522525464    70.9  ok
    1 dramhit-p     31   3      2159    1522525464    70.9  ok
    1 dramhit-p     31   4      2065    1522525464    70.9  ok
    1 dramhit-p     31   5      2209    1522525464    70.9  ok
    1 dramhit-p     32   1      2135    1556257953    72.5  ok
    1 dramhit-p     32   2      2090    1556257953    72.5  ok
    1 dramhit-p     32   3      2115    1556257953    72.5  ok
    1 dramhit-p     32   4      2130    1556257953    72.5  ok
    1 dramhit-p     32   5      1566    1556257953    72.5  ok
   12 dramblast-p   10   1      3420       1048575     0.0  ok
   12 dramblast-p   10   2      3528       1048575     0.0  ok
   12 dramblast-p   10   3      3453       1048575     0.0  ok
   12 dramblast-p   10   4      3540       1048575     0.0  ok
   12 dramblast-p   10   5      3518       1048575     0.0  ok
   12 dramblast-p   11   1      3316       4194303     0.2  ok
   12 dramblast-p   11   2      3299       4194303     0.2  ok
   12 dramblast-p   11   3      3401       4194303     0.2  ok
   12 dramblast-p   11   4      3421       4194303     0.2  ok
   12 dramblast-p   11   5      3428       4194303     0.2  ok
   12 dramblast-p   12   1      3154      16777193     0.8  ok
   12 dramblast-p   12   2      3219      16777193     0.8  ok
   12 dramblast-p   12   3      3029      16777193     0.8  ok
   12 dramblast-p   12   4      2911      16777193     0.8  ok
   12 dramblast-p   12   5      3226      16777193     0.8  ok
   12 dramblast-p   13   1      2771      66795582     3.1  ok
   12 dramblast-p   13   2      2707      66795582     3.1  ok
   12 dramblast-p   13   3      2985      66795582     3.1  ok
   12 dramblast-p   13   4      2812      66795582     3.1  ok
   12 dramblast-p   13   5      2825      66795582     3.1  ok
   12 dramblast-p   14   1      2799     231473900    10.8  ok
   12 dramblast-p   14   2      2669     231473900    10.8  ok
   12 dramblast-p   14   3      2802     231473900    10.8  ok
   12 dramblast-p   14   4      2618     231473900    10.8  ok
   12 dramblast-p   14   5      2827     231473900    10.8  ok
   12 dramblast-p   15   1      2698     515915132    24.0  ok
   12 dramblast-p   15   2      2716     515915132    24.0  ok
   12 dramblast-p   15   3      2713     515915132    24.0  ok
   12 dramblast-p   15   4      2622     515915132    24.0  ok
   12 dramblast-p   15   5      2699     515915132    24.0  ok
   12 dramblast-p   16   1      2681     766033017    35.7  ok
   12 dramblast-p   16   2      2621     766033017    35.7  ok
   12 dramblast-p   16   3      2662     766033017    35.7  ok
   12 dramblast-p   16   4      2676     766033017    35.7  ok
   12 dramblast-p   16   5      2683     766033017    35.7  ok
   12 dramblast-p   17   1      2595     921085105    42.9  ok
   12 dramblast-p   17   2      2646     921085105    42.9  ok
   12 dramblast-p   17   3      2649     921085105    42.9  ok
   12 dramblast-p   17   4      2631     921085105    42.9  ok
   12 dramblast-p   17   5      2637     921085105    42.9  ok
   12 dramblast-p   18   1      1496    1012177031    47.1  ok
   12 dramblast-p   18   2      2602    1012177031    47.1  ok
   12 dramblast-p   18   3      2636    1012177031    47.1  ok
   12 dramblast-p   18   4      2647    1012177031    47.1  ok
   12 dramblast-p   18   5      2626    1012177031    47.1  ok
   12 dramblast-p   19   1      2618    1072562325    49.9  ok
   12 dramblast-p   19   2      2629    1072562325    49.9  ok
   12 dramblast-p   19   3      2601    1072562325    49.9  ok
   12 dramblast-p   19   4      2600    1072562325    49.9  ok
   12 dramblast-p   19   5      2664    1072562325    49.9  ok
   12 dramblast-p   20   1      2653    1119887688    52.1  ok
   12 dramblast-p   20   2      2527    1119887688    52.1  ok
   12 dramblast-p   20   3      2658    1119887688    52.1  ok
   12 dramblast-p   20   4      2546    1119887688    52.1  ok
   12 dramblast-p   20   5      2602    1119887688    52.1  ok
   12 dramblast-p   21   1      2626    1161736784    54.1  ok
   12 dramblast-p   21   2      2625    1161736784    54.1  ok
   12 dramblast-p   21   3      2626    1161736784    54.1  ok
   12 dramblast-p   21   4      2651    1161736784    54.1  ok
   12 dramblast-p   21   5      2640    1161736784    54.1  ok
   12 dramblast-p   22   1      2630    1201060325    55.9  ok
   12 dramblast-p   22   2      2555    1201060325    55.9  ok
   12 dramblast-p   22   3      2627    1201060325    55.9  ok
   12 dramblast-p   22   4      2550    1201060325    55.9  ok
   12 dramblast-p   22   5      2623    1201060325    55.9  ok
   12 dramblast-p   23   1      2556    1239041403    57.7  ok
   12 dramblast-p   23   2      2601    1239041403    57.7  ok
   12 dramblast-p   23   3      2592    1239041403    57.7  ok
   12 dramblast-p   23   4      2605    1239041403    57.7  ok
   12 dramblast-p   23   5      2593    1239041403    57.7  ok
   12 dramblast-p   24   1      2464    1276170020    59.4  ok
   12 dramblast-p   24   2      2572    1276170020    59.4  ok
   12 dramblast-p   24   3      2600    1276170020    59.4  ok
   12 dramblast-p   24   4      2505    1276170020    59.4  ok
   12 dramblast-p   24   5      2532    1276170020    59.4  ok
   12 dramblast-p   25   1      2547    1312661553    61.1  ok
   12 dramblast-p   25   2      2628    1312661553    61.1  ok
   12 dramblast-p   25   3      2569    1312661553    61.1  ok
   12 dramblast-p   25   4      2573    1312661553    61.1  ok
   12 dramblast-p   25   5      2536    1312661553    61.1  ok
   12 dramblast-p   26   1      2586    1348653266    62.8  ok
   12 dramblast-p   26   2      2579    1348653266    62.8  ok
   12 dramblast-p   26   3      2570    1348653266    62.8  ok
   12 dramblast-p   26   4      2504    1348653266    62.8  ok
   12 dramblast-p   26   5      2591    1348653266    62.8  ok
   12 dramblast-p   27   1      2501    1384192355    64.5  ok
   12 dramblast-p   27   2      2553    1384192355    64.5  ok
   12 dramblast-p   27   3      1495    1384192355    64.5  ok
   12 dramblast-p   27   4      2526    1384192355    64.5  ok
   12 dramblast-p   27   5      2579    1384192355    64.5  ok
   12 dramblast-p   28   1      2568    1419320396    66.1  ok
   12 dramblast-p   28   2      2565    1419320396    66.1  ok
   12 dramblast-p   28   3      2396    1419320396    66.1  ok
   12 dramblast-p   28   4      2431    1419320396    66.1  ok
   12 dramblast-p   28   5      2576    1419320396    66.1  ok
   12 dramblast-p   29   1      2415    1454075972    67.7  ok
   12 dramblast-p   29   2      2398    1454075972    67.7  ok
   12 dramblast-p   29   3      2419    1454075972    67.7  ok
   12 dramblast-p   29   4      2395    1454075972    67.7  ok
   12 dramblast-p   29   5      2380    1454075972    67.7  ok
   12 dramblast-p   30   1      2462    1488477239    69.3  ok
   12 dramblast-p   30   2      2481    1488477239    69.3  ok
   12 dramblast-p   30   3      2493    1488477239    69.3  ok
   12 dramblast-p   30   4      2459    1488477239    69.3  ok
   12 dramblast-p   30   5      2459    1488477239    69.3  ok
   12 dramblast-p   31   1      2447    1522525464    70.9  ok
   12 dramblast-p   31   2      2538    1522525464    70.9  ok
   12 dramblast-p   31   3      2441    1522525464    70.9  ok
   12 dramblast-p   31   4      2480    1522525464    70.9  ok
   12 dramblast-p   31   5      2539    1522525464    70.9  ok
   12 dramblast-p   32   1      2458    1556257953    72.5  ok
   12 dramblast-p   32   2      2503    1556257953    72.5  ok
   12 dramblast-p   32   3      2415    1556257953    72.5  ok
   12 dramblast-p   32   4      2495    1556257953    72.5  ok
   12 dramblast-p   32   5      2445    1556257953    72.5  ok

  logs     /opt/DRAMHiT/scripts/eurosys_2026/collect_kmer/logs
  commands /opt/DRAMHiT/scripts/eurosys_2026/collect_kmer/logs/commands.log
  summary  /opt/DRAMHiT/scripts/eurosys_2026/collect_kmer/logs/intel_snoop_hw_on_full_sweep_summary.csv
[sweep] run_hashtables.py exited 0
[restore] prefetchers -> off (0xf)
[restore] 0x1a4 now:  128 f 
