-- Build type: RelWithDebInfo
CMake Warning at CMakeLists.txt:254 (message):
  Hasher type selected was: crc


CMake Warning at CMakeLists.txt:268 (message):
  uniform hashtable


CMake Warning at CMakeLists.txt:273 (message):
  SIMD supported, you may set BRANCH variable to simd


CMake Warning at CMakeLists.txt:291 (message):
  Branch type selected was: simd


CMake Warning at CMakeLists.txt:302 (message):
  Building for experiment: none


-- Selected benchmarking backend: NONE
-- Configuring done
-- Generating done
-- Build files have been written to: /opt/DRAMHiT/build
Consolidate compiler generated dependencies of target eth_hashjoin
[ 14%] Built target eth_hashjoin
Consolidate compiler generated dependencies of target dramhit_lib
[ 29%] Built target dramhit_lib
Consolidate compiler generated dependencies of target fnv
[ 35%] Built target fnv
Consolidate compiler generated dependencies of target xxhash
[ 41%] Built target xxhash
Consolidate compiler generated dependencies of target cityhash
[ 50%] Built target cityhash
Consolidate compiler generated dependencies of target dramhit
[100%] Built target dramhit
Turning off all prefetchers
f
Turning off all prefetchers
f
Turning on all prefetchers
0
Turning on all prefetchers
0
Turning on all prefetchers
0
Turning off all prefetchers
f
Turning off all prefetchers
f
Turning on all prefetchers
0
Turning on all prefetchers
0
Turning on all prefetchers
0
Turning off all prefetchers
f
Turning off all prefetchers
f
Turning on all prefetchers
0
Turning on all prefetchers
0
Turning on all prefetchers
0
Turning off all prefetchers
f
Turning off all prefetchers
f
Turning on all prefetchers
0
Turning on all prefetchers
0
Turning on all prefetchers
0
Turning off all prefetchers
f
Starting Benchmark. Varying '--skew' across: [0.1, 0.2, 0.3, 0.4, 0.5, 0.6, 0.7, 0.8, 0.9, 1.0, 1.1, 1.2]

=== Testing skew = 0.1 ===
  -- hash join variant: cas --
[*] Setting prefetcher to: OFF
    Running: /opt/DRAMHiT/build/dramhit --ht-type 3 --ht-fill 7 --relation_r_size 67108864 --relation_s_size 1006632960 --find_queue 64 --num-threads 64 --numa-split 10 --np_cpu_node_msk 1 --np_mem_node_msk 4 --no-prefetch 0 --mode 13 --batch-len 16 --skew 0.1 --associativity 1.0 --seed 1774551337382868027
    -> throughput_mops: 3047.0
  -- hash join variant: cas23 --
[*] Setting prefetcher to: OFF
    Running: /opt/DRAMHiT/build/dramhit --ht-type 8 --ht-fill 7 --relation_r_size 67108864 --relation_s_size 1006632960 --find_queue 64 --num-threads 64 --numa-split 10 --np_cpu_node_msk 1 --np_mem_node_msk 4 --no-prefetch 0 --mode 13 --batch-len 16 --skew 0.1 --associativity 1.0 --seed 1774551337382868027
    -> throughput_mops: 2092.0
  -- hash join variant: dlht --
[*] Setting prefetcher to: ON
    Running: /opt/DRAMHiT/build/dramhit --ht-type 10 --ht-fill 7 --relation_r_size 67108864 --relation_s_size 1006632960 --find_queue 64 --num-threads 64 --numa-split 10 --np_cpu_node_msk 1 --np_mem_node_msk 4 --no-prefetch 0 --mode 13 --batch-len 32 --skew 0.1 --associativity 1.0 --seed 1774551337382868027
    -> throughput_mops: 1813.0
  -- hash join variant: folklore --
[*] Setting prefetcher to: ON
    Running: /opt/DRAMHiT/build/dramhit --ht-type 11 --ht-fill 7 --relation_r_size 67108864 --relation_s_size 1006632960 --find_queue 64 --num-threads 64 --numa-split 10 --np_cpu_node_msk 1 --np_mem_node_msk 4 --no-prefetch 0 --mode 13 --batch-len 16 --skew 0.1 --associativity 1.0 --seed 1774551337382868027
    -> throughput_mops: 1215.0
[*] Setting prefetcher to: ON
    Running: /opt/DRAMHiT/build/dramhit --ht-type 3 --ht-fill 50 --relation_r_size 67108864 --relation_s_size 1006632960 --num-threads 64 --numa-split 10 --np_cpu_node_msk 1 --np_mem_node_msk 4 --mode 16 --skew 0.1 --seed 1774551337382868027 --radix 11 --associativity 1.0
    -> throughput_mops: 3623.0


=== Testing skew = 0.2 ===
  -- hash join variant: cas --
[*] Setting prefetcher to: OFF
    Running: /opt/DRAMHiT/build/dramhit --ht-type 3 --ht-fill 7 --relation_r_size 67108864 --relation_s_size 1006632960 --find_queue 64 --num-threads 64 --numa-split 10 --np_cpu_node_msk 1 --np_mem_node_msk 4 --no-prefetch 0 --mode 13 --batch-len 16 --skew 0.2 --associativity 1.0 --seed 1774551337382868027
    -> throughput_mops: 3055.0
  -- hash join variant: cas23 --
[*] Setting prefetcher to: OFF
    Running: /opt/DRAMHiT/build/dramhit --ht-type 8 --ht-fill 7 --relation_r_size 67108864 --relation_s_size 1006632960 --find_queue 64 --num-threads 64 --numa-split 10 --np_cpu_node_msk 1 --np_mem_node_msk 4 --no-prefetch 0 --mode 13 --batch-len 16 --skew 0.2 --associativity 1.0 --seed 1774551337382868027
    -> throughput_mops: 2182.0
  -- hash join variant: dlht --
[*] Setting prefetcher to: ON
    Running: /opt/DRAMHiT/build/dramhit --ht-type 10 --ht-fill 7 --relation_r_size 67108864 --relation_s_size 1006632960 --find_queue 64 --num-threads 64 --numa-split 10 --np_cpu_node_msk 1 --np_mem_node_msk 4 --no-prefetch 0 --mode 13 --batch-len 32 --skew 0.2 --associativity 1.0 --seed 1774551337382868027
    -> throughput_mops: 1647.0
  -- hash join variant: folklore --
[*] Setting prefetcher to: ON
    Running: /opt/DRAMHiT/build/dramhit --ht-type 11 --ht-fill 7 --relation_r_size 67108864 --relation_s_size 1006632960 --find_queue 64 --num-threads 64 --numa-split 10 --np_cpu_node_msk 1 --np_mem_node_msk 4 --no-prefetch 0 --mode 13 --batch-len 16 --skew 0.2 --associativity 1.0 --seed 1774551337382868027
    -> throughput_mops: 1194.0
[*] Setting prefetcher to: ON
    Running: /opt/DRAMHiT/build/dramhit --ht-type 3 --ht-fill 50 --relation_r_size 67108864 --relation_s_size 1006632960 --num-threads 64 --numa-split 10 --np_cpu_node_msk 1 --np_mem_node_msk 4 --mode 16 --skew 0.2 --seed 1774551337382868027 --radix 11 --associativity 1.0
    -> throughput_mops: 3634.0


=== Testing skew = 0.3 ===
  -- hash join variant: cas --
[*] Setting prefetcher to: OFF
    Running: /opt/DRAMHiT/build/dramhit --ht-type 3 --ht-fill 7 --relation_r_size 67108864 --relation_s_size 1006632960 --find_queue 64 --num-threads 64 --numa-split 10 --np_cpu_node_msk 1 --np_mem_node_msk 4 --no-prefetch 0 --mode 13 --batch-len 16 --skew 0.3 --associativity 1.0 --seed 1774551337382868027
    -> throughput_mops: 3058.0
  -- hash join variant: cas23 --
[*] Setting prefetcher to: OFF
    Running: /opt/DRAMHiT/build/dramhit --ht-type 8 --ht-fill 7 --relation_r_size 67108864 --relation_s_size 1006632960 --find_queue 64 --num-threads 64 --numa-split 10 --np_cpu_node_msk 1 --np_mem_node_msk 4 --no-prefetch 0 --mode 13 --batch-len 16 --skew 0.3 --associativity 1.0 --seed 1774551337382868027
    -> throughput_mops: 2195.0
  -- hash join variant: dlht --
[*] Setting prefetcher to: ON
    Running: /opt/DRAMHiT/build/dramhit --ht-type 10 --ht-fill 7 --relation_r_size 67108864 --relation_s_size 1006632960 --find_queue 64 --num-threads 64 --numa-split 10 --np_cpu_node_msk 1 --np_mem_node_msk 4 --no-prefetch 0 --mode 13 --batch-len 32 --skew 0.3 --associativity 1.0 --seed 1774551337382868027
    -> throughput_mops: 1866.0
  -- hash join variant: folklore --
[*] Setting prefetcher to: ON
    Running: /opt/DRAMHiT/build/dramhit --ht-type 11 --ht-fill 7 --relation_r_size 67108864 --relation_s_size 1006632960 --find_queue 64 --num-threads 64 --numa-split 10 --np_cpu_node_msk 1 --np_mem_node_msk 4 --no-prefetch 0 --mode 13 --batch-len 16 --skew 0.3 --associativity 1.0 --seed 1774551337382868027
    -> throughput_mops: 1220.0
[*] Setting prefetcher to: ON
    Running: /opt/DRAMHiT/build/dramhit --ht-type 3 --ht-fill 50 --relation_r_size 67108864 --relation_s_size 1006632960 --num-threads 64 --numa-split 10 --np_cpu_node_msk 1 --np_mem_node_msk 4 --mode 16 --skew 0.3 --seed 1774551337382868027 --radix 11 --associativity 1.0
    -> throughput_mops: 3581.0


=== Testing skew = 0.4 ===
  -- hash join variant: cas --
[*] Setting prefetcher to: OFF
    Running: /opt/DRAMHiT/build/dramhit --ht-type 3 --ht-fill 7 --relation_r_size 67108864 --relation_s_size 1006632960 --find_queue 64 --num-threads 64 --numa-split 10 --np_cpu_node_msk 1 --np_mem_node_msk 4 --no-prefetch 0 --mode 13 --batch-len 16 --skew 0.4 --associativity 1.0 --seed 1774551337382868027
    -> throughput_mops: 3005.0
  -- hash join variant: cas23 --
[*] Setting prefetcher to: OFF
    Running: /opt/DRAMHiT/build/dramhit --ht-type 8 --ht-fill 7 --relation_r_size 67108864 --relation_s_size 1006632960 --find_queue 64 --num-threads 64 --numa-split 10 --np_cpu_node_msk 1 --np_mem_node_msk 4 --no-prefetch 0 --mode 13 --batch-len 16 --skew 0.4 --associativity 1.0 --seed 1774551337382868027
    -> throughput_mops: 2252.0
  -- hash join variant: dlht --
[*] Setting prefetcher to: ON
    Running: /opt/DRAMHiT/build/dramhit --ht-type 10 --ht-fill 7 --relation_r_size 67108864 --relation_s_size 1006632960 --find_queue 64 --num-threads 64 --numa-split 10 --np_cpu_node_msk 1 --np_mem_node_msk 4 --no-prefetch 0 --mode 13 --batch-len 32 --skew 0.4 --associativity 1.0 --seed 1774551337382868027
    -> throughput_mops: 1894.0
  -- hash join variant: folklore --
[*] Setting prefetcher to: ON
    Running: /opt/DRAMHiT/build/dramhit --ht-type 11 --ht-fill 7 --relation_r_size 67108864 --relation_s_size 1006632960 --find_queue 64 --num-threads 64 --numa-split 10 --np_cpu_node_msk 1 --np_mem_node_msk 4 --no-prefetch 0 --mode 13 --batch-len 16 --skew 0.4 --associativity 1.0 --seed 1774551337382868027
    -> throughput_mops: 1283.0
[*] Setting prefetcher to: ON
    Running: /opt/DRAMHiT/build/dramhit --ht-type 3 --ht-fill 50 --relation_r_size 67108864 --relation_s_size 1006632960 --num-threads 64 --numa-split 10 --np_cpu_node_msk 1 --np_mem_node_msk 4 --mode 16 --skew 0.4 --seed 1774551337382868027 --radix 11 --associativity 1.0
    -> throughput_mops: 3657.0


=== Testing skew = 0.5 ===
  -- hash join variant: cas --
[*] Setting prefetcher to: OFF
Turning off all prefetchers
f
Turning on all prefetchers
0
Turning on all prefetchers
0
Turning on all prefetchers
0
Turning off all prefetchers
f
Turning off all prefetchers
f
Turning on all prefetchers
0
Turning on all prefetchers
0
Turning on all prefetchers
0
Turning off all prefetchers
f
Turning off all prefetchers
f
Turning on all prefetchers
0
Turning on all prefetchers
0
Turning on all prefetchers
0
Turning off all prefetchers
f
Turning off all prefetchers
f
Turning on all prefetchers
0
Turning on all prefetchers
0
Turning on all prefetchers
0
Turning off all prefetchers
f
    Running: /opt/DRAMHiT/build/dramhit --ht-type 3 --ht-fill 7 --relation_r_size 67108864 --relation_s_size 1006632960 --find_queue 64 --num-threads 64 --numa-split 10 --np_cpu_node_msk 1 --np_mem_node_msk 4 --no-prefetch 0 --mode 13 --batch-len 16 --skew 0.5 --associativity 1.0 --seed 1774551337382868027
    -> throughput_mops: 2980.0
  -- hash join variant: cas23 --
[*] Setting prefetcher to: OFF
    Running: /opt/DRAMHiT/build/dramhit --ht-type 8 --ht-fill 7 --relation_r_size 67108864 --relation_s_size 1006632960 --find_queue 64 --num-threads 64 --numa-split 10 --np_cpu_node_msk 1 --np_mem_node_msk 4 --no-prefetch 0 --mode 13 --batch-len 16 --skew 0.5 --associativity 1.0 --seed 1774551337382868027
    -> throughput_mops: 2173.0
  -- hash join variant: dlht --
[*] Setting prefetcher to: ON
    Running: /opt/DRAMHiT/build/dramhit --ht-type 10 --ht-fill 7 --relation_r_size 67108864 --relation_s_size 1006632960 --find_queue 64 --num-threads 64 --numa-split 10 --np_cpu_node_msk 1 --np_mem_node_msk 4 --no-prefetch 0 --mode 13 --batch-len 32 --skew 0.5 --associativity 1.0 --seed 1774551337382868027
    -> throughput_mops: 1815.0
  -- hash join variant: folklore --
[*] Setting prefetcher to: ON
    Running: /opt/DRAMHiT/build/dramhit --ht-type 11 --ht-fill 7 --relation_r_size 67108864 --relation_s_size 1006632960 --find_queue 64 --num-threads 64 --numa-split 10 --np_cpu_node_msk 1 --np_mem_node_msk 4 --no-prefetch 0 --mode 13 --batch-len 16 --skew 0.5 --associativity 1.0 --seed 1774551337382868027
    -> throughput_mops: 1223.0
[*] Setting prefetcher to: ON
    Running: /opt/DRAMHiT/build/dramhit --ht-type 3 --ht-fill 50 --relation_r_size 67108864 --relation_s_size 1006632960 --num-threads 64 --numa-split 10 --np_cpu_node_msk 1 --np_mem_node_msk 4 --mode 16 --skew 0.5 --seed 1774551337382868027 --radix 11 --associativity 1.0
   