Requested per-thread size : ~256 MB
Clamped per-thread size   : 256 MB (Power of 2 & 2MB Aligned)

Spawning Thread 0 -> Pinned to CPU 0 (Node 0), Target Memory Node Mask 0x4
Spawning Thread 1 -> Pinned to CPU 2 (Node 0), Target Memory Node Mask 0x4
Spawning Thread 2 -> Pinned to CPU 4 (Node 0), Target Memory Node Mask 0x4
Spawning Thread 3 -> Pinned to CPU 6 (Node 0), Target Memory Node Mask 0x4
Spawning Thread 4 -> Pinned to CPU 8 (Node 0), Target Memory Node Mask 0x4
Spawning Thread 5 -> Pinned to CPU 10 (Node 0), Target Memory Node Mask 0x4
Spawning Thread 6 -> Pinned to CPU 12 (Node 0), Target Memory Node Mask 0x4
Spawning Thread 7 -> Pinned to CPU 14 (Node 0), Target Memory Node Mask 0x4
Spawning Thread 8 -> Pinned to CPU 16 (Node 0), Target Memory Node Mask 0x4
Spawning Thread 9 -> Pinned to CPU 18 (Node 0), Target Memory Node Mask 0x4
Spawning Thread 10 -> Pinned to CPU 20 (Node 0), Target Memory Node Mask 0x4
Spawning Thread 11 -> Pinned to CPU 22 (Node 0), Target Memory Node Mask 0x4
Spawning Thread 12 -> Pinned to CPU 24 (Node 0), Target Memory Node Mask 0x4
Spawning Thread 13 -> Pinned to CPU 26 (Node 0), Target Memory Node Mask 0x4
Spawning Thread 14 -> Pinned to CPU 28 (Node 0), Target Memory Node Mask 0x4
Spawning Thread 15 -> Pinned to CPU 30 (Node 0), Target Memory Node Mask 0x4
Spawning Thread 16 -> Pinned to CPU 32 (Node 0), Target Memory Node Mask 0x4
Spawning Thread 17 -> Pinned to CPU 34 (Node 0), Target Memory Node Mask 0x4
Spawning Thread 18 -> Pinned to CPU 36 (Node 0), Target Memory Node Mask 0x4
Spawning Thread 19 -> Pinned to CPU 38 (Node 0), Target Memory Node Mask 0x4
Spawning Thread 20 -> Pinned to CPU 40 (Node 0), Target Memory Node Mask 0x4
Spawning Thread 21 -> Pinned to CPU 42 (Node 0), Target Memory Node Mask 0x4
Spawning Thread 22 -> Pinned to CPU 44 (Node 0), Target Memory Node Mask 0x4
Spawning Thread 23 -> Pinned to CPU 46 (Node 0), Target Memory Node Mask 0x4
Spawning Thread 24 -> Pinned to CPU 48 (Node 0), Target Memory Node Mask 0x4
Spawning Thread 25 -> Pinned to CPU 50 (Node 0), Target Memory Node Mask 0x4
Spawning Thread 26 -> Pinned to CPU 52 (Node 0), Target Memory Node Mask 0x4
Spawning Thread 27 -> Pinned to CPU 54 (Node 0), Target Memory Node Mask 0x4
Spawning Thread 28 -> Pinned to CPU 56 (Node 0), Target Memory Node Mask 0x4
Spawning Thread 29 -> Pinned to CPU 58 (Node 0), Target Memory Node Mask 0x4
Spawning Thread 30 -> Pinned to CPU 60 (Node 0), Target Memory Node Mask 0x4
Spawning Thread 31 -> Pinned to CPU 62 (Node 0), Target Memory Node Mask 0x4
Spawning Thread 32 -> Pinned to CPU 64 (Node 0), Target Memory Node Mask 0x4
Spawning Thread 33 -> Pinned to CPU 66 (Node 0), Target Memory Node Mask 0x4
Spawning Thread 34 -> Pinned to CPU 68 (Node 0), Target Memory Node Mask 0x4
Spawning Thread 35 -> Pinned to CPU 70 (Node 0), Target Memory Node Mask 0x4
Spawning Thread 36 -> Pinned to CPU 72 (Node 0), Target Memory Node Mask 0x4
Spawning Thread 37 -> Pinned to CPU 74 (Node 0), Target Memory Node Mask 0x4
Spawning Thread 38 -> Pinned to CPU 76 (Node 0), Target Memory Node Mask 0x4
Spawning Thread 39 -> Pinned to CPU 78 (Node 0), Target Memory Node Mask 0x4
Spawning Thread 40 -> Pinned to CPU 80 (Node 0), Target Memory Node Mask 0x4
Spawning Thread 41 -> Pinned to CPU 82 (Node 0), Target Memory Node Mask 0x4
Spawning Thread 42 -> Pinned to CPU 84 (Node 0), Target Memory Node Mask 0x4
Spawning Thread 43 -> Pinned to CPU 86 (Node 0), Target Memory Node Mask 0x4
Spawning Thread 44 -> Pinned to CPU 88 (Node 0), Target Memory Node Mask 0x4
Spawning Thread 45 -> Pinned to CPU 90 (Node 0), Target Memory Node Mask 0x4
Spawning Thread 46 -> Pinned to CPU 92 (Node 0), Target Memory Node Mask 0x4
Spawning Thread 47 -> Pinned to CPU 94 (Node 0), Target Memory Node Mask 0x4

Setup: Spawning 48 threads.
Total memory allocated across all threads: 12288 MB.

-> [1/2] All threads allocated, bound to correct NUMA masks, and pinned to cores.
Start perf collection
End perf collection

============================================
Configuration   : Inst: 3 | Lookahead: 64 | Mode: READ
Mode            : RANDOM (CRC32 Stateless Hash)
Total Data Proc : 2400.00 GB
Elapsed Cycles  : 21861708844
Time Taken      : 8.0969 seconds (based on 2.70 GHz)
Bandwidth       : 296.41 GB/s
--------------------------------------------
Cycles per access, by cpu node:
  node 0   :   22.27 cycles/access  (48 threads)
