2026-10-02 12:38:17.348 INFO  [199548] [initializeLogger@17] ------------------------
2026-10-02 12:38:17.348 INFO  [199548] [initializeLogger@18] Plog library initialized
2026-10-02 12:38:17.348 INFO  [199548] [initializeLogger@19] ------------------------
2026-10-02 12:38:17.348 INFO  [199548] [main@27] Starting dramhit
2026-10-02 12:38:17.349 INFO  [199548] [kmercounter::Application::process@862] Hashtable type : Cas HT
2026-10-02 12:38:17.349 INFO  [199548] [kmercounter::Application::process@913] Dropping the page cache
2026-10-02 12:38:17.525 INFO  [199548] [kmercounter::init_uniform_dist@249] /opt/DRAMHiT/cache/uniform_seed1775762440565610239_size53687091.bin 0
2026-10-02 12:38:17.525 INFO  [199548] [kmercounter::init_uniform_dist@256] Initializing global uniform distribution with seed 1775762440565610239, size 53687091
2026-10-02 12:38:17.943 INFO  [199548] [kmercounter::init_uniform_dist@269] Uniform dist generated. size 53687091
2026-10-02 12:38:17.943 INFO  [199548] [kmercounter::Application::spawn_shard_threads@497] shard 0 assigned to 0 at numa node 0
2026-10-02 12:38:17.943 INFO  [199548] [kmercounter::Application::spawn_shard_threads@497] shard 1 assigned to 2 at numa node 0
2026-10-02 12:38:17.943 INFO  [199548] [kmercounter::Application::spawn_shard_threads@497] shard 2 assigned to 4 at numa node 0
2026-10-02 12:38:17.943 INFO  [199548] [kmercounter::Application::spawn_shard_threads@497] shard 3 assigned to 6 at numa node 0
2026-10-02 12:38:17.943 INFO  [199548] [kmercounter::Application::spawn_shard_threads@497] shard 4 assigned to 8 at numa node 0
2026-10-02 12:38:17.943 INFO  [199548] [kmercounter::Application::spawn_shard_threads@497] shard 5 assigned to 10 at numa node 0
2026-10-02 12:38:17.943 INFO  [199548] [kmercounter::Application::spawn_shard_threads@497] shard 6 assigned to 12 at numa node 0
2026-10-02 12:38:17.943 INFO  [199548] [kmercounter::Application::spawn_shard_threads@497] shard 7 assigned to 14 at numa node 0
2026-10-02 12:38:17.943 INFO  [199548] [kmercounter::Application::spawn_shard_threads@497] shard 8 assigned to 16 at numa node 0
2026-10-02 12:38:17.943 INFO  [199548] [kmercounter::Application::spawn_shard_threads@497] shard 9 assigned to 18 at numa node 0
2026-10-02 12:38:17.943 INFO  [199548] [kmercounter::Application::spawn_shard_threads@497] shard 10 assigned to 20 at numa node 0
2026-10-02 12:38:17.943 INFO  [199548] [kmercounter::Application::spawn_shard_threads@497] shard 11 assigned to 22 at numa node 0
2026-10-02 12:38:17.943 INFO  [199548] [kmercounter::Application::spawn_shard_threads@497] shard 12 assigned to 24 at numa node 0
2026-10-02 12:38:17.943 INFO  [199548] [kmercounter::Application::spawn_shard_threads@497] shard 13 assigned to 26 at numa node 0
2026-10-02 12:38:17.943 INFO  [199548] [kmercounter::Application::spawn_shard_threads@497] shard 14 assigned to 28 at numa node 0
2026-10-02 12:38:17.943 INFO  [199548] [kmercounter::Application::spawn_shard_threads@497] shard 15 assigned to 30 at numa node 0
2026-10-02 12:38:17.943 INFO  [199548] [kmercounter::Application::spawn_shard_threads@497] shard 16 assigned to 32 at numa node 0
2026-10-02 12:38:17.943 INFO  [199548] [kmercounter::Application::spawn_shard_threads@497] shard 17 assigned to 34 at numa node 0
2026-10-02 12:38:17.943 INFO  [199548] [kmercounter::Application::spawn_shard_threads@497] shard 18 assigned to 36 at numa node 0
2026-10-02 12:38:17.944 INFO  [199548] [kmercounter::Application::spawn_shard_threads@497] shard 19 assigned to 38 at numa node 0
2026-10-02 12:38:17.944 INFO  [199548] [kmercounter::Application::spawn_shard_threads@497] shard 20 assigned to 40 at numa node 0
2026-10-02 12:38:17.944 INFO  [199548] [kmercounter::Application::spawn_shard_threads@497] shard 21 assigned to 42 at numa node 0
2026-10-02 12:38:17.944 INFO  [199548] [kmercounter::Application::spawn_shard_threads@497] shard 22 assigned to 44 at numa node 0
2026-10-02 12:38:17.944 INFO  [199548] [kmercounter::Application::spawn_shard_threads@497] shard 23 assigned to 46 at numa node 0
2026-10-02 12:38:17.944 INFO  [199548] [kmercounter::Application::spawn_shard_threads@497] shard 24 assigned to 48 at numa node 0
2026-10-02 12:38:17.944 INFO  [199548] [kmercounter::Application::spawn_shard_threads@497] shard 25 assigned to 50 at numa node 0
2026-10-02 12:38:17.944 INFO  [199548] [kmercounter::Application::spawn_shard_threads@497] shard 26 assigned to 52 at numa node 0
2026-10-02 12:38:17.944 INFO  [199548] [kmercounter::Application::spawn_shard_threads@497] shard 27 assigned to 54 at numa node 0
2026-10-02 12:38:17.944 INFO  [199548] [kmercounter::Application::spawn_shard_threads@497] shard 28 assigned to 56 at numa node 0
2026-10-02 12:38:17.944 INFO  [199548] [kmercounter::Application::spawn_shard_threads@497] shard 29 assigned to 58 at numa node 0
2026-10-02 12:38:17.944 INFO  [199548] [kmercounter::Application::spawn_shard_threads@497] shard 30 assigned to 60 at numa node 0
2026-10-02 12:38:17.944 INFO  [199548] [kmercounter::Application::spawn_shard_threads@497] shard 31 assigned to 62 at numa node 0
2026-10-02 12:38:17.944 INFO  [199548] [kmercounter::Application::spawn_shard_threads@497] shard 32 assigned to 64 at numa node 0
2026-10-02 12:38:17.944 INFO  [199548] [kmercounter::Application::spawn_shard_threads@497] shard 33 assigned to 66 at numa node 0
2026-10-02 12:38:17.944 INFO  [199548] [kmercounter::Application::spawn_shard_threads@497] shard 34 assigned to 68 at numa node 0
2026-10-02 12:38:17.944 INFO  [199548] [kmercounter::Application::spawn_shard_threads@497] shard 35 assigned to 70 at numa node 0
2026-10-02 12:38:17.944 INFO  [199548] [kmercounter::Application::spawn_shard_threads@497] shard 36 assigned to 72 at numa node 0
2026-10-02 12:38:17.944 INFO  [199548] [kmercounter::Application::spawn_shard_threads@497] shard 37 assigned to 74 at numa node 0
2026-10-02 12:38:17.944 INFO  [199548] [kmercounter::Application::spawn_shard_threads@497] shard 38 assigned to 76 at numa node 0
2026-10-02 12:38:17.944 INFO  [199548] [kmercounter::Application::spawn_shard_threads@497] shard 39 assigned to 78 at numa node 0
2026-10-02 12:38:17.944 INFO  [199548] [kmercounter::Application::spawn_shard_threads@497] shard 40 assigned to 80 at numa node 0
2026-10-02 12:38:17.944 INFO  [199548] [kmercounter::Application::spawn_shard_threads@497] shard 41 assigned to 82 at numa node 0
2026-10-02 12:38:17.944 INFO  [199548] [kmercounter::Application::spawn_shard_threads@497] shard 42 assigned to 84 at numa node 0
2026-10-02 12:38:17.944 INFO  [199548] [kmercounter::Application::spawn_shard_threads@497] shard 43 assigned to 86 at numa node 0
2026-10-02 12:38:17.944 INFO  [199548] [kmercounter::Application::spawn_shard_threads@497] shard 44 assigned to 88 at numa node 0
2026-10-02 12:38:17.944 INFO  [199548] [kmercounter::Application::spawn_shard_threads@497] shard 45 assigned to 90 at numa node 0
2026-10-02 12:38:17.944 INFO  [199548] [kmercounter::Application::spawn_shard_threads@497] shard 46 assigned to 92 at numa node 0
2026-10-02 12:38:17.944 INFO  [199548] [kmercounter::Application::spawn_shard_threads@497] shard 47 assigned to 94 at numa node 0
2026-10-02 12:38:17.944 INFO  [199548] [kmercounter::Application::spawn_shard_threads@497] shard 48 assigned to 96 at numa node 0
2026-10-02 12:38:17.944 INFO  [199548] [kmercounter::Application::spawn_shard_threads@497] shard 49 assigned to 98 at numa node 0
2026-10-02 12:38:17.944 INFO  [199548] [kmercounter::Application::spawn_shard_threads@497] shard 50 assigned to 100 at numa node 0
2026-10-02 12:38:17.944 INFO  [199548] [kmercounter::Application::spawn_shard_threads@497] shard 51 assigned to 102 at numa node 0
2026-10-02 12:38:17.944 INFO  [199548] [kmercounter::Application::spawn_shard_threads@497] shard 52 assigned to 104 at numa node 0
2026-10-02 12:38:17.944 INFO  [199548] [kmercounter::Application::spawn_shard_threads@497] shard 53 assigned to 106 at numa node 0
2026-10-02 12:38:17.944 INFO  [199548] [kmercounter::Application::spawn_shard_threads@497] shard 54 assigned to 108 at numa node 0
2026-10-02 12:38:17.944 INFO  [199548] [kmercounter::Application::spawn_shard_threads@497] shard 55 assigned to 110 at numa node 0
2026-10-02 12:38:17.944 INFO  [199548] [kmercounter::Application::spawn_shard_threads@497] shard 56 assigned to 112 at numa node 0
2026-10-02 12:38:17.944 INFO  [199548] [kmercounter::Application::spawn_shard_threads@497] shard 57 assigned to 114 at numa node 0
2026-10-02 12:38:17.944 INFO  [199548] [kmercounter::Application::spawn_shard_threads@497] shard 58 assigned to 116 at numa node 0
2026-10-02 12:38:17.944 INFO  [199548] [kmercounter::Application::spawn_shard_threads@497] shard 59 assigned to 118 at numa node 0
2026-10-02 12:38:17.944 INFO  [199548] [kmercounter::Application::spawn_shard_threads@497] shard 60 assigned to 120 at numa node 0
2026-10-02 12:38:17.944 INFO  [199548] [kmercounter::Application::spawn_shard_threads@497] shard 61 assigned to 122 at numa node 0
2026-10-02 12:38:17.944 INFO  [199548] [kmercounter::Application::spawn_shard_threads@497] shard 62 assigned to 124 at numa node 0
2026-10-02 12:38:17.944 INFO  [199548] [kmercounter::Application::spawn_shard_threads@497] shard 63 assigned to 126 at numa node 0
2026-10-02 12:38:17.944 INFO  [199548] [kmercounter::Application::spawn_shard_threads@522] total kv 53687091, num_threads 64, op per thread (per run) 838860
2026-10-02 12:38:17.944 INFO  [199585] [kmercounter::calloc_ht@223] allocating 8 1gb pages bytes 8589934592
2026-10-02 12:38:17.944 INFO  [199585] [kmercounter::calloc_ht@236] mmap returns 0x773640000000
2026-10-02 12:38:17.944 INFO  [199585] [kmercounter::distribute_mem_to_nodes@117] Successfully bound 8589934592 bytes to node mask 0x4
2026-10-02 12:38:17.944 INFO  [199585] [kmercounter::distribute_mem_to_nodes@132] addr 0x773640000000, alloc_sz 8589934592
2026-10-02 12:38:18.987 INFO  [199585] [KVQ>::CASHashTable@92] Hashtable base: 0x773640000000 Hashtable size: 536870912, 8 GB
2026-10-02 12:38:18.987 INFO  [199585] [KVQ>::CASHashTable@96] queue sz: 64, queue item sz: 32
2026-10-02 12:38:18.988 INFO  [199627] [kmercounter::ZipfianTest::run@336] shard 43: local key partition (8388608 B) bound to node msk 0x4
2026-10-02 12:38:18.988 INFO  [199587] [kmercounter::ZipfianTest::run@336] shard 3: local key partition (8388608 B) bound to node msk 0x4
2026-10-02 12:38:18.988 INFO  [199604] [kmercounter::ZipfianTest::run@336] shard 20: local key partition (8388608 B) bound to node msk 0x4
2026-10-02 12:38:18.988 INFO  [199598] [kmercounter::ZipfianTest::run@336] shard 14: local key partition (8388608 B) bound to node msk 0x4
2026-10-02 12:38:18.988 INFO  [199613] [kmercounter::ZipfianTest::run@336] shard 29: local key partition (8388608 B) bound to node msk 0x4
2026-10-02 12:38:18.989 INFO  [199646] [kmercounter::ZipfianTest::run@336] shard 62: local key partition (8388608 B) bound to node msk 0x4
2026-10-02 12:38:18.989 INFO  [199548] [kmercounter::ZipfianTest::run@336] shard 0: local key partition (8388608 B) bound to node msk 0x4
2026-10-02 12:38:18.989 INFO  [199628] [kmercounter::ZipfianTest::run@336] shard 44: local key partition (8388608 B) bound to node msk 0x4
2026-10-02 12:38:18.989 INFO  [199637] [kmercounter::ZipfianTest::run@336] shard 53: local key partition (8388608 B) bound to node msk 0x4
2026-10-02 12:38:18.989 INFO  [199647] [kmercounter::ZipfianTest::run@336] shard 63: local key partition (8388608 B) bound to node msk 0x4
2026-10-02 12:38:18.989 INFO  [199593] [kmercounter::ZipfianTest::run@336] shard 9: local key partition (8388608 B) bound to node msk 0x4
2026-10-02 12:38:18.989 INFO  [199608] [kmercounter::ZipfianTest::run@336] shard 24: local key partition (8388608 B) bound to node msk 0x4
2026-10-02 12:38:18.989 INFO  [199609] [kmercounter::ZipfianTest::run@336] shard 25: local key partition (8388608 B) bound to node msk 0x4
2026-10-02 12:38:18.989 INFO  [199610] [kmercounter::ZipfianTest::run@336] shard 26: local key partition (8388608 B) bound to node msk 0x4
2026-10-02 12:38:18.989 INFO  [199612] [kmercounter::ZipfianTest::run@336] shard 28: local key partition (8388608 B) bound to node msk 0x4
2026-10-02 12:38:18.989 INFO  [199619] [kmercounter::ZipfianTest::run@336] shard 35: local key partition (8388608 B) bound to node msk 0x4
2026-10-02 12:38:18.989 INFO  [199643] [kmercounter::ZipfianTest::run@336] shard 59: local key partition (8388608 B) bound to node msk 0x4
2026-10-02 12:38:18.989 INFO  [199621] [kmercounter::ZipfianTest::run@336] shard 37: local key partition (8388608 B) bound to node msk 0x4
2026-10-02 12:38:18.989 INFO  [199622] [kmercounter::ZipfianTest::run@336] shard 38: local key partition (8388608 B) bound to node msk 0x4
2026-10-02 12:38:18.989 INFO  [199590] [kmercounter::ZipfianTest::run@336] shard 6: local key partition (8388608 B) bound to node msk 0x4
2026-10-02 12:38:18.989 INFO  [199589] [kmercounter::ZipfianTest::run@336] shard 5: local key partition (8388608 B) bound to node msk 0x4
2026-10-02 12:38:18.989 INFO  [199623] [kmercounter::ZipfianTest::run@336] shard 39: local key partition (8388608 B) bound to node msk 0x4
2026-10-02 12:38:18.989 INFO  [199588] [kmercounter::ZipfianTest::run@336] shard 4: local key partition (8388608 B) bound to node msk 0x4
2026-10-02 12:38:18.989 INFO  [199624] [kmercounter::ZipfianTest::run@336] shard 40: local key partition (8388608 B) bound to node msk 0x4
2026-10-02 12:38:18.989 INFO  [199597] [kmercounter::ZipfianTest::run@336] shard 13: local key partition (8388608 B) bound to node msk 0x4
2026-10-02 12:38:18.989 INFO  [199614] [kmercounter::ZipfianTest::run@336] shard 30: local key partition (8388608 B) bound to node msk 0x4
2026-10-02 12:38:18.989 INFO  [199625] [kmercounter::ZipfianTest::run@336] shard 41: local key partition (8388608 B) bound to node msk 0x4
2026-10-02 12:38:18.989 INFO  [199634] [kmercounter::ZipfianTest::run@336] shard 50: local key partition (8388608 B) bound to node msk 0x4
2026-10-02 12:38:18.989 INFO  [199620] [kmercounter::ZipfianTest::run@336] shard 36: local key partition (8388608 B) bound to node msk 0x4
2026-10-02 12:38:18.989 INFO  [199607] [kmercounter::ZipfianTest::run@336] shard 23: local key partition (8388608 B) bound to node msk 0x4
2026-10-02 12:38:18.989 INFO  [199626] [kmercounter::ZipfianTest::run@336] shard 42: local key partition (8388608 B) bound to node msk 0x4
2026-10-02 12:38:18.989 INFO  [199606] [kmercounter::ZipfianTest::run@336] shard 22: local key partition (8388608 B) bound to node msk 0x4
2026-10-02 12:38:18.989 INFO  [199629] [kmercounter::ZipfianTest::run@336] shard 45: local key partition (8388608 B) bound to node msk 0x4
2026-10-02 12:38:18.989 INFO  [199635] [kmercounter::ZipfianTest::run@336] shard 51: local key partition (8388608 B) bound to node msk 0x4
2026-10-02 12:38:18.989 INFO  [199611] [kmercounter::ZipfianTest::run@336] shard 27: local key partition (8388608 B) bound to node msk 0x4
2026-10-02 12:38:18.989 INFO  [199605] [kmercounter::ZipfianTest::run@336] shard 21: local key partition (8388608 B) bound to node msk 0x4
2026-10-02 12:38:18.988 INFO  [199595] [kmercounter::ZipfianTest::run@336] shard 11: local key partition (8388608 B) bound to node msk 0x4
2026-10-02 12:38:18.989 INFO  [199630] [kmercounter::ZipfianTest::run@336] shard 46: local key partition (8388608 B) bound to node msk 0x4
2026-10-02 12:38:18.989 INFO  [199603] [kmercounter::ZipfianTest::run@336] shard 19: local key partition (8388608 B) bound to node msk 0x4
2026-10-02 12:38:18.988 INFO  [199592] [kmercounter::ZipfianTest::run@336] shard 8: local key partition (8388608 B) bound to node msk 0x4
2026-10-02 12:38:18.989 INFO  [199585] [kmercounter::ZipfianTest::run@336] shard 1: local key partition (8388608 B) bound to node msk 0x4
2026-10-02 12:38:18.989 INFO  [199631] [kmercounter::ZipfianTest::run@336] shard 47: local key partition (8388608 B) bound to node msk 0x4
2026-10-02 12:38:18.989 INFO  [199616] [kmercounter::ZipfianTest::run@336] shard 32: local key partition (8388608 B) bound to node msk 0x4
2026-10-02 12:38:18.989 INFO  [199632] [kmercounter::ZipfianTest::run@336] shard 48: local key partition (8388608 B) bound to node msk 0x4
2026-10-02 12:38:18.989 INFO  [199615] [kmercounter::ZipfianTest::run@336] shard 31: local key partition (8388608 B) bound to node msk 0x4
2026-10-02 12:38:18.989 INFO  [199586] [kmercounter::ZipfianTest::run@336] shard 2: local key partition (8388608 B) bound to node msk 0x4
2026-10-02 12:38:18.989 INFO  [199596] [kmercounter::ZipfianTest::run@336] shard 12: local key partition (8388608 B) bound to node msk 0x4
2026-10-02 12:38:18.989 INFO  [199636] [kmercounter::ZipfianTest::run@336] shard 52: local key partition (8388608 B) bound to node msk 0x4
2026-10-02 12:38:18.989 INFO  [199633] [kmercounter::ZipfianTest::run@336] shard 49: local key partition (8388608 B) bound to node msk 0x4
2026-10-02 12:38:18.989 INFO  [199591] [kmercounter::ZipfianTest::run@336] shard 7: local key partition (8388608 B) bound to node msk 0x4
2026-10-02 12:38:18.989 INFO  [199599] [kmercounter::ZipfianTest::run@336] shard 15: local key partition (8388608 B) bound to node msk 0x4
2026-10-02 12:38:18.989 INFO  [199638] [kmercounter::ZipfianTest::run@336] shard 54: local key partition (8388608 B) bound to node msk 0x4
2026-10-02 12:38:18.989 INFO  [199639] [kmercounter::ZipfianTest::run@336] shard 55: local key partition (8388608 B) bound to node msk 0x4
2026-10-02 12:38:18.989 INFO  [199600] [kmercounter::ZipfianTest::run@336] shard 16: local key partition (8388608 B) bound to node msk 0x4
2026-10-02 12:38:18.989 INFO  [199640] [kmercounter::ZipfianTest::run@336] shard 56: local key partition (8388608 B) bound to node msk 0x4
2026-10-02 12:38:18.989 INFO  [199641] [kmercounter::ZipfianTest::run@336] shard 57: local key partition (8388608 B) bound to node msk 0x4
2026-10-02 12:38:18.989 INFO  [199601] [kmercounter::ZipfianTest::run@336] shard 17: local key partition (8388608 B) bound to node msk 0x4
2026-10-02 12:38:18.989 INFO  [199642] [kmercounter::ZipfianTest::run@336] shard 58: local key partition (8388608 B) bound to node msk 0x4
2026-10-02 12:38:18.989 INFO  [199594] [kmercounter::ZipfianTest::run@336] shard 10: local key partition (8388608 B) bound to node msk 0x4
2026-10-02 12:38:18.989 INFO  [199644] [kmercounter::ZipfianTest::run@336] shard 60: local key partition (8388608 B) bound to node msk 0x4
2026-10-02 12:38:18.989 INFO  [199645] [kmercounter::ZipfianTest::run@336] shard 61: local key partition (8388608 B) bound to node msk 0x4
2026-10-02 12:38:18.989 INFO  [199602] [kmercounter::ZipfianTest::run@336] shard 18: local key partition (8388608 B) bound to node msk 0x4
2026-10-02 12:38:18.989 INFO  [199618] [kmercounter::ZipfianTest::run@336] shard 34: local key partition (8388608 B) bound to node msk 0x4
2026-10-02 12:38:18.989 INFO  [199617] [kmercounter::ZipfianTest::run@336] shard 33: local key partition (8388608 B) bound to node msk 0x4
2026-10-02 12:38:19.008 INFO  [199548] [kmercounter::ZipfianTest::run@372] zipfian test insert start
2026-10-02 12:38:20.713 INFO  [199548] [kmercounter::ZipfianTest::run@378] zipfian test insert end
2026-10-02 12:38:20.713 INFO  [199548] [kmercounter::ZipfianTest::run@426] zipfian test find start
2026-10-02 12:38:22.055 INFO  [199548] [kmercounter::ZipfianTest::run@434] zipfian test find end
2026-10-02 12:38:22.971 INFO  [199548] [kmercounter::ZipfianTest::run@459] get fill 0.100
2026-10-02 12:38:23.884 INFO  [199548] [kmercounter::free_mem@256] 0x773640000000 with sz 8589934592 unmapped
2026-10-02 12:38:23.885 INFO  [199548] [kmercounter::print_stats@304] 
============================================
fill : 53687091, capacity : 536870912, fill_factor : 0.100000
global_find_cycle : 3621347502, find_ops : 5368709100, found : 5368709100
global_insert_cycle : 4604227466, insert_ops : 5368709100
set_cycles : 54, get_cycles : 43, set_mops : 3148, get_mops : 4002
============================================

