Requested per-thread size : ~256 MB
Clamped per-thread size   : 256 MB (Power of 2 & 2MB Aligned)

Spawning Thread 0 -> Pinned to CPU 0 (Node 0), Target Memory Node Mask 0x4
Spawning Thread 1 -> Pinned to CPU 2 (Node 0), Target Memory Node Mask 0x4
Spawning Thread 2 -> Pinned to CPU 4 (Node 0), Target Memory Node Mask 0x4
Spawning Thread 3 -> Pinned to CPU 6 (Node 0), Target Memory Node Mask 0x4
Spawning Thread 4 -> Pinned to CPU 8 (Node 0), Target Memory Node Mask 0x4
Spawning Thread 5 -> Pinned to CPU 10 (Node 0), Target Memory Node Mask 0x4
Spawning Thread 6 -> Pinned to CPU 12 (Node 0), Target Memory Node Mask 0x4
Spawning Thread 7 -> Pinned to CPU 14 (Node 0), Target Memory Node Mask 0x4

Setup: Spawning 8 threads.
Total memory allocated across all threads: 2048 MB.

-> [1/2] All threads allocated, bound to correct NUMA masks, and pinned to cores.
Start perf collection
End perf collection

============================================
Configuration   : Inst: 3 | Lookahead: 64 | Mode: READ
Mode            : RANDOM (CRC32 Stateless Hash)
Total Data Proc : 400.00 GB
Elapsed Cycles  : 11579258086
Time Taken      : 4.2886 seconds (based on 2.70 GHz)
Bandwidth       : 93.27 GB/s
--------------------------------------------
Cycles per access, by cpu node:
  node 0   :   13.72 cycles/access  (8 threads)
